80.246.106.4 - - [22/May/2015:15:17:09 +0000] "POST /wp-admin/admin-ajax.php HTTP/1.1" 200 47 "http://weblog.lo2k.net/wp-admin/index.php" "Mozilla/5.0 (Windows NT 6.1) AppleWebKit/537.36 (KHTML, like Gecko) Chrome/43.0.2357.65 Safari/537.36"
80.246.106.4 - - [22/May/2015:15:19:10 +0000] "POST /wp-admin/admin-ajax.php HTTP/1.1" 200 47 "http://weblog.lo2k.net/wp-admin/index.php" "Mozilla/5.0 (Windows NT 6.1) AppleWebKit/537.36 (KHTML, like Gecko) Chrome/43.0.2357.65 Safari/537.36"
80.246.106.4 - - [22/May/2015:15:21:11 +0000] "POST /wp-admin/admin-ajax.php HTTP/1.1" 200 47 "http://weblog.lo2k.net/wp-admin/index.php" "Mozilla/5.0 (Windows NT 6.1) AppleWebKit/537.36 (KHTML, like Gecko) Chrome/43.0.2357.65 Safari/537.36"
80.246.106.4 - - [22/May/2015:15:23:12 +0000] "POST /wp-admin/admin-ajax.php HTTP/1.1" 200 47 "http://weblog.lo2k.net/wp-admin/index.php" "Mozilla/5.0 (Windows NT 6.1) AppleWebKit/537.36 (KHTML, like Gecko) Chrome/43.0.2357.65 Safari/537.36"
80.246.106.4 - - [22/May/2015:15:25:12 +0000] "POST /wp-admin/admin-ajax.php HTTP/1.1" 200 47 "http://weblog.lo2k.net/wp-admin/index.php" "Mozilla/5.0 (Windows NT 6.1) AppleWebKit/537.36 (KHTML, like Gecko) Chrome/43.0.2357.65 Safari/537.36"
80.246.106.4 - - [22/May/2015:15:27:13 +0000] "POST /wp-admin/admin-ajax.php HTTP/1.1" 200 47 "http://weblog.lo2k.net/wp-admin/index.php" "Mozilla/5.0 (Windows NT 6.1) AppleWebKit/537.36 (KHTML, like Gecko) Chrome/43.0.2357.65 Safari/537.36"
123.125.71.58 - - [22/May/2015:15:27:19 +0000] "GET / HTTP/1.1" 200 3156 "-" "Mozilla/5.0 (Windows NT 5.1; rv:6.0.2) Gecko/20100101 Firefox/6.0.2"
123.125.71.60 - - [22/May/2015:15:28:43 +0000] "GET / HTTP/1.1" 200 9171 "-" "Mozilla/5.0 (Windows NT 5.1; rv:6.0.2) Gecko/20100101 Firefox/6.0.2"
80.246.106.4 - - [22/May/2015:15:29:14 +0000] "POST /wp-admin/admin-ajax.php HTTP/1.1" 200 47 "http://weblog.lo2k.net/wp-admin/index.php" "Mozilla/5.0 (Windows NT 6.1) AppleWebKit/537.36 (KHTML, like Gecko) Chrome/43.0.2357.65 Safari/537.36"
68.180.228.157 - - [22/May/2015:15:29:29 +0000] "GET /tag/gwt/feed/ HTTP/1.1" 200 410 "-" "Mozilla/5.0 (compatible; Yahoo! Slurp; http://help.yahoo.com/help/us/ysearch/slurp)"
68.180.228.157 - - [22/May/2015:15:30:18 +0000] "GET /2010/06/devinez-ce-que-cest/?replytocom=3685 HTTP/1.1" 404 3313 "-" "Mozilla/5.0 (compatible; Yahoo! Slurp; http://help.yahoo.com/help/us/ysearch/slurp)"
80.246.106.4 - - [22/May/2015:15:31:15 +0000] "POST /wp-admin/admin-ajax.php HTTP/1.1" 200 47 "http://weblog.lo2k.net/wp-admin/index.php" "Mozilla/5.0 (Windows NT 6.1) AppleWebKit/537.36 (KHTML, like Gecko) Chrome/43.0.2357.65 Safari/537.36"
80.246.106.4 - - [22/May/2015:15:33:16 +0000] "POST /wp-admin/admin-ajax.php HTTP/1.1" 200 47 "http://weblog.lo2k.net/wp-admin/index.php" "Mozilla/5.0 (Windows NT 6.1) AppleWebKit/537.36 (KHTML, like Gecko) Chrome/43.0.2357.65 Safari/537.36"
80.246.106.4 - - [22/May/2015:15:35:17 +0000] "POST /wp-admin/admin-ajax.php HTTP/1.1" 200 47 "http://weblog.lo2k.net/wp-admin/index.php" "Mozilla/5.0 (Windows NT 6.1) AppleWebKit/537.36 (KHTML, like Gecko) Chrome/43.0.2357.65 Safari/537.36"
80.246.106.4 - - [22/May/2015:15:37:18 +0000] "POST /wp-admin/admin-ajax.php HTTP/1.1" 200 47 "http://weblog.lo2k.net/wp-admin/index.php" "Mozilla/5.0 (Windows NT 6.1) AppleWebKit/537.36 (KHTML, like Gecko) Chrome/43.0.2357.65 Safari/537.36"
80.246.106.4 - - [22/May/2015:15:39:19 +0000] "POST /wp-admin/admin-ajax.php HTTP/1.1" 200 47 "http://weblog.lo2k.net/wp-admin/index.php" "Mozilla/5.0 (Windows NT 6.1) AppleWebKit/537.36 (KHTML, like Gecko) Chrome/43.0.2357.65 Safari/537.36"
80.246.106.4 - - [22/May/2015:15:41:20 +0000] "POST /wp-admin/admin-ajax.php HTTP/1.1" 200 47 "http://weblog.lo2k.net/wp-admin/index.php" "Mozilla/5.0 (Windows NT 6.1) AppleWebKit/537.36 (KHTML, like Gecko) Chrome/43.0.2357.65 Safari/537.36"
80.246.106.4 - - [22/May/2015:15:43:21 +0000] "POST /wp-admin/admin-ajax.php HTTP/1.1" 200 47 "http://weblog.lo2k.net/wp-admin/index.php" "Mozilla/5.0 (Windows NT 6.1) AppleWebKit/537.36 (KHTML, like Gecko) Chrome/43.0.2357.65 Safari/537.36"
184.169.148.148 - - [22/May/2015:15:45:15 +0000] "POST /wp-login.php HTTP/1.1" 200 3762 "-" "Mozilla/5.0 (compatible; Googlebot/2.1; +http://www.google.com/bot.html)"
80.246.106.4 - - [22/May/2015:15:45:22 +0000] "POST /wp-admin/admin-ajax.php HTTP/1.1" 200 47 "http://weblog.lo2k.net/wp-admin/index.php" "Mozilla/5.0 (Windows NT 6.1) AppleWebKit/537.36 (KHTML, like Gecko) Chrome/43.0.2357.65 Safari/537.36"
209.133.111.211 - - [22/May/2015:15:46:23 +0000] "GET /robots.txt HTTP/1.1" 200 35 "-" "python-requests/2.2.1 CPython/2.7.3 Linux/3.2.0-56-generic"
209.133.111.211 - - [22/May/2015:15:46:24 +0000] "GET /feed/ HTTP/1.1" 200 778 "-" "rogerbot/1.0 (http://www.moz.com/dp/rogerbot, rogerbot-crawler@moz.com)"
209.133.111.211 - - [22/May/2015:15:46:26 +0000] "GET /comments/feed/ HTTP/1.1" 200 714 "-" "rogerbot/1.0 (http://www.moz.com/dp/rogerbot, rogerbot-crawler@moz.com)"
80.246.106.4 - - [22/May/2015:15:47:23 +0000] "POST /wp-admin/admin-ajax.php HTTP/1.1" 200 47 "http://weblog.lo2k.net/wp-admin/index.php" "Mozilla/5.0 (Windows NT 6.1) AppleWebKit/537.36 (KHTML, like Gecko) Chrome/43.0.2357.65 Safari/537.36"
183.252.52.158 - - [22/May/2015:15:47:41 +0000] "GET /2009/02/ps3-slideshow-on-flickr-with-html5-canvas/ HTTP/1.1" 404 8941 "-" "Mozilla/4.0 (compatible; MSIE 6.0; Windows NT 5.1; SV1; TencentTraveler ; Mozilla/4.0 (compatible; MSIE 6.0; Windows NT 5.1; SV1) ; .NET CLR 2.0.50727)"
80.246.106.4 - - [22/May/2015:15:49:24 +0000] "POST /wp-admin/admin-ajax.php HTTP/1.1" 200 47 "http://weblog.lo2k.net/wp-admin/index.php" "Mozilla/5.0 (Windows NT 6.1) AppleWebKit/537.36 (KHTML, like Gecko) Chrome/43.0.2357.65 Safari/537.36"
66.249.79.118 - - [22/May/2015:15:50:09 +0000] "GET / HTTP/1.1" 200 3156 "-" "Mozilla/5.0 (compatible; Googlebot/2.1; +http://www.google.com/bot.html)"
66.249.79.118 - - [22/May/2015:15:50:15 +0000] "GET /wp-content/themes/twentyfifteen/genericons/genericons.css?ver=3.2 HTTP/1.1" 200 16580 "http://weblog.lo2k.net/" "Mozilla/5.0 (compatible; Googlebot/2.1; +http://www.google.com/bot.html)"
66.249.79.105 - - [22/May/2015:15:50:16 +0000] "GET /wp-content/themes/twentyfifteen/style.css?ver=4.2.2 HTTP/1.1" 200 13963 "http://weblog.lo2k.net/" "Mozilla/5.0 (compatible; Googlebot/2.1; +http://www.google.com/bot.html)"
66.249.79.118 - - [22/May/2015:15:50:17 +0000] "GET /wp-content/themes/twentyfifteen/js/skip-link-focus-fix.js?ver=20141010 HTTP/1.1" 200 445 "-" "Mozilla/5.0 (compatible; Googlebot/2.1; +http://www.google.com/bot.html)"
66.249.79.118 - - [22/May/2015:15:50:18 +0000] "GET /wp-includes/js/wp-emoji-release.min.js?ver=4.2.2 HTTP/1.1" 200 4284 "-" "Mozilla/5.0 (compatible; Googlebot/2.1; +http://www.google.com/bot.html)"
66.249.79.105 - - [22/May/2015:15:50:18 +0000] "GET /wp-content/themes/twentyfifteen/js/functions.js?ver=20150330 HTTP/1.1" 200 1597 "-" "Mozilla/5.0 (compatible; Googlebot/2.1; +http://www.google.com/bot.html)"
80.246.106.4 - - [22/May/2015:15:51:25 +0000] "POST /wp-admin/admin-ajax.php HTTP/1.1" 200 47 "http://weblog.lo2k.net/wp-admin/index.php" "Mozilla/5.0 (Windows NT 6.1) AppleWebKit/537.36 (KHTML, like Gecko) Chrome/43.0.2357.65 Safari/537.36"
80.246.106.4 - - [22/May/2015:15:53:26 +0000] "POST /wp-admin/admin-ajax.php HTTP/1.1" 200 47 "http://weblog.lo2k.net/wp-admin/index.php" "Mozilla/5.0 (Windows NT 6.1) AppleWebKit/537.36 (KHTML, like Gecko) Chrome/43.0.2357.65 Safari/537.36"
66.249.79.118 - - [22/May/2015:15:53:44 +0000] "GET /tag/html5/ HTTP/1.1" 404 3288 "-" "Mozilla/5.0 (compatible; Googlebot/2.1; +http://www.google.com/bot.html)"
209.133.111.215 - - [22/May/2015:15:53:49 +0000] "GET /robots.txt HTTP/1.1" 200 35 "-" "rogerbot/1.0 (http://moz.com/help/pro/what-is-rogerbot-, rogerbot-crawler+shiny@moz.com)"
209.133.111.215 - - [22/May/2015:15:53:50 +0000] "GET /2015/05/22/bonjour-tout-le-monde/ HTTP/1.1" 200 4480 "-" "rogerbot/1.0 (http://moz.com/help/pro/what-is-rogerbot-, rogerbot-crawler+shiny@moz.com)"
80.246.106.4 - - [22/May/2015:15:55:27 +0000] "POST /wp-admin/admin-ajax.php HTTP/1.1" 200 47 "http://weblog.lo2k.net/wp-admin/index.php" "Mozilla/5.0 (Windows NT 6.1) AppleWebKit/537.36 (KHTML, like Gecko) Chrome/43.0.2357.65 Safari/537.36"
66.249.79.105 - - [22/May/2015:15:57:24 +0000] "GET /2015/05/ HTTP/1.1" 200 3192 "-" "Mozilla/5.0 (compatible; Googlebot/2.1; +http://www.google.com/bot.html)"
80.246.106.4 - - [22/May/2015:15:57:28 +0000] "POST /wp-admin/admin-ajax.php HTTP/1.1" 200 47 "http://weblog.lo2k.net/wp-admin/index.php" "Mozilla/5.0 (Windows NT 6.1) AppleWebKit/537.36 (KHTML, like Gecko) Chrome/43.0.2357.65 Safari/537.36"
209.133.111.215 - - [22/May/2015:15:57:46 +0000] "GET /robots.txt HTTP/1.1" 200 35 "-" "rogerbot/1.0 (http://moz.com/help/pro/what-is-rogerbot-, rogerbot-crawler+shiny@moz.com)"
209.133.111.215 - - [22/May/2015:15:57:47 +0000] "GET /2015/05/22/bonjour-tout-le-monde/ HTTP/1.1" 200 4480 "-" "rogerbot/1.0 (http://moz.com/help/pro/what-is-rogerbot-, rogerbot-crawler+shiny@moz.com)"
66.249.79.118 - - [22/May/2015:15:58:00 +0000] "GET /wp-login.php HTTP/1.1" 200 1181 "-" "Mozilla/5.0 (compatible; Googlebot/2.1; +http://www.google.com/bot.html)"
66.249.79.105 - - [22/May/2015:15:58:31 +0000] "GET /category/non-classe/ HTTP/1.1" 404 3288 "-" "Mozilla/5.0 (compatible; Googlebot/2.1; +http://www.google.com/bot.html)"
66.249.79.131 - - [22/May/2015:15:59:11 +0000] "GET /2015/05/22/bonjour-tout-le-monde/ HTTP/1.1" 200 4480 "-" "Mozilla/5.0 (compatible; Googlebot/2.1; +http://www.google.com/bot.html)"
66.249.79.105 - - [22/May/2015:15:59:19 +0000] "GET /wp-includes/css/buttons.min.css?ver=4.2.2 HTTP/1.1" 200 1266 "http://weblog.lo2k.net/wp-login.php" "Mozilla/5.0 (compatible; Googlebot/2.1; +http://www.google.com/bot.html)"
66.249.79.105 - - [22/May/2015:15:59:20 +0000] "GET /wp-includes/css/dashicons.min.css?ver=4.2.2 HTTP/1.1" 200 27321 "http://weblog.lo2k.net/wp-login.php" "Mozilla/5.0 (compatible; Googlebot/2.1; +http://www.google.com/bot.html)"
66.249.79.131 - - [22/May/2015:15:59:22 +0000] "GET /wp-includes/js/comment-reply.min.js?ver=4.2.2 HTTP/1.1" 200 406 "http://weblog.lo2k.net/2015/05/22/bonjour-tout-le-monde/" "Mozilla/5.0 (compatible; Googlebot/2.1; +http://www.google.com/bot.html)"
66.249.79.131 - - [22/May/2015:15:59:23 +0000] "GET /wp-includes/js/jquery/jquery.js?ver=1.11.2 HTTP/1.1" 200 33287 "http://weblog.lo2k.net/2015/05/22/bonjour-tout-le-monde/" "Mozilla/5.0 (compatible; Googlebot/2.1; +http://www.google.com/bot.html)"
80.246.106.4 - - [22/May/2015:15:59:29 +0000] "POST /wp-admin/admin-ajax.php HTTP/1.1" 200 47 "http://weblog.lo2k.net/wp-admin/index.php" "Mozilla/5.0 (Windows NT 6.1) AppleWebKit/537.36 (KHTML, like Gecko) Chrome/43.0.2357.65 Safari/537.36"
66.249.79.118 - - [22/May/2015:16:01:01 +0000] "GET /author/xblaster/ HTTP/1.1" 200 3235 "-" "Mozilla/5.0 (compatible; Googlebot/2.1; +http://www.google.com/bot.html)"
80.246.106.4 - - [22/May/2015:16:01:30 +0000] "POST /wp-admin/admin-ajax.php HTTP/1.1" 200 47 "http://weblog.lo2k.net/wp-admin/index.php" "Mozilla/5.0 (Windows NT 6.1) AppleWebKit/537.36 (KHTML, like Gecko) Chrome/43.0.2357.65 Safari/537.36"
66.249.79.118 - - [22/May/2015:16:01:59 +0000] "GET /wp-login.php?action=lostpassword HTTP/1.1" 200 1114 "-" "Mozilla/5.0 (compatible; Googlebot/2.1; +http://www.google.com/bot.html)"
66.249.79.105 - - [22/May/2015:16:01:59 +0000] "GET /2010/04/4-raisons-davoir-choisi-un-telephone-sous-android-plutot-quun-iphone/comment-page-1/?replytocom=3585 HTTP/1.1" 404 3313 "-" "Mozilla/5.0 (compatible; Googlebot/2.1; +http://www.google.com/bot.html)"
66.249.79.131 - - [22/May/2015:16:02:27 +0000] "GET /2010/04/4-raisons-davoir-choisi-un-telephone-sous-android-plutot-quun-iphone/comment-page-1/?replytocom=3595 HTTP/1.1" 404 3313 "-" "Mozilla/5.0 (compatible; Googlebot/2.1; +http://www.google.com/bot.html)"
80.246.106.4 - - [22/May/2015:16:03:31 +0000] "POST /wp-admin/admin-ajax.php HTTP/1.1" 200 47 "http://weblog.lo2k.net/wp-admin/index.php" "Mozilla/5.0 (Windows NT 6.1) AppleWebKit/537.36 (KHTML, like Gecko) Chrome/43.0.2357.65 Safari/537.36"
66.249.79.118 - - [22/May/2015:16:04:15 +0000] "GET /2015/05/22/bonjour-tout-le-monde/feed/ HTTP/1.1" 200 681 "-" "Mozilla/5.0 (compatible; Googlebot/2.1; +http://www.google.com/bot.html)"
66.249.79.105 - - [22/May/2015:16:04:51 +0000] "GET /author/xblaster/feed/ HTTP/1.1" 200 793 "-" "Mozilla/5.0 (compatible; Googlebot/2.1; +http://www.google.com/bot.html)"
80.246.106.4 - - [22/May/2015:16:05:32 +0000] "POST /wp-admin/admin-ajax.php HTTP/1.1" 200 47 "http://weblog.lo2k.net/wp-admin/index.php" "Mozilla/5.0 (Windows NT 6.1) AppleWebKit/537.36 (KHTML, like Gecko) Chrome/43.0.2357.65 Safari/537.36"
80.246.106.4 - - [22/May/2015:16:07:33 +0000] "POST /wp-admin/admin-ajax.php HTTP/1.1" 200 47 "http://weblog.lo2k.net/wp-admin/index.php" "Mozilla/5.0 (Windows NT 6.1) AppleWebKit/537.36 (KHTML, like Gecko) Chrome/43.0.2357.65 Safari/537.36"
66.249.79.118 - - [22/May/2015:16:07:37 +0000] "GET /2010/04/4-raisons-davoir-choisi-un-telephone-sous-android-plutot-quun-iphone/comment-page-1/?replytocom=3584 HTTP/1.1" 404 3313 "-" "Mozilla/5.0 (compatible; Googlebot/2.1; +http://www.google.com/bot.html)"
80.246.106.4 - - [22/May/2015:16:09:34 +0000] "POST /wp-admin/admin-ajax.php HTTP/1.1" 200 47 "http://weblog.lo2k.net/wp-admin/index.php" "Mozilla/5.0 (Windows NT 6.1) AppleWebKit/537.36 (KHTML, like Gecko) Chrome/43.0.2357.65 Safari/537.36"
80.246.106.4 - - [22/May/2015:16:11:35 +0000] "POST /wp-admin/admin-ajax.php HTTP/1.1" 200 47 "http://weblog.lo2k.net/wp-admin/index.php" "Mozilla/5.0 (Windows NT 6.1) AppleWebKit/537.36 (KHTML, like Gecko) Chrome/43.0.2357.65 Safari/537.36"
80.246.106.4 - - [22/May/2015:16:13:36 +0000] "POST /wp-admin/admin-ajax.php HTTP/1.1" 200 47 "http://weblog.lo2k.net/wp-admin/index.php" "Mozilla/5.0 (Windows NT 6.1) AppleWebKit/537.36 (KHTML, like Gecko) Chrome/43.0.2357.65 Safari/537.36"
80.246.106.4 - - [22/May/2015:16:15:37 +0000] "POST /wp-admin/admin-ajax.php HTTP/1.1" 200 47 "http://weblog.lo2k.net/wp-admin/index.php" "Mozilla/5.0 (Windows NT 6.1) AppleWebKit/537.36 (KHTML, like Gecko) Chrome/43.0.2357.65 Safari/537.36"
66.249.79.105 - - [22/May/2015:16:15:52 +0000] "GET /2010/04/4-raisons-davoir-choisi-un-telephone-sous-android-plutot-quun-iphone/comment-page-1/?replytocom=3596 HTTP/1.1" 404 3313 "-" "Mozilla/5.0 (compatible; Googlebot/2.1; +http://www.google.com/bot.html)"
80.246.106.4 - - [22/May/2015:16:17:38 +0000] "POST /wp-admin/admin-ajax.php HTTP/1.1" 200 47 "http://weblog.lo2k.net/wp-admin/index.php" "Mozilla/5.0 (Windows NT 6.1) AppleWebKit/537.36 (KHTML, like Gecko) Chrome/43.0.2357.65 Safari/537.36"
207.46.13.65 - - [22/May/2015:16:18:10 +0000] "GET /robots.txt HTTP/1.1" 200 35 "-" "Mozilla/5.0 (compatible; bingbot/2.0; +http://www.bing.com/bingbot.htm)"
66.249.79.118 - - [22/May/2015:16:18:21 +0000] "GET /2010/04/4-raisons-davoir-choisi-un-telephone-sous-android-plutot-quun-iphone/comment-page-1/?replytocom=3594 HTTP/1.1" 404 3313 "-" "Mozilla/5.0 (compatible; Googlebot/2.1; +http://www.google.com/bot.html)"
80.246.106.4 - - [22/May/2015:16:19:39 +0000] "POST /wp-admin/admin-ajax.php HTTP/1.1" 200 47 "http://weblog.lo2k.net/wp-admin/index.php" "Mozilla/5.0 (Windows NT 6.1) AppleWebKit/537.36 (KHTML, like Gecko) Chrome/43.0.2357.65 Safari/537.36"
80.246.106.4 - - [22/May/2015:16:21:40 +0000] "POST /wp-admin/admin-ajax.php HTTP/1.1" 200 47 "http://weblog.lo2k.net/wp-admin/index.php" "Mozilla/5.0 (Windows NT 6.1) AppleWebKit/537.36 (KHTML, like Gecko) Chrome/43.0.2357.65 Safari/537.36"
91.200.12.117 - - [22/May/2015:16:23:33 +0000] "GET / HTTP/1.1" 200 3156 "-" "Mozilla/4.0 (compatible; MSIE 6.0; Windows NT 5.1)"
91.200.12.117 - - [22/May/2015:16:23:34 +0000] "POST /trackback/ HTTP/1.1" 404 3288 "http://weblog.lo2k.net" "Mozilla/4.0 (compatible; MSIE 6.0; Windows NT 5.1; SV1; Mozilla/4.0 (compatible; MSIE 6.0; Windows NT 5.1; SV1) )"
80.246.106.4 - - [22/May/2015:16:23:41 +0000] "POST /wp-admin/admin-ajax.php HTTP/1.1" 200 47 "http://weblog.lo2k.net/wp-admin/index.php" "Mozilla/5.0 (Windows NT 6.1) AppleWebKit/537.36 (KHTML, like Gecko) Chrome/43.0.2357.65 Safari/537.36"
192.99.144.140 - - [22/May/2015:16:25:07 +0000] "GET /webdav/ HTTP/1.1" 404 177 "-" "Mozilla/5.0 (Windows; U; Windows NT 5.1; en-US; rv:1.9.2.12) Gecko/20101026 Firefox/3.6.12"
80.246.106.4 - - [22/May/2015:16:25:42 +0000] "POST /wp-admin/admin-ajax.php HTTP/1.1" 200 47 "http://weblog.lo2k.net/wp-admin/index.php" "Mozilla/5.0 (Windows NT 6.1) AppleWebKit/537.36 (KHTML, like Gecko) Chrome/43.0.2357.65 Safari/537.36"
46.151.52.37 - - [22/May/2015:16:26:03 +0000] "GET /2010/04/4-raisons-davoir-choisi-un-telephone-sous-android-plutot-quun-iphone/ HTTP/1.0" 404 8921 "http://weblog.lo2k.net/2010/04/4-raisons-davoir-choisi-un-telephone-sous-android-plutot-quun-iphone/" "Mozilla/5.0 (Windows NT 6.2; WOW64) AppleWebKit/537.36 (KHTML, like Gecko) Chrome/39.0.2171.71 Safari/537.36"
46.151.52.37 - - [22/May/2015:16:26:03 +0000] "GET / HTTP/1.0" 200 9151 "http://weblog.lo2k.net/" "Mozilla/5.0 (Windows NT 6.2; WOW64) AppleWebKit/537.36 (KHTML, like Gecko) Chrome/39.0.2171.71 Safari/537.36"
80.246.106.4 - - [22/May/2015:16:27:43 +0000] "POST /wp-admin/admin-ajax.php HTTP/1.1" 200 47 "http://weblog.lo2k.net/wp-admin/index.php" "Mozilla/5.0 (Windows NT 6.1) AppleWebKit/537.36 (KHTML, like Gecko) Chrome/43.0.2357.65 Safari/537.36"
80.246.106.4 - - [22/May/2015:16:29:44 +0000] "POST /wp-admin/admin-ajax.php HTTP/1.1" 200 47 "http://weblog.lo2k.net/wp-admin/index.php" "Mozilla/5.0 (Windows NT 6.1) AppleWebKit/537.36 (KHTML, like Gecko) Chrome/43.0.2357.65 Safari/537.36"
80.246.106.4 - - [22/May/2015:16:31:45 +0000] "POST /wp-admin/admin-ajax.php HTTP/1.1" 200 47 "http://weblog.lo2k.net/wp-admin/index.php" "Mozilla/5.0 (Windows NT 6.1) AppleWebKit/537.36 (KHTML, like Gecko) Chrome/43.0.2357.65 Safari/537.36"
80.246.106.4 - - [22/May/2015:16:33:46 +0000] "POST /wp-admin/admin-ajax.php HTTP/1.1" 200 47 "http://weblog.lo2k.net/wp-admin/index.php" "Mozilla/5.0 (Windows NT 6.1) AppleWebKit/537.36 (KHTML, like Gecko) Chrome/43.0.2357.65 Safari/537.36"
80.246.106.4 - - [22/May/2015:16:35:47 +0000] "POST /wp-admin/admin-ajax.php HTTP/1.1" 200 47 "http://weblog.lo2k.net/wp-admin/index.php" "Mozilla/5.0 (Windows NT 6.1) AppleWebKit/537.36 (KHTML, like Gecko) Chrome/43.0.2357.65 Safari/537.36"
80.246.106.4 - - [22/May/2015:16:37:48 +0000] "POST /wp-admin/admin-ajax.php HTTP/1.1" 200 47 "http://weblog.lo2k.net/wp-admin/index.php" "Mozilla/5.0 (Windows NT 6.1) AppleWebKit/537.36 (KHTML, like Gecko) Chrome/43.0.2357.65 Safari/537.36"
66.249.79.105 - - [22/May/2015:16:37:57 +0000] "GET /2010/04/4-raisons-davoir-choisi-un-telephone-sous-android-plutot-quun-iphone/comment-page-1/?replytocom=3591 HTTP/1.1" 404 3313 "-" "Mozilla/5.0 (compatible; Googlebot/2.1; +http://www.google.com/bot.html)"
80.246.106.4 - - [22/May/2015:16:39:48 +0000] "POST /wp-admin/admin-ajax.php HTTP/1.1" 200 47 "http://weblog.lo2k.net/wp-admin/index.php" "Mozilla/5.0 (Windows NT 6.1) AppleWebKit/537.36 (KHTML, like Gecko) Chrome/43.0.2357.65 Safari/537.36"
46.229.164.111 - - [22/May/2015:16:40:04 +0000] "GET /robots.txt HTTP/1.1" 404 151 "-" "Mozilla/5.0 (compatible; SemrushBot/0.98~bl; +http://www.semrush.com/bot.html)"
66.249.79.131 - - [22/May/2015:16:40:35 +0000] "GET /2010/04/4-raisons-davoir-choisi-un-telephone-sous-android-plutot-quun-iphone/comment-page-1/?replytocom=3597 HTTP/1.1" 404 3313 "-" "Mozilla/5.0 (compatible; Googlebot/2.1; +http://www.google.com/bot.html)"
66.249.79.118 - - [22/May/2015:16:41:34 +0000] "GET /2010/06/devinez-ce-que-cest/ HTTP/1.1" 404 3288 "-" "Mozilla/5.0 (compatible; Googlebot/2.1; +http://www.google.com/bot.html)"
80.246.106.4 - - [22/May/2015:16:41:49 +0000] "POST /wp-admin/admin-ajax.php HTTP/1.1" 200 47 "http://weblog.lo2k.net/wp-admin/index.php" "Mozilla/5.0 (Windows NT 6.1) AppleWebKit/537.36 (KHTML, like Gecko) Chrome/43.0.2357.65 Safari/537.36"
180.76.15.11 - - [22/May/2015:16:41:50 +0000] "GET /tag/code/ HTTP/1.1" 404 3288 "-" "Mozilla/5.0 (compatible; Baiduspider/2.0; +http://www.baidu.com/search/spider.html)"
66.249.79.212 - - [22/May/2015:16:43:17 +0000] "GET / HTTP/1.1" 200 5 "-" "SAMSUNG-SGH-E250/1.0 Profile/MIDP-2.0 Configuration/CLDC-1.1 UP.Browser/6.2.3.3.c.1.101 (GUI) MMP/2.0 (compatible; Googlebot-Mobile/2.1; +http://www.google.com/bot.html)"
80.246.106.4 - - [22/May/2015:16:43:50 +0000] "POST /wp-admin/admin-ajax.php HTTP/1.1" 200 47 "http://weblog.lo2k.net/wp-admin/index.php" "Mozilla/5.0 (Windows NT 6.1) AppleWebKit/537.36 (KHTML, like Gecko) Chrome/43.0.2357.65 Safari/537.36"
66.249.79.105 - - [22/May/2015:16:45:05 +0000] "GET /2010/04/4-raisons-davoir-choisi-un-telephone-sous-android-plutot-quun-iphone/comment-page-1/?replytocom=3593 HTTP/1.1" 404 3313 "-" "Mozilla/5.0 (compatible; Googlebot/2.1; +http://www.google.com/bot.html)"
80.246.106.4 - - [22/May/2015:16:45:51 +0000] "POST /wp-admin/admin-ajax.php HTTP/1.1" 200 47 "http://weblog.lo2k.net/wp-admin/index.php" "Mozilla/5.0 (Windows NT 6.1) AppleWebKit/537.36 (KHTML, like Gecko) Chrome/43.0.2357.65 Safari/537.36"
66.249.79.105 - - [22/May/2015:16:47:17 +0000] "GET /2010/04/4-raisons-davoir-choisi-un-telephone-sous-android-plutot-quun-iphone/comment-page-1/?replytocom=3588 HTTP/1.1" 404 3313 "-" "Mozilla/5.0 (compatible; Googlebot/2.1; +http://www.google.com/bot.html)"
80.246.106.4 - - [22/May/2015:16:47:52 +0000] "POST /wp-admin/admin-ajax.php HTTP/1.1" 200 47 "http://weblog.lo2k.net/wp-admin/index.php" "Mozilla/5.0 (Windows NT 6.1) AppleWebKit/537.36 (KHTML, like Gecko) Chrome/43.0.2357.65 Safari/537.36"
80.246.106.4 - - [22/May/2015:16:49:53 +0000] "POST /wp-admin/admin-ajax.php HTTP/1.1" 200 47 "http://weblog.lo2k.net/wp-admin/index.php" "Mozilla/5.0 (Windows NT 6.1) AppleWebKit/537.36 (KHTML, like Gecko) Chrome/43.0.2357.65 Safari/537.36"
46.229.164.113 - - [22/May/2015:16:50:18 +0000] "GET /robots.txt HTTP/1.1" 404 151 "-" "Mozilla/5.0 (compatible; SemrushBot/0.98~bl; +http://www.semrush.com/bot.html)"
80.246.106.4 - - [22/May/2015:16:51:54 +0000] "POST /wp-admin/admin-ajax.php HTTP/1.1" 200 47 "http://weblog.lo2k.net/wp-admin/index.php" "Mozilla/5.0 (Windows NT 6.1) AppleWebKit/537.36 (KHTML, like Gecko) Chrome/43.0.2357.65 Safari/537.36"
66.249.79.118 - - [22/May/2015:16:52:35 +0000] "GET /2010/04/4-raisons-davoir-choisi-un-telephone-sous-android-plutot-quun-iphone/comment-page-1/ HTTP/1.1" 404 3288 "-" "Mozilla/5.0 (compatible; Googlebot/2.1; +http://www.google.com/bot.html)"
80.246.106.4 - - [22/May/2015:16:53:55 +0000] "POST /wp-admin/admin-ajax.php HTTP/1.1" 200 47 "http://weblog.lo2k.net/wp-admin/index.php" "Mozilla/5.0 (Windows NT 6.1) AppleWebKit/537.36 (KHTML, like Gecko) Chrome/43.0.2357.65 Safari/537.36"
66.249.79.188 - - [22/May/2015:16:55:32 +0000] "GET / HTTP/1.1" 200 5 "-" "DoCoMo/2.0 N905i(c100;TB;W24H16) (compatible; Googlebot-Mobile/2.1; +http://www.google.com/bot.html)"
80.246.106.4 - - [22/May/2015:16:55:56 +0000] "POST /wp-admin/admin-ajax.php HTTP/1.1" 200 47 "http://weblog.lo2k.net/wp-admin/index.php" "Mozilla/5.0 (Windows NT 6.1) AppleWebKit/537.36 (KHTML, like Gecko) Chrome/43.0.2357.65 Safari/537.36"
80.246.106.4 - - [22/May/2015:16:57:57 +0000] "POST /wp-admin/admin-ajax.php HTTP/1.1" 200 47 "http://weblog.lo2k.net/wp-admin/index.php" "Mozilla/5.0 (Windows NT 6.1) AppleWebKit/537.36 (KHTML, like Gecko) Chrome/43.0.2357.65 Safari/537.36"
80.246.106.4 - - [22/May/2015:16:59:58 +0000] "POST /wp-admin/admin-ajax.php HTTP/1.1" 200 47 "http://weblog.lo2k.net/wp-admin/index.php" "Mozilla/5.0 (Windows NT 6.1) AppleWebKit/537.36 (KHTML, like Gecko) Chrome/43.0.2357.65 Safari/537.36"
80.246.106.4 - - [22/May/2015:17:01:59 +0000] "POST /wp-admin/admin-ajax.php HTTP/1.1" 200 47 "http://weblog.lo2k.net/wp-admin/index.php" "Mozilla/5.0 (Windows NT 6.1) AppleWebKit/537.36 (KHTML, like Gecko) Chrome/43.0.2357.65 Safari/537.36"
80.246.106.4 - - [22/May/2015:17:03:59 +0000] "POST /wp-admin/admin-ajax.php HTTP/1.1" 200 47 "http://weblog.lo2k.net/wp-admin/index.php" "Mozilla/5.0 (Windows NT 6.1) AppleWebKit/537.36 (KHTML, like Gecko) Chrome/43.0.2357.65 Safari/537.36"
66.249.79.105 - - [22/May/2015:17:04:56 +0000] "GET /2010/04/4-raisons-davoir-choisi-un-telephone-sous-android-plutot-quun-iphone/comment-page-1/?replytocom=3607 HTTP/1.1" 404 3313 "-" "Mozilla/5.0 (compatible; Googlebot/2.1; +http://www.google.com/bot.html)"
80.246.106.4 - - [22/May/2015:17:06:00 +0000] "POST /wp-admin/admin-ajax.php HTTP/1.1" 200 47 "http://weblog.lo2k.net/wp-admin/index.php" "Mozilla/5.0 (Windows NT 6.1) AppleWebKit/537.36 (KHTML, like Gecko) Chrome/43.0.2357.65 Safari/537.36"
80.246.106.4 - - [22/May/2015:17:08:01 +0000] "POST /wp-admin/admin-ajax.php HTTP/1.1" 200 47 "http://weblog.lo2k.net/wp-admin/index.php" "Mozilla/5.0 (Windows NT 6.1) AppleWebKit/537.36 (KHTML, like Gecko) Chrome/43.0.2357.65 Safari/537.36"
66.249.79.105 - - [22/May/2015:17:08:21 +0000] "GET /2010/04/4-raisons-davoir-choisi-un-telephone-sous-android-plutot-quun-iphone/comment-page-1/?replytocom=3600 HTTP/1.1" 404 3313 "-" "Mozilla/5.0 (compatible; Googlebot/2.1; +http://www.google.com/bot.html)"
50.93.249.65 - - [22/May/2015:17:08:26 +0000] "POST /wp-login.php HTTP/1.1" 200 3762 "-" "Mozilla/5.0 (compatible; Googlebot/2.1; +http://www.google.com/bot.html)"
66.249.79.105 - - [22/May/2015:17:09:31 +0000] "GET /tag/guice/ HTTP/1.1" 404 3288 "-" "Mozilla/5.0 (compatible; Googlebot/2.1; +http://www.google.com/bot.html)"
66.249.79.131 - - [22/May/2015:17:09:43 +0000] "GET /mobile/ HTTP/1.1" 404 3288 "-" "Mozilla/5.0 (compatible; Googlebot/2.1; +http://www.google.com/bot.html)"
80.246.106.4 - - [22/May/2015:17:10:01 +0000] "POST /wp-admin/admin-ajax.php HTTP/1.1" 200 47 "http://weblog.lo2k.net/wp-admin/index.php" "Mozilla/5.0 (Windows NT 6.1) AppleWebKit/537.36 (KHTML, like Gecko) Chrome/43.0.2357.65 Safari/537.36"
80.246.106.4 - - [22/May/2015:17:12:02 +0000] "POST /wp-admin/admin-ajax.php HTTP/1.1" 200 47 "http://weblog.lo2k.net/wp-admin/index.php" "Mozilla/5.0 (Windows NT 6.1) AppleWebKit/537.36 (KHTML, like Gecko) Chrome/43.0.2357.65 Safari/537.36"
80.246.106.4 - - [22/May/2015:17:14:03 +0000] "POST /wp-admin/admin-ajax.php HTTP/1.1" 200 47 "http://weblog.lo2k.net/wp-admin/index.php" "Mozilla/5.0 (Windows NT 6.1) AppleWebKit/537.36 (KHTML, like Gecko) Chrome/43.0.2357.65 Safari/537.36"
80.246.106.4 - - [22/May/2015:17:16:04 +0000] "POST /wp-admin/admin-ajax.php HTTP/1.1" 200 47 "http://weblog.lo2k.net/wp-admin/index.php" "Mozilla/5.0 (Windows NT 6.1) AppleWebKit/537.36 (KHTML, like Gecko) Chrome/43.0.2357.65 Safari/537.36"
80.82.70.24 - - [22/May/2015:17:16:44 +0000] "\x00" 400 181 "-" "-"
80.82.70.24 - - [22/May/2015:17:16:44 +0000] "GET http://httpheader.net HTTP/1.1" 200 5 "-" "Mozilla/5.0 (Windows; U; Windows NT 6.1; en-US; rv:1.9.2.28) Gecko/20120306 Firefox/3.6.28 (.NET CLR 3.5.30729)"
80.82.70.24 - - [22/May/2015:17:16:45 +0000] "\x04\x01\x00P\xC0c\xF660\x00" 400 181 "-" "-"
80.82.70.24 - - [22/May/2015:17:16:45 +0000] "\x04\x01\x00P\xC0c\xF660\x00" 400 181 "-" "-"
80.82.70.24 - - [22/May/2015:17:16:46 +0000] "\x05\x01\x00" 400 181 "-" "-"
46.151.52.32 - - [22/May/2015:17:17:20 +0000] "GET /2010/04/4-raisons-davoir-choisi-un-telephone-sous-android-plutot-quun-iphone/ HTTP/1.0" 404 8921 "http://weblog.lo2k.net/2010/04/4-raisons-davoir-choisi-un-telephone-sous-android-plutot-quun-iphone/" "Mozilla/5.0 (Windows NT 6.1; WOW64) AppleWebKit/537.36 (KHTML, like Gecko) Chrome/39.0.2171.65 Safari/537.36"
46.151.52.32 - - [22/May/2015:17:17:20 +0000] "GET / HTTP/1.0" 200 9151 "http://weblog.lo2k.net/" "Mozilla/5.0 (Windows NT 6.1; WOW64) AppleWebKit/537.36 (KHTML, like Gecko) Chrome/39.0.2171.65 Safari/537.36"
123.125.71.115 - - [22/May/2015:17:17:27 +0000] "GET / HTTP/1.1" 200 5 "-" "Mozilla/5.0 (Windows NT 5.1; rv:6.0.2) Gecko/20100101 Firefox/6.0.2"
80.246.106.4 - - [22/May/2015:17:18:05 +0000] "POST /wp-admin/admin-ajax.php HTTP/1.1" 200 47 "http://weblog.lo2k.net/wp-admin/index.php" "Mozilla/5.0 (Windows NT 6.1) AppleWebKit/537.36 (KHTML, like Gecko) Chrome/43.0.2357.65 Safari/537.36"
66.249.79.131 - - [22/May/2015:17:20:03 +0000] "GET /2010/04/4-raisons-davoir-choisi-un-telephone-sous-android-plutot-quun-iphone/comment-page-1/?replytocom=3601 HTTP/1.1" 404 3313 "-" "Mozilla/5.0 (compatible; Googlebot/2.1; +http://www.google.com/bot.html)"
80.246.106.4 - - [22/May/2015:17:20:06 +0000] "POST /wp-admin/admin-ajax.php HTTP/1.1" 200 47 "http://weblog.lo2k.net/wp-admin/index.php" "Mozilla/5.0 (Windows NT 6.1) AppleWebKit/537.36 (KHTML, like Gecko) Chrome/43.0.2357.65 Safari/537.36"
80.246.106.4 - - [22/May/2015:17:22:07 +0000] "POST /wp-admin/admin-ajax.php HTTP/1.1" 200 47 "http://weblog.lo2k.net/wp-admin/index.php" "Mozilla/5.0 (Windows NT 6.1) AppleWebKit/537.36 (KHTML, like Gecko) Chrome/43.0.2357.65 Safari/537.36"
80.246.106.4 - - [22/May/2015:17:24:08 +0000] "POST /wp-admin/admin-ajax.php HTTP/1.1" 200 47 "http://weblog.lo2k.net/wp-admin/index.php" "Mozilla/5.0 (Windows NT 6.1) AppleWebKit/537.36 (KHTML, like Gecko) Chrome/43.0.2357.65 Safari/537.36"
68.180.228.157 - - [22/May/2015:17:24:09 +0000] "GET /2010/02/5-outils-que-jai-decouvert-en-5-mois-de-java/ HTTP/1.1" 404 3288 "-" "Mozilla/5.0 (compatible; Yahoo! Slurp; http://help.yahoo.com/help/us/ysearch/slurp)"
46.229.164.111 - - [22/May/2015:17:24:47 +0000] "GET /robots.txt HTTP/1.1" 200 35 "-" "Mozilla/5.0 (compatible; SemrushBot/0.98~bl; +http://www.semrush.com/bot.html)"
80.246.106.4 - - [22/May/2015:17:26:09 +0000] "POST /wp-admin/admin-ajax.php HTTP/1.1" 200 47 "http://weblog.lo2k.net/wp-admin/index.php" "Mozilla/5.0 (Windows NT 6.1) AppleWebKit/537.36 (KHTML, like Gecko) Chrome/43.0.2357.65 Safari/537.36"
66.249.79.118 - - [22/May/2015:17:26:52 +0000] "GET /2010/04/4-raisons-davoir-choisi-un-telephone-sous-android-plutot-quun-iphone/comment-page-1/?replytocom=3589 HTTP/1.1" 404 3313 "-" "Mozilla/5.0 (compatible; Googlebot/2.1; +http://www.google.com/bot.html)"
80.246.106.4 - - [22/May/2015:17:28:10 +0000] "POST /wp-admin/admin-ajax.php HTTP/1.1" 200 47 "http://weblog.lo2k.net/wp-admin/index.php" "Mozilla/5.0 (Windows NT 6.1) AppleWebKit/537.36 (KHTML, like Gecko) Chrome/43.0.2357.65 Safari/537.36"
220.181.108.103 - - [22/May/2015:17:28:26 +0000] "GET / HTTP/1.1" 200 5 "-" "Mozilla/5.0 (Windows NT 5.1; rv:6.0.2) Gecko/20100101 Firefox/6.0.2"
80.246.106.4 - - [22/May/2015:17:30:11 +0000] "POST /wp-admin/admin-ajax.php HTTP/1.1" 200 47 "http://weblog.lo2k.net/wp-admin/index.php" "Mozilla/5.0 (Windows NT 6.1) AppleWebKit/537.36 (KHTML, like Gecko) Chrome/43.0.2357.65 Safari/537.36"
66.249.79.131 - - [22/May/2015:17:30:30 +0000] "GET /2010/04/4-raisons-davoir-choisi-un-telephone-sous-android-plutot-quun-iphone/comment-page-1/?replytocom=3590 HTTP/1.1" 404 3313 "-" "Mozilla/5.0 (compatible; Googlebot/2.1; +http://www.google.com/bot.html)"
80.246.106.4 - - [22/May/2015:17:32:12 +0000] "POST /wp-admin/admin-ajax.php HTTP/1.1" 200 47 "http://weblog.lo2k.net/wp-admin/index.php" "Mozilla/5.0 (Windows NT 6.1) AppleWebKit/537.36 (KHTML, like Gecko) Chrome/43.0.2357.65 Safari/537.36"
157.55.39.25 - - [22/May/2015:17:32:36 +0000] "GET /2010/04/4-raisons-davoir-choisi-un-telephone-sous-android-plutot-quun-iphone/ HTTP/1.1" 404 3288 "-" "Mozilla/5.0 (compatible; bingbot/2.0; +http://www.bing.com/bingbot.htm)"
80.246.106.4 - - [22/May/2015:17:34:13 +0000] "POST /wp-admin/admin-ajax.php HTTP/1.1" 200 47 "http://weblog.lo2k.net/wp-admin/index.php" "Mozilla/5.0 (Windows NT 6.1) AppleWebKit/537.36 (KHTML, like Gecko) Chrome/43.0.2357.65 Safari/537.36"
80.246.106.4 - - [22/May/2015:17:36:14 +0000] "POST /wp-admin/admin-ajax.php HTTP/1.1" 200 47 "http://weblog.lo2k.net/wp-admin/index.php" "Mozilla/5.0 (Windows NT 6.1) AppleWebKit/537.36 (KHTML, like Gecko) Chrome/43.0.2357.65 Safari/537.36"
66.249.79.118 - - [22/May/2015:17:37:47 +0000] "GET /2010/06/css3-et-degradation-de-design-pour-ie-ca-commence/ HTTP/1.1" 404 3288 "-" "Mozilla/5.0 (compatible; Googlebot/2.1; +http://www.google.com/bot.html)"
80.246.106.4 - - [22/May/2015:17:38:15 +0000] "POST /wp-admin/admin-ajax.php HTTP/1.1" 200 47 "http://weblog.lo2k.net/wp-admin/index.php" "Mozilla/5.0 (Windows NT 6.1) AppleWebKit/537.36 (KHTML, like Gecko) Chrome/43.0.2357.65 Safari/537.36"
67.22.36.36 - - [22/May/2015:17:39:10 +0000] "GET /2010/04/4-raisons-davoir-choisi-un-telephone-sous-android-plutot-quun-iphone/ HTTP/1.0" 404 8921 "http://weblog.lo2k.net/" "Mozilla/5.0 (Android; Mobile; rv:34.0) Gecko/34.0 Firefox/34.0"
67.22.36.36 - - [22/May/2015:17:39:11 +0000] "GET / HTTP/1.1" 200 3156 "http://weblog.lo2k.net" "Mozilla/5.0 (Android; Mobile; rv:34.0) Gecko/34.0 Firefox/34.0"
80.246.106.4 - - [22/May/2015:17:40:15 +0000] "POST /wp-admin/admin-ajax.php HTTP/1.1" 200 47 "http://weblog.lo2k.net/wp-admin/index.php" "Mozilla/5.0 (Windows NT 6.1) AppleWebKit/537.36 (KHTML, like Gecko) Chrome/43.0.2357.65 Safari/537.36"
80.246.106.4 - - [22/May/2015:17:42:16 +0000] "POST /wp-admin/admin-ajax.php HTTP/1.1" 200 47 "http://weblog.lo2k.net/wp-admin/index.php" "Mozilla/5.0 (Windows NT 6.1) AppleWebKit/537.36 (KHTML, like Gecko) Chrome/43.0.2357.65 Safari/537.36"
66.249.79.118 - - [22/May/2015:17:44:00 +0000] "GET /2010/04/4-raisons-davoir-choisi-un-telephone-sous-android-plutot-quun-iphone/comment-page-1/?replytocom=3586 HTTP/1.1" 404 3313 "-" "Mozilla/5.0 (compatible; Googlebot/2.1; +http://www.google.com/bot.html)"
80.246.106.4 - - [22/May/2015:17:44:17 +0000] "POST /wp-admin/admin-ajax.php HTTP/1.1" 200 47 "http://weblog.lo2k.net/wp-admin/index.php" "Mozilla/5.0 (Windows NT 6.1) AppleWebKit/537.36 (KHTML, like Gecko) Chrome/43.0.2357.65 Safari/537.36"
124.73.136.156 - - [22/May/2015:17:45:11 +0000] "GET /2013/04/node-tetrinet-released/ HTTP/1.1" 404 3288 "-" "Mozilla/4.0 (compatible; MSIE 6.0; Windows NT 5.1; SV1; Mozilla/4.0 (compatible; MSIE 6.0; Windows NT 5.1; SV1) )"
80.246.106.4 - - [22/May/2015:17:46:18 +0000] "POST /wp-admin/admin-ajax.php HTTP/1.1" 200 47 "http://weblog.lo2k.net/wp-admin/index.php" "Mozilla/5.0 (Windows NT 6.1) AppleWebKit/537.36 (KHTML, like Gecko) Chrome/43.0.2357.65 Safari/537.36"
80.246.106.4 - - [22/May/2015:17:48:19 +0000] "POST /wp-admin/admin-ajax.php HTTP/1.1" 200 47 "http://weblog.lo2k.net/wp-admin/index.php" "Mozilla/5.0 (Windows NT 6.1) AppleWebKit/537.36 (KHTML, like Gecko) Chrome/43.0.2357.65 Safari/537.36"
80.246.106.4 - - [22/May/2015:17:50:20 +0000] "POST /wp-admin/admin-ajax.php HTTP/1.1" 200 47 "http://weblog.lo2k.net/wp-admin/index.php" "Mozilla/5.0 (Windows NT 6.1) AppleWebKit/537.36 (KHTML, like Gecko) Chrome/43.0.2357.65 Safari/537.36"
66.249.79.118 - - [22/May/2015:17:50:49 +0000] "GET /2010/04/4-raisons-davoir-choisi-un-telephone-sous-android-plutot-quun-iphone/comment-page-1/?replytocom=3587 HTTP/1.1" 404 3313 "-" "Mozilla/5.0 (compatible; Googlebot/2.1; +http://www.google.com/bot.html)"
68.67.61.254 - - [22/May/2015:17:50:51 +0000] "POST /wp-login.php HTTP/1.1" 200 3762 "-" "Mozilla/5.0 (compatible; Googlebot/2.1; +http://www.google.com/bot.html)"
80.246.106.4 - - [22/May/2015:17:52:21 +0000] "POST /wp-admin/admin-ajax.php HTTP/1.1" 200 47 "http://weblog.lo2k.net/wp-admin/index.php" "Mozilla/5.0 (Windows NT 6.1) AppleWebKit/537.36 (KHTML, like Gecko) Chrome/43.0.2357.65 Safari/537.36"
190.104.217.74 - - [22/May/2015:17:54:07 +0000] "GET / HTTP/1.1" 200 5 "-" "Mozilla/5.0 (Windows NT 6.1; Win64; x64) AppleWebKit/537.36 (KHTML, like Gecko) Chrome/44.0.2391.0 Safari/537.36"
190.104.217.74 - - [22/May/2015:17:54:08 +0000] "GET /favicon.ico HTTP/1.1" 404 208 "http://net.lo2k.net/" "Mozilla/5.0 (Windows NT 6.1; Win64; x64) AppleWebKit/537.36 (KHTML, like Gecko) Chrome/44.0.2391.0 Safari/537.36"
80.246.106.4 - - [22/May/2015:17:54:22 +0000] "POST /wp-admin/admin-ajax.php HTTP/1.1" 200 47 "http://weblog.lo2k.net/wp-admin/index.php" "Mozilla/5.0 (Windows NT 6.1) AppleWebKit/537.36 (KHTML, like Gecko) Chrome/43.0.2357.65 Safari/537.36"
180.76.15.5 - - [22/May/2015:17:55:02 +0000] "GET /2010/04/4-raisons-davoir-choisi-un-telephone-sous-android-plutot-quun-iphone/ HTTP/1.1" 404 3288 "-" "Mozilla/5.0 (compatible; Baiduspider/2.0; +http://www.baidu.com/search/spider.html)"
80.246.106.4 - - [22/May/2015:17:56:23 +0000] "POST /wp-admin/admin-ajax.php HTTP/1.1" 200 47 "http://weblog.lo2k.net/wp-admin/index.php" "Mozilla/5.0 (Windows NT 6.1) AppleWebKit/537.36 (KHTML, like Gecko) Chrome/43.0.2357.65 Safari/537.36"
80.246.106.4 - - [22/May/2015:17:58:24 +0000] "POST /wp-admin/admin-ajax.php HTTP/1.1" 200 47 "http://weblog.lo2k.net/wp-admin/index.php" "Mozilla/5.0 (Windows NT 6.1) AppleWebKit/537.36 (KHTML, like Gecko) Chrome/43.0.2357.65 Safari/537.36"
80.246.106.4 - - [22/May/2015:18:00:25 +0000] "POST /wp-admin/admin-ajax.php HTTP/1.1" 200 47 "http://weblog.lo2k.net/wp-admin/index.php" "Mozilla/5.0 (Windows NT 6.1) AppleWebKit/537.36 (KHTML, like Gecko) Chrome/43.0.2357.65 Safari/537.36"
66.249.79.142 - - [22/May/2015:18:01:09 +0000] "GET /robots.txt HTTP/1.1" 404 151 "-" "Mozilla/5.0 (compatible; Googlebot/2.1; +http://www.google.com/bot.html)"
66.249.79.116 - - [22/May/2015:18:01:09 +0000] "GET / HTTP/1.1" 200 5 "-" "Mozilla/5.0 (compatible; Googlebot/2.1; +http://www.google.com/bot.html)"
80.246.106.4 - - [22/May/2015:18:02:26 +0000] "POST /wp-admin/admin-ajax.php HTTP/1.1" 200 47 "http://weblog.lo2k.net/wp-admin/index.php" "Mozilla/5.0 (Windows NT 6.1) AppleWebKit/537.36 (KHTML, like Gecko) Chrome/43.0.2357.65 Safari/537.36"
80.246.106.4 - - [22/May/2015:18:04:27 +0000] "POST /wp-admin/admin-ajax.php HTTP/1.1" 200 47 "http://weblog.lo2k.net/wp-admin/index.php" "Mozilla/5.0 (Windows NT 6.1) AppleWebKit/537.36 (KHTML, like Gecko) Chrome/43.0.2357.65 Safari/537.36"
80.246.106.4 - - [22/May/2015:18:06:27 +0000] "POST /wp-admin/admin-ajax.php HTTP/1.1" 200 47 "http://weblog.lo2k.net/wp-admin/index.php" "Mozilla/5.0 (Windows NT 6.1) AppleWebKit/537.36 (KHTML, like Gecko) Chrome/43.0.2357.65 Safari/537.36"
80.246.106.4 - - [22/May/2015:18:08:28 +0000] "POST /wp-admin/admin-ajax.php HTTP/1.1" 200 47 "http://weblog.lo2k.net/wp-admin/index.php" "Mozilla/5.0 (Windows NT 6.1) AppleWebKit/537.36 (KHTML, like Gecko) Chrome/43.0.2357.65 Safari/537.36"
80.246.106.4 - - [22/May/2015:18:10:29 +0000] "POST /wp-admin/admin-ajax.php HTTP/1.1" 200 47 "http://weblog.lo2k.net/wp-admin/index.php" "Mozilla/5.0 (Windows NT 6.1) AppleWebKit/537.36 (KHTML, like Gecko) Chrome/43.0.2357.65 Safari/537.36"
80.246.106.4 - - [22/May/2015:18:12:29 +0000] "POST /wp-admin/admin-ajax.php HTTP/1.1" 200 47 "http://weblog.lo2k.net/wp-admin/index.php" "Mozilla/5.0 (Windows NT 6.1) AppleWebKit/537.36 (KHTML, like Gecko) Chrome/43.0.2357.65 Safari/537.36"
80.246.106.4 - - [22/May/2015:18:14:30 +0000] "POST /wp-admin/admin-ajax.php HTTP/1.1" 200 47 "http://weblog.lo2k.net/wp-admin/index.php" "Mozilla/5.0 (Windows NT 6.1) AppleWebKit/537.36 (KHTML, like Gecko) Chrome/43.0.2357.65 Safari/537.36"
80.246.106.4 - - [22/May/2015:18:16:31 +0000] "POST /wp-admin/admin-ajax.php HTTP/1.1" 200 47 "http://weblog.lo2k.net/wp-admin/index.php" "Mozilla/5.0 (Windows NT 6.1) AppleWebKit/537.36 (KHTML, like Gecko) Chrome/43.0.2357.65 Safari/537.36"
66.249.79.105 - - [22/May/2015:18:18:18 +0000] "GET /tag/apple/ HTTP/1.1" 404 3288 "-" "Mozilla/5.0 (compatible; Googlebot/2.1; +http://www.google.com/bot.html)"
80.246.106.4 - - [22/May/2015:18:18:32 +0000] "POST /wp-admin/admin-ajax.php HTTP/1.1" 200 47 "http://weblog.lo2k.net/wp-admin/index.php" "Mozilla/5.0 (Windows NT 6.1) AppleWebKit/537.36 (KHTML, like Gecko) Chrome/43.0.2357.65 Safari/537.36"
80.246.106.4 - - [22/May/2015:18:20:33 +0000] "POST /wp-admin/admin-ajax.php HTTP/1.1" 200 47 "http://weblog.lo2k.net/wp-admin/index.php" "Mozilla/5.0 (Windows NT 6.1) AppleWebKit/537.36 (KHTML, like Gecko) Chrome/43.0.2357.65 Safari/537.36"
80.246.106.4 - - [22/May/2015:18:22:34 +0000] "POST /wp-admin/admin-ajax.php HTTP/1.1" 200 47 "http://weblog.lo2k.net/wp-admin/index.php" "Mozilla/5.0 (Windows NT 6.1) AppleWebKit/537.36 (KHTML, like Gecko) Chrome/43.0.2357.65 Safari/537.36"
80.246.106.4 - - [22/May/2015:18:24:35 +0000] "POST /wp-admin/admin-ajax.php HTTP/1.1" 200 47 "http://weblog.lo2k.net/wp-admin/index.php" "Mozilla/5.0 (Windows NT 6.1) AppleWebKit/537.36 (KHTML, like Gecko) Chrome/43.0.2357.65 Safari/537.36"
66.249.79.131 - - [22/May/2015:18:25:18 +0000] "GET /2008/12/ HTTP/1.1" 404 3288 "-" "Mozilla/5.0 (compatible; Googlebot/2.1; +http://www.google.com/bot.html)"
80.246.106.4 - - [22/May/2015:18:26:36 +0000] "POST /wp-admin/admin-ajax.php HTTP/1.1" 200 47 "http://weblog.lo2k.net/wp-admin/index.php" "Mozilla/5.0 (Windows NT 6.1) AppleWebKit/537.36 (KHTML, like Gecko) Chrome/43.0.2357.65 Safari/537.36"
80.246.106.4 - - [22/May/2015:18:28:37 +0000] "POST /wp-admin/admin-ajax.php HTTP/1.1" 200 47 "http://weblog.lo2k.net/wp-admin/index.php" "Mozilla/5.0 (Windows NT 6.1) AppleWebKit/537.36 (KHTML, like Gecko) Chrome/43.0.2357.65 Safari/537.36"
66.249.79.131 - - [22/May/2015:18:30:11 +0000] "GET /2010/10/vends-2-places-pour-christophe-mae-le-30102010-a-metz/ HTTP/1.1" 404 3288 "-" "Mozilla/5.0 (compatible; Googlebot/2.1; +http://www.google.com/bot.html)"
80.246.106.4 - - [22/May/2015:18:30:38 +0000] "POST /wp-admin/admin-ajax.php HTTP/1.1" 200 47 "http://weblog.lo2k.net/wp-admin/index.php" "Mozilla/5.0 (Windows NT 6.1) AppleWebKit/537.36 (KHTML, like Gecko) Chrome/43.0.2357.65 Safari/537.36"
184.77.212.90 - - [22/May/2015:18:32:18 +0000] "GET / HTTP/1.1" 200 5 "-" "Mozilla/5.0 (Macintosh; Intel Mac OS X 10_9_5) AppleWebKit/537.36 (KHTML, like Gecko) Chrome/43.0.2357.65 Safari/537.36"
184.77.212.90 - - [22/May/2015:18:32:18 +0000] "GET /favicon.ico HTTP/1.1" 404 208 "http://net.lo2k.net/" "Mozilla/5.0 (Macintosh; Intel Mac OS X 10_9_5) AppleWebKit/537.36 (KHTML, like Gecko) Chrome/43.0.2357.65 Safari/537.36"
80.246.106.4 - - [22/May/2015:18:32:39 +0000] "POST /wp-admin/admin-ajax.php HTTP/1.1" 200 47 "http://weblog.lo2k.net/wp-admin/index.php" "Mozilla/5.0 (Windows NT 6.1) AppleWebKit/537.36 (KHTML, like Gecko) Chrome/43.0.2357.65 Safari/537.36"
80.246.106.4 - - [22/May/2015:18:34:40 +0000] "POST /wp-admin/admin-ajax.php HTTP/1.1" 200 47 "http://weblog.lo2k.net/wp-admin/index.php" "Mozilla/5.0 (Windows NT 6.1) AppleWebKit/537.36 (KHTML, like Gecko) Chrome/43.0.2357.65 Safari/537.36"
66.249.79.188 - - [22/May/2015:18:35:26 +0000] "GET / HTTP/1.1" 200 5 "-" "Mozilla/5.0 (compatible; Googlebot/2.1; +http://www.google.com/bot.html)"
66.249.79.188 - - [22/May/2015:18:35:39 +0000] "GET /jsframework/src/slider.js HTTP/1.1" 404 151 "-" "Mozilla/5.0 (compatible; Googlebot/2.1; +http://www.google.com/bot.html)"
66.249.79.200 - - [22/May/2015:18:35:40 +0000] "GET /style/style.css HTTP/1.1" 404 151 "-" "Mozilla/5.0 (compatible; Googlebot/2.1; +http://www.google.com/bot.html)"
66.249.79.212 - - [22/May/2015:18:35:40 +0000] "GET /jsframework/src/builder.js HTTP/1.1" 404 151 "-" "Mozilla/5.0 (compatible; Googlebot/2.1; +http://www.google.com/bot.html)"
66.249.79.200 - - [22/May/2015:18:35:41 +0000] "GET /jsframework/src/effects.js HTTP/1.1" 404 151 "-" "Mozilla/5.0 (compatible; Googlebot/2.1; +http://www.google.com/bot.html)"
66.249.79.212 - - [22/May/2015:18:35:41 +0000] "GET /jsframework/src/controls.js HTTP/1.1" 404 151 "-" "Mozilla/5.0 (compatible; Googlebot/2.1; +http://www.google.com/bot.html)"
66.249.79.200 - - [22/May/2015:18:35:42 +0000] "GET /jsframework/src/scriptaculous.js HTTP/1.1" 404 151 "-" "Mozilla/5.0 (compatible; Googlebot/2.1; +http://www.google.com/bot.html)"
66.249.79.200 - - [22/May/2015:18:35:42 +0000] "GET /reflection.js HTTP/1.1" 404 151 "-" "Mozilla/5.0 (compatible; Googlebot/2.1; +http://www.google.com/bot.html)"
66.249.79.212 - - [22/May/2015:18:35:43 +0000] "GET /jsframework/lib/prototype.js HTTP/1.1" 404 151 "-" "Mozilla/5.0 (compatible; Googlebot/2.1; +http://www.google.com/bot.html)"
66.249.79.200 - - [22/May/2015:18:35:43 +0000] "GET /jsframework/src/dragdrop.js HTTP/1.1" 404 151 "-" "Mozilla/5.0 (compatible; Googlebot/2.1; +http://www.google.com/bot.html)"
80.246.106.4 - - [22/May/2015:18:36:41 +0000] "POST /wp-admin/admin-ajax.php HTTP/1.1" 200 47 "http://weblog.lo2k.net/wp-admin/index.php" "Mozilla/5.0 (Windows NT 6.1) AppleWebKit/537.36 (KHTML, like Gecko) Chrome/43.0.2357.65 Safari/537.36"
80.246.106.4 - - [22/May/2015:18:38:42 +0000] "POST /wp-admin/admin-ajax.php HTTP/1.1" 200 47 "http://weblog.lo2k.net/wp-admin/index.php" "Mozilla/5.0 (Windows NT 6.1) AppleWebKit/537.36 (KHTML, like Gecko) Chrome/43.0.2357.65 Safari/537.36"
80.246.106.4 - - [22/May/2015:18:40:43 +0000] "POST /wp-admin/admin-ajax.php HTTP/1.1" 200 47 "http://weblog.lo2k.net/wp-admin/index.php" "Mozilla/5.0 (Windows NT 6.1) AppleWebKit/537.36 (KHTML, like Gecko) Chrome/43.0.2357.65 Safari/537.36"
80.246.106.4 - - [22/May/2015:18:42:44 +0000] "POST /wp-admin/admin-ajax.php HTTP/1.1" 200 47 "http://weblog.lo2k.net/wp-admin/index.php" "Mozilla/5.0 (Windows NT 6.1) AppleWebKit/537.36 (KHTML, like Gecko) Chrome/43.0.2357.65 Safari/537.36"
70.30.93.151 - - [22/May/2015:18:43:38 +0000] "GET / HTTP/1.1" 200 5 "-" "Mozilla/5.0 (Windows NT 6.1) AppleWebKit/537.36 (KHTML, like Gecko) Chrome/43.0.2357.65 Safari/537.36"
70.30.93.151 - - [22/May/2015:18:43:38 +0000] "GET /favicon.ico HTTP/1.1" 404 208 "http://net.lo2k.net/" "Mozilla/5.0 (Windows NT 6.1) AppleWebKit/537.36 (KHTML, like Gecko) Chrome/43.0.2357.65 Safari/537.36"
80.246.106.4 - - [22/May/2015:18:44:45 +0000] "POST /wp-admin/admin-ajax.php HTTP/1.1" 200 47 "http://weblog.lo2k.net/wp-admin/index.php" "Mozilla/5.0 (Windows NT 6.1) AppleWebKit/537.36 (KHTML, like Gecko) Chrome/43.0.2357.65 Safari/537.36"
70.30.93.151 - - [22/May/2015:18:46:12 +0000] "GET /2013/04/node-tetrinet-released/ HTTP/1.1" 404 3288 "-" "Mozilla/5.0 (Windows NT 6.1) AppleWebKit/537.36 (KHTML, like Gecko) Chrome/43.0.2357.65 Safari/537.36"
70.30.93.151 - - [22/May/2015:18:46:12 +0000] "GET /wp-content/themes/twentyfifteen/genericons/genericons.css?ver=3.2 HTTP/1.1" 200 16580 "http://weblog.lo2k.net/2013/04/node-tetrinet-released/" "Mozilla/5.0 (Windows NT 6.1) AppleWebKit/537.36 (KHTML, like Gecko) Chrome/43.0.2357.65 Safari/537.36"
70.30.93.151 - - [22/May/2015:18:46:12 +0000] "GET /wp-content/themes/twentyfifteen/js/skip-link-focus-fix.js?ver=20141010 HTTP/1.1" 200 445 "http://weblog.lo2k.net/2013/04/node-tetrinet-released/" "Mozilla/5.0 (Windows NT 6.1) AppleWebKit/537.36 (KHTML, like Gecko) Chrome/43.0.2357.65 Safari/537.36"
70.30.93.151 - - [22/May/2015:18:46:12 +0000] "GET /wp-includes/js/jquery/jquery-migrate.min.js?ver=1.2.1 HTTP/1.1" 200 3068 "http://weblog.lo2k.net/2013/04/node-tetrinet-released/" "Mozilla/5.0 (Windows NT 6.1) AppleWebKit/537.36 (KHTML, like Gecko) Chrome/43.0.2357.65 Safari/537.36"
70.30.93.151 - - [22/May/2015:18:46:12 +0000] "GET /wp-content/themes/twentyfifteen/js/functions.js?ver=20150330 HTTP/1.1" 200 1597 "http://weblog.lo2k.net/2013/04/node-tetrinet-released/" "Mozilla/5.0 (Windows NT 6.1) AppleWebKit/537.36 (KHTML, like Gecko) Chrome/43.0.2357.65 Safari/537.36"
70.30.93.151 - - [22/May/2015:18:46:12 +0000] "GET /wp-content/themes/twentyfifteen/style.css?ver=4.2.2 HTTP/1.1" 200 13963 "http://weblog.lo2k.net/2013/04/node-tetrinet-released/" "Mozilla/5.0 (Windows NT 6.1) AppleWebKit/537.36 (KHTML, like Gecko) Chrome/43.0.2357.65 Safari/537.36"
70.30.93.151 - - [22/May/2015:18:46:12 +0000] "GET /wp-includes/js/jquery/jquery.js?ver=1.11.2 HTTP/1.1" 200 33287 "http://weblog.lo2k.net/2013/04/node-tetrinet-released/" "Mozilla/5.0 (Windows NT 6.1) AppleWebKit/537.36 (KHTML, like Gecko) Chrome/43.0.2357.65 Safari/537.36"
70.30.93.151 - - [22/May/2015:18:46:13 +0000] "GET /wp-includes/js/wp-emoji-release.min.js?ver=4.2.2 HTTP/1.1" 200 4284 "http://weblog.lo2k.net/2013/04/node-tetrinet-released/" "Mozilla/5.0 (Windows NT 6.1) AppleWebKit/537.36 (KHTML, like Gecko) Chrome/43.0.2357.65 Safari/537.36"
70.30.93.151 - - [22/May/2015:18:46:13 +0000] "GET /favicon.ico HTTP/1.1" 200 0 "http://weblog.lo2k.net/2013/04/node-tetrinet-released/" "Mozilla/5.0 (Windows NT 6.1) AppleWebKit/537.36 (KHTML, like Gecko) Chrome/43.0.2357.65 Safari/537.36"
80.246.106.4 - - [22/May/2015:18:46:46 +0000] "POST /wp-admin/admin-ajax.php HTTP/1.1" 200 47 "http://weblog.lo2k.net/wp-admin/index.php" "Mozilla/5.0 (Windows NT 6.1) AppleWebKit/537.36 (KHTML, like Gecko) Chrome/43.0.2357.65 Safari/537.36"
80.246.106.4 - - [22/May/2015:18:48:47 +0000] "POST /wp-admin/admin-ajax.php HTTP/1.1" 200 47 "http://weblog.lo2k.net/wp-admin/index.php" "Mozilla/5.0 (Windows NT 6.1) AppleWebKit/537.36 (KHTML, like Gecko) Chrome/43.0.2357.65 Safari/537.36"
80.246.106.4 - - [22/May/2015:18:50:47 +0000] "POST /wp-admin/admin-ajax.php HTTP/1.1" 200 47 "http://weblog.lo2k.net/wp-admin/index.php" "Mozilla/5.0 (Windows NT 6.1) AppleWebKit/537.36 (KHTML, like Gecko) Chrome/43.0.2357.65 Safari/537.36"
173.208.12.160 - - [22/May/2015:18:51:27 +0000] "GET /2010/04/4-raisons-davoir-choisi-un-telephone-sous-android-plutot-quun-iphone/ HTTP/1.0" 404 8921 "http://weblog.lo2k.net/" "Mozilla/5.0 (Android; Mobile; rv:34.0) Gecko/34.0 Firefox/34.0"
173.208.12.160 - - [22/May/2015:18:51:28 +0000] "GET / HTTP/1.1" 200 3156 "http://weblog.lo2k.net" "Mozilla/5.0 (Android; Mobile; rv:34.0) Gecko/34.0 Firefox/34.0"
172.17.42.1 - - [22/May/2015:18:52:49 +0000] "POST /wp-cron.php?doing_wp_cron=1432320768.6086258888244628906250 HTTP/1.0" 499 0 "-" "WordPress/4.2.2; http://weblog.lo2k.net"
80.246.106.4 - - [22/May/2015:18:52:49 +0000] "POST /wp-admin/admin-ajax.php HTTP/1.1" 200 47 "http://weblog.lo2k.net/wp-admin/index.php" "Mozilla/5.0 (Windows NT 6.1) AppleWebKit/537.36 (KHTML, like Gecko) Chrome/43.0.2357.65 Safari/537.36"
80.246.106.4 - - [22/May/2015:18:54:49 +0000] "POST /wp-admin/admin-ajax.php HTTP/1.1" 200 47 "http://weblog.lo2k.net/wp-admin/index.php" "Mozilla/5.0 (Windows NT 6.1) AppleWebKit/537.36 (KHTML, like Gecko) Chrome/43.0.2357.65 Safari/537.36"
