80.246.106.4 - - [19/May/2015:13:31:00 +0000] "GET / HTTP/1.1" 404 570 "-" "Mozilla/5.0 (Windows NT 6.1) AppleWebKit/537.36 (KHTML, like Gecko) Chrome/42.0.2311.135 Safari/537.36" "-"
80.246.106.4 - - [19/May/2015:13:31:03 +0000] "GET / HTTP/1.1" 404 570 "-" "Mozilla/5.0 (Windows NT 6.1) AppleWebKit/537.36 (KHTML, like Gecko) Chrome/42.0.2311.135 Safari/537.36" "-"
80.246.106.4 - - [19/May/2015:13:31:03 +0000] "GET /favicon.ico HTTP/1.1" 404 570 "http://net.lo2k.net/" "Mozilla/5.0 (Windows NT 6.1) AppleWebKit/537.36 (KHTML, like Gecko) Chrome/42.0.2311.135 Safari/537.36" "-"
80.246.106.4 - - [19/May/2015:13:31:21 +0000] "GET /favicon.ico HTTP/1.1" 404 570 "http://net.lo2k.net/" "Mozilla/5.0 (Windows NT 6.1) AppleWebKit/537.36 (KHTML, like Gecko) Chrome/42.0.2311.135 Safari/537.36" "-"
123.125.71.43 - - [19/May/2015:13:32:16 +0000] "GET /robots.txt HTTP/1.1" 404 168 "-" "Mozilla/5.0 (Windows NT 5.1; rv:6.0.2) Gecko/20100101 Firefox/6.0.2" "-"
80.246.106.4 - - [19/May/2015:13:33:52 +0000] "GET / HTTP/1.1" 404 570 "-" "Mozilla/5.0 (Windows NT 6.1) AppleWebKit/537.36 (KHTML, like Gecko) Chrome/42.0.2311.135 Safari/537.36" "-"
80.246.106.4 - - [19/May/2015:13:33:52 +0000] "GET / HTTP/1.1" 404 570 "-" "Mozilla/5.0 (Windows NT 6.1) AppleWebKit/537.36 (KHTML, like Gecko) Chrome/42.0.2311.135 Safari/537.36" "-"
80.246.106.4 - - [19/May/2015:13:33:52 +0000] "GET / HTTP/1.1" 404 570 "-" "Mozilla/5.0 (Windows NT 6.1) AppleWebKit/537.36 (KHTML, like Gecko) Chrome/42.0.2311.135 Safari/537.36" "-"
80.246.106.4 - - [19/May/2015:13:33:53 +0000] "GET / HTTP/1.1" 404 570 "-" "Mozilla/5.0 (Windows NT 6.1) AppleWebKit/537.36 (KHTML, like Gecko) Chrome/42.0.2311.135 Safari/537.36" "-"
80.246.106.4 - - [19/May/2015:13:33:53 +0000] "GET / HTTP/1.1" 404 570 "-" "Mozilla/5.0 (Windows NT 6.1) AppleWebKit/537.36 (KHTML, like Gecko) Chrome/42.0.2311.135 Safari/537.36" "-"
80.246.106.4 - - [19/May/2015:13:43:57 +0000] "GET / HTTP/1.1" 200 5 "-" "Mozilla/5.0 (Windows NT 6.1) AppleWebKit/537.36 (KHTML, like Gecko) Chrome/42.0.2311.135 Safari/537.36" "-"
199.19.249.196 - - [19/May/2015:13:52:55 +0000] "GET / HTTP/1.1" 301 0 "-" "Mozilla/4.0 (compatible; MSIE 7.0; Windows NT 5.1; InfoPath.1; .NET CLR 2.0.50727; .NET CLR 1.1.4322; MS-RTC LM 8; .NET CLR 3.0.4506.2152; .NET CLR 3.5.30729)" "-"
80.246.106.4 - - [19/May/2015:13:52:57 +0000] "GET / HTTP/1.1" 301 0 "-" "Mozilla/5.0 (Windows NT 6.1) AppleWebKit/537.36 (KHTML, like Gecko) Chrome/42.0.2311.135 Safari/537.36" "-"
80.246.106.4 - - [19/May/2015:13:54:17 +0000] "GET / HTTP/1.1" 304 0 "-" "Mozilla/5.0 (Windows NT 6.1) AppleWebKit/537.36 (KHTML, like Gecko) Chrome/42.0.2311.135 Safari/537.36" "-"
199.19.249.196 - - [21/May/2015:07:19:02 +0000] "GET / HTTP/1.1" 200 5 "-" "Mozilla/4.0 (compatible; MSIE 7.0; Windows NT 5.1; InfoPath.1; .NET CLR 2.0.50727; .NET CLR 1.1.4322; MS-RTC LM 8; .NET CLR 3.0.4506.2152; .NET CLR 3.5.30729)" "-"
80.246.106.4 - - [21/May/2015:07:19:02 +0000] "GET / HTTP/1.1" 200 5 "-" "Mozilla/5.0 (Windows NT 6.1) AppleWebKit/537.36 (KHTML, like Gecko) Chrome/43.0.2357.65 Safari/537.36" "-"
80.246.106.4 - - [21/May/2015:07:19:02 +0000] "GET /favicon.ico HTTP/1.1" 404 570 "http://net.lo2k.net/" "Mozilla/5.0 (Windows NT 6.1) AppleWebKit/537.36 (KHTML, like Gecko) Chrome/43.0.2357.65 Safari/537.36" "-"
199.91.135.140 - - [21/May/2015:07:19:04 +0000] "GET / HTTP/1.1" 200 5 "-" "BlueCoat ProxySG" "-"
199.19.249.196 - - [21/May/2015:07:22:09 +0000] "GET / HTTP/1.1" 301 0 "-" "Mozilla/4.0 (compatible; MSIE 7.0; Windows NT 5.1; InfoPath.1; .NET CLR 2.0.50727; .NET CLR 1.1.4322; MS-RTC LM 8; .NET CLR 3.0.4506.2152; .NET CLR 3.5.30729)" "-"
80.246.106.4 - - [21/May/2015:07:22:11 +0000] "GET / HTTP/1.1" 301 0 "-" "Mozilla/5.0 (Windows NT 6.1) AppleWebKit/537.36 (KHTML, like Gecko) Chrome/43.0.2357.65 Safari/537.36" "-"
195.154.126.115 - - [21/May/2015:07:32:46 +0000] "GET /" 200 5 "-" "-" "-"
195.154.126.115 - - [21/May/2015:07:32:48 +0000] "GET /" 200 5 "-" "-" "-"
195.154.126.115 - - [21/May/2015:07:32:52 +0000] "/" 400 172 "-" "-" "-"
80.246.106.4 - - [21/May/2015:07:33:20 +0000] "GET / HTTP/1.1" 304 0 "-" "Mozilla/5.0 (Windows NT 6.1; rv:31.0) Gecko/20100101 Firefox/31.0" "-"
80.246.106.4 - - [21/May/2015:07:33:23 +0000] "GET / HTTP/1.1" 304 0 "-" "Mozilla/5.0 (Windows NT 6.1; rv:31.0) Gecko/20100101 Firefox/31.0" "-"
80.246.106.4 - - [21/May/2015:07:33:23 +0000] "GET / HTTP/1.1" 304 0 "-" "Mozilla/5.0 (Windows NT 6.1; rv:31.0) Gecko/20100101 Firefox/31.0" "-"
80.246.106.4 - - [21/May/2015:07:33:24 +0000] "GET / HTTP/1.1" 304 0 "-" "Mozilla/5.0 (Windows NT 6.1; rv:31.0) Gecko/20100101 Firefox/31.0" "-"
199.19.249.196 - - [21/May/2015:07:33:29 +0000] "GET / HTTP/1.1" 200 5 "-" "Mozilla/4.0 (compatible; MSIE 7.0; Windows NT 5.1; InfoPath.1; .NET CLR 2.0.50727; .NET CLR 1.1.4322; MS-RTC LM 8; .NET CLR 3.0.4506.2152; .NET CLR 3.5.30729)" "-"
80.246.106.4 - - [21/May/2015:07:33:29 +0000] "GET / HTTP/1.1" 200 5 "-" "Mozilla/5.0 (Windows NT 6.1; rv:31.0) Gecko/20100101 Firefox/31.0" "-"
80.246.106.4 - - [21/May/2015:07:33:29 +0000] "GET /favicon.ico HTTP/1.1" 404 168 "-" "Mozilla/5.0 (Windows NT 6.1; rv:31.0) Gecko/20100101 Firefox/31.0" "-"
80.246.106.4 - - [21/May/2015:07:33:29 +0000] "GET /favicon.ico HTTP/1.1" 404 168 "-" "Mozilla/5.0 (Windows NT 6.1; rv:31.0) Gecko/20100101 Firefox/31.0" "-"
80.246.106.4 - - [21/May/2015:07:33:32 +0000] "GET / HTTP/1.1" 304 0 "-" "Mozilla/5.0 (Windows NT 6.1; rv:31.0) Gecko/20100101 Firefox/31.0" "-"
80.246.106.4 - - [21/May/2015:07:33:33 +0000] "GET / HTTP/1.1" 304 0 "-" "Mozilla/5.0 (Windows NT 6.1; rv:31.0) Gecko/20100101 Firefox/31.0" "-"
80.246.106.4 - - [21/May/2015:07:33:58 +0000] "GET / HTTP/1.1" 301 0 "-" "Mozilla/5.0 (Windows NT 6.1; rv:31.0) Gecko/20100101 Firefox/31.0" "-"
80.246.106.4 - - [21/May/2015:07:50:50 +0000] "GET / HTTP/1.1" 301 0 "-" "Mozilla/5.0 (Windows NT 6.1) AppleWebKit/537.36 (KHTML, like Gecko) Chrome/43.0.2357.65 Safari/537.36"
123.125.71.27 - - [21/May/2015:08:00:31 +0000] "GET /robots.txt HTTP/1.1" 200 35 "-" "Mozilla/5.0 (Windows NT 5.1; rv:6.0.2) Gecko/20100101 Firefox/6.0.2"
124.73.138.49 - - [21/May/2015:08:01:10 +0000] "GET /2013/04/node-tetrinet-released/ HTTP/1.1" 301 0 "-" "Mozilla/4.0 (compatible; MSIE 6.0; Windows NT 5.1; SV1; Mozilla/4.0 (compatible; MSIE 6.0; Windows NT 5.1; SV1) )"
62.210.215.112 - - [21/May/2015:08:02:32 +0000] "GET /2010/08/5-elements-indispensable-dun-bon-film-francais/feed/ HTTP/1.1" 200 443 "-" "Mozilla/5.0 (X11; Linux i686) AppleWebKit/537.36 (KHTML, like Gecko) Chrome/30.0.1599.66 Safari/537.36"
123.125.71.69 - - [21/May/2015:08:03:47 +0000] "GET / HTTP/1.1" 301 0 "-" "Mozilla/5.0 (compatible; Baiduspider/2.0; +http://www.baidu.com/search/spider.html)"
64.69.33.150 - - [21/May/2015:08:04:42 +0000] "POST /wp-login.php HTTP/1.1" 200 3776 "-" "Mozilla/5.0 (compatible; Googlebot/2.1; +http://www.google.com/bot.html)"
66.249.64.75 - - [21/May/2015:08:14:41 +0000] "GET /robots.txt HTTP/1.1" 200 35 "-" "Mozilla/5.0 (compatible; Googlebot/2.1; +http://www.google.com/bot.html)"
66.249.64.80 - - [21/May/2015:08:14:42 +0000] "GET /tag/java/ HTTP/1.1" 301 0 "-" "Mozilla/5.0 (compatible; Googlebot/2.1; +http://www.google.com/bot.html)"
66.249.64.70 - - [21/May/2015:08:15:56 +0000] "GET /2008/09/rodemack-journee-du-patrimoine/comment-page-1/ HTTP/1.1" 301 0 "-" "Mozilla/5.0 (compatible; Googlebot/2.1; +http://www.google.com/bot.html)"
109.7.6.130 - - [21/May/2015:08:17:50 +0000] "GET /wp-content/themes/twentyfourteen/genericons/genericons.css?ver=3.0.2 HTTP/1.1" 200 31045 "-" "Mozilla/4.0 (compatible;)"
66.249.64.70 - - [21/May/2015:08:19:08 +0000] "GET /node-tetrinet/ HTTP/1.1" 301 0 "-" "Mozilla/5.0 (compatible; Googlebot/2.1; +http://www.google.com/bot.html)"
178.255.215.90 - - [21/May/2015:08:21:00 +0000] "GET /robots.txt HTTP/1.1" 200 35 "-" "Mozilla/5.0 (compatible; Exabot/3.0; +http://www.exabot.com/go/robot)"
178.255.215.90 - - [21/May/2015:08:21:00 +0000] "GET /tag/code/ HTTP/1.1" 301 0 "-" "Mozilla/5.0 (compatible; Exabot/3.0; +http://www.exabot.com/go/robot)"
66.249.64.75 - - [21/May/2015:08:27:18 +0000] "GET /2010/03/1mpts/?replytocom=3565 HTTP/1.1" 301 0 "-" "Mozilla/5.0 (compatible; Googlebot/2.1; +http://www.google.com/bot.html)"
66.249.64.80 - - [21/May/2015:08:27:36 +0000] "GET /2010/03/1mpts/?replytocom=3579 HTTP/1.1" 301 0 "-" "Mozilla/5.0 (compatible; Googlebot/2.1; +http://www.google.com/bot.html)"
123.125.71.36 - - [21/May/2015:08:28:24 +0000] "GET / HTTP/1.1" 301 0 "-" "Mozilla/5.0 (Windows NT 5.1; rv:6.0.2) Gecko/20100101 Firefox/6.0.2"
66.249.64.75 - - [21/May/2015:08:28:54 +0000] "GET /2010/03/1mpts/?replytocom=3560 HTTP/1.1" 301 0 "-" "Mozilla/5.0 (compatible; Googlebot/2.1; +http://www.google.com/bot.html)"
66.249.64.80 - - [21/May/2015:08:29:51 +0000] "GET /2010/03/1mpts/?replytocom=3783 HTTP/1.1" 301 0 "-" "Mozilla/5.0 (compatible; Googlebot/2.1; +http://www.google.com/bot.html)"
66.249.64.70 - - [21/May/2015:08:34:34 +0000] "GET /2010/03/1mpts/comment-page-1/?replytocom=3562 HTTP/1.1" 301 0 "-" "Mozilla/5.0 (compatible; Googlebot/2.1; +http://www.google.com/bot.html)"
220.181.108.101 - - [21/May/2015:08:37:07 +0000] "GET / HTTP/1.1" 301 0 "-" "Mozilla/5.0 (compatible; Baiduspider/2.0; +http://www.baidu.com/search/spider.html)"
80.246.106.4 - - [21/May/2015:08:45:45 +0000] "GET / HTTP/1.1" 304 0 "-" "Mozilla/5.0 (Windows NT 6.1) AppleWebKit/537.36 (KHTML, like Gecko) Chrome/43.0.2357.65 Safari/537.36"
80.246.106.4 - - [21/May/2015:08:45:49 +0000] "GET /favicon.ico HTTP/1.1" 404 208 "http://net.lo2k.net/" "Mozilla/5.0 (Windows NT 6.1) AppleWebKit/537.36 (KHTML, like Gecko) Chrome/43.0.2357.65 Safari/537.36"
195.154.126.115 - - [22/May/2015:13:28:46 +0000] "GET / HTTP/1.0" 301 0 "-" "Lynx/2.8.8pre.4 libwww-FM/2.14 SSL-MM/1.4.1 GNUTLS/2.12.23"
45.33.151.215 - - [22/May/2015:13:30:02 +0000] "GET /2010/04/4-raisons-davoir-choisi-un-telephone-sous-android-plutot-quun-iphone/ HTTP/1.1" 301 0 "http://weblog.lo2k.net/" "Mozilla/5.0 (Android; Mobile; rv:34.0) Gecko/34.0 Firefox/34.0"
195.154.126.115 - - [22/May/2015:13:31:07 +0000] "GET / HTTP/1.0" 301 0 "-" "Lynx/2.8.8pre.4 libwww-FM/2.14 SSL-MM/1.4.1 GNUTLS/2.12.23"
195.154.126.115 - - [22/May/2015:13:31:39 +0000] "GET / HTTP/1.0" 200 612 "-" "Lynx/2.8.8pre.4 libwww-FM/2.14 SSL-MM/1.4.1 GNUTLS/2.12.23"
195.154.126.115 - - [22/May/2015:13:31:44 +0000] "GET /edu HTTP/1.0" 301 0 "-" "Lynx/2.8.8pre.4 libwww-FM/2.14 SSL-MM/1.4.1 GNUTLS/2.12.23"
66.249.81.222 - - [22/May/2015:13:35:41 +0000] "GET / HTTP/1.1" 200 5 "-" "Mozilla/5.0 (Windows NT 6.1; rv:6.0) Gecko/20110814 Firefox/6.0 Google favicon"
66.249.81.222 - - [22/May/2015:13:35:41 +0000] "GET /favicon.ico HTTP/1.1" 404 151 "-" "Mozilla/5.0 (Windows NT 6.1; rv:6.0) Gecko/20110814 Firefox/6.0 Google favicon"
195.154.126.115 - - [22/May/2015:13:36:14 +0000] "GET / HTTP/1.0" 302 0 "-" "Lynx/2.8.8pre.4 libwww-FM/2.14 SSL-MM/1.4.1 GNUTLS/2.12.23"
199.19.249.196 - - [22/May/2015:13:36:25 +0000] "GET /2 HTTP/1.1" 302 0 "-" "Mozilla/4.0 (compatible; MSIE 7.0; Windows NT 5.1; InfoPath.1; .NET CLR 2.0.50727; .NET CLR 1.1.4322; MS-RTC LM 8; .NET CLR 3.0.4506.2152; .NET CLR 3.5.30729)"
199.19.249.196 - - [22/May/2015:13:36:26 +0000] "GET /wp-admin/install.php HTTP/1.1" 200 7432 "-" "Mozilla/4.0 (compatible; MSIE 7.0; Windows NT 5.1; InfoPath.1; .NET CLR 2.0.50727; .NET CLR 1.1.4322; MS-RTC LM 8; .NET CLR 3.0.4506.2152; .NET CLR 3.5.30729)"
80.246.106.4 - - [22/May/2015:13:36:27 +0000] "GET /2 HTTP/1.1" 302 0 "-" "Mozilla/5.0 (Windows NT 6.1) AppleWebKit/537.36 (KHTML, like Gecko) Chrome/43.0.2357.65 Safari/537.36"
199.19.249.196 - - [22/May/2015:13:36:28 +0000] "GET /wp-admin/install.php HTTP/1.1" 200 7432 "-" "Mozilla/4.0 (compatible; MSIE 7.0; Windows NT 5.1; InfoPath.1; .NET CLR 2.0.50727; .NET CLR 1.1.4322; MS-RTC LM 8; .NET CLR 3.0.4506.2152; .NET CLR 3.5.30729)"
80.246.106.4 - - [22/May/2015:13:36:29 +0000] "GET /wp-admin/install.php HTTP/1.1" 200 2611 "-" "Mozilla/5.0 (Windows NT 6.1) AppleWebKit/537.36 (KHTML, like Gecko) Chrome/43.0.2357.65 Safari/537.36"
80.246.106.4 - - [22/May/2015:13:36:30 +0000] "GET /wp-includes/css/buttons.min.css?ver=4.2.2 HTTP/1.1" 200 1266 "http://weblog.lo2k.net/wp-admin/install.php" "Mozilla/5.0 (Windows NT 6.1) AppleWebKit/537.36 (KHTML, like Gecko) Chrome/43.0.2357.65 Safari/537.36"
80.246.106.4 - - [22/May/2015:13:36:30 +0000] "GET /wp-admin/css/install.min.css?ver=4.2.2 HTTP/1.1" 200 1712 "http://weblog.lo2k.net/wp-admin/install.php" "Mozilla/5.0 (Windows NT 6.1) AppleWebKit/537.36 (KHTML, like Gecko) Chrome/43.0.2357.65 Safari/537.36"
80.246.106.4 - - [22/May/2015:13:36:30 +0000] "GET /wp-includes/js/zxcvbn-async.min.js?ver=1.0 HTTP/1.1" 200 232 "http://weblog.lo2k.net/wp-admin/install.php" "Mozilla/5.0 (Windows NT 6.1) AppleWebKit/537.36 (KHTML, like Gecko) Chrome/43.0.2357.65 Safari/537.36"
80.246.106.4 - - [22/May/2015:13:36:30 +0000] "GET /wp-admin/js/password-strength-meter.min.js?ver=4.2.2 HTTP/1.1" 200 452 "http://weblog.lo2k.net/wp-admin/install.php" "Mozilla/5.0 (Windows NT 6.1) AppleWebKit/537.36 (KHTML, like Gecko) Chrome/43.0.2357.65 Safari/537.36"
80.246.106.4 - - [22/May/2015:13:36:30 +0000] "GET /wp-includes/js/jquery/jquery-migrate.min.js?ver=1.2.1 HTTP/1.1" 200 3068 "http://weblog.lo2k.net/wp-admin/install.php" "Mozilla/5.0 (Windows NT 6.1) AppleWebKit/537.36 (KHTML, like Gecko) Chrome/43.0.2357.65 Safari/537.36"
80.246.106.4 - - [22/May/2015:13:36:30 +0000] "GET /wp-includes/js/jquery/jquery.js?ver=1.11.2 HTTP/1.1" 200 33287 "http://weblog.lo2k.net/wp-admin/install.php" "Mozilla/5.0 (Windows NT 6.1) AppleWebKit/537.36 (KHTML, like Gecko) Chrome/43.0.2357.65 Safari/537.36"
80.246.106.4 - - [22/May/2015:13:36:30 +0000] "GET /wp-includes/js/underscore.min.js?ver=1.6.0 HTTP/1.1" 200 5039 "http://weblog.lo2k.net/wp-admin/install.php" "Mozilla/5.0 (Windows NT 6.1) AppleWebKit/537.36 (KHTML, like Gecko) Chrome/43.0.2357.65 Safari/537.36"
80.246.106.4 - - [22/May/2015:13:36:30 +0000] "GET /wp-admin/js/language-chooser.min.js?ver=4.2.2 HTTP/1.1" 200 240 "http://weblog.lo2k.net/wp-admin/install.php" "Mozilla/5.0 (Windows NT 6.1) AppleWebKit/537.36 (KHTML, like Gecko) Chrome/43.0.2357.65 Safari/537.36"
80.246.106.4 - - [22/May/2015:13:36:30 +0000] "GET /wp-admin/js/user-profile.min.js?ver=4.2.2 HTTP/1.1" 200 1190 "http://weblog.lo2k.net/wp-admin/install.php" "Mozilla/5.0 (Windows NT 6.1) AppleWebKit/537.36 (KHTML, like Gecko) Chrome/43.0.2357.65 Safari/537.36"
80.246.106.4 - - [22/May/2015:13:36:30 +0000] "GET /wp-includes/js/wp-util.min.js?ver=4.2.2 HTTP/1.1" 200 541 "http://weblog.lo2k.net/wp-admin/install.php" "Mozilla/5.0 (Windows NT 6.1) AppleWebKit/537.36 (KHTML, like Gecko) Chrome/43.0.2357.65 Safari/537.36"
80.246.106.4 - - [22/May/2015:13:36:30 +0000] "GET /wp-admin/images/spinner.gif HTTP/1.1" 200 4162 "http://weblog.lo2k.net/wp-admin/css/install.min.css?ver=4.2.2" "Mozilla/5.0 (Windows NT 6.1) AppleWebKit/537.36 (KHTML, like Gecko) Chrome/43.0.2357.65 Safari/537.36"
199.19.249.196 - - [22/May/2015:13:36:30 +0000] "GET /wp-admin/images/wordpress-logo.svg?ver=20131107 HTTP/1.1" 200 1521 "-" "Mozilla/4.0 (compatible; MSIE 7.0; Windows NT 5.1; InfoPath.1; .NET CLR 2.0.50727; .NET CLR 1.1.4322; MS-RTC LM 8; .NET CLR 3.0.4506.2152; .NET CLR 3.5.30729)"
80.246.106.4 - - [22/May/2015:13:36:30 +0000] "GET /wp-admin/images/wordpress-logo.svg?ver=20131107 HTTP/1.1" 200 1521 "http://weblog.lo2k.net/wp-admin/css/install.min.css?ver=4.2.2" "Mozilla/5.0 (Windows NT 6.1) AppleWebKit/537.36 (KHTML, like Gecko) Chrome/43.0.2357.65 Safari/537.36"
80.246.106.4 - - [22/May/2015:13:36:30 +0000] "GET /favicon.ico HTTP/1.1" 200 0 "http://weblog.lo2k.net/wp-admin/install.php" "Mozilla/5.0 (Windows NT 6.1) AppleWebKit/537.36 (KHTML, like Gecko) Chrome/43.0.2357.65 Safari/537.36"
80.246.106.4 - - [22/May/2015:13:36:31 +0000] "GET /wp-includes/js/zxcvbn.min.js HTTP/1.1" 200 330452 "http://weblog.lo2k.net/wp-admin/install.php" "Mozilla/5.0 (Windows NT 6.1) AppleWebKit/537.36 (KHTML, like Gecko) Chrome/43.0.2357.65 Safari/537.36"
80.246.106.4 - - [22/May/2015:13:36:39 +0000] "POST /wp-admin/install.php?step=1 HTTP/1.1" 200 1901 "http://weblog.lo2k.net/wp-admin/install.php" "Mozilla/5.0 (Windows NT 6.1) AppleWebKit/537.36 (KHTML, like Gecko) Chrome/43.0.2357.65 Safari/537.36"
172.17.42.1 - - [22/May/2015:13:36:57 +0000] "GET /2015/05/22/bonjour-tout-le-monde/ HTTP/1.0" 200 4451 "-" "WordPress/4.2.2; http://weblog.lo2k.net"
80.246.106.4 - - [22/May/2015:13:36:57 +0000] "POST /wp-admin/install.php?step=2 HTTP/1.1" 200 1132 "http://weblog.lo2k.net/wp-admin/install.php?step=1" "Mozilla/5.0 (Windows NT 6.1) AppleWebKit/537.36 (KHTML, like Gecko) Chrome/43.0.2357.65 Safari/537.36"
80.246.106.4 - - [22/May/2015:13:36:58 +0000] "GET /favicon.ico HTTP/1.1" 200 0 "http://weblog.lo2k.net/wp-admin/install.php?step=2" "Mozilla/5.0 (Windows NT 6.1) AppleWebKit/537.36 (KHTML, like Gecko) Chrome/43.0.2357.65 Safari/537.36"
172.17.42.1 - - [22/May/2015:13:37:01 +0000] "POST /wp-cron.php?doing_wp_cron=1432301820.5825400352478027343750 HTTP/1.0" 499 0 "-" "WordPress/4.2.2; http://weblog.lo2k.net"
199.19.249.196 - - [22/May/2015:13:37:01 +0000] "GET /wp-login.php HTTP/1.1" 200 2786 "-" "Mozilla/4.0 (compatible; MSIE 7.0; Windows NT 5.1; InfoPath.1; .NET CLR 2.0.50727; .NET CLR 1.1.4322; MS-RTC LM 8; .NET CLR 3.0.4506.2152; .NET CLR 3.5.30729)"
80.246.106.4 - - [22/May/2015:13:37:02 +0000] "GET /wp-login.php HTTP/1.1" 200 1181 "http://weblog.lo2k.net/wp-admin/install.php?step=2" "Mozilla/5.0 (Windows NT 6.1) AppleWebKit/537.36 (KHTML, like Gecko) Chrome/43.0.2357.65 Safari/537.36"
80.246.106.4 - - [22/May/2015:13:37:02 +0000] "GET /wp-admin/css/login.min.css?ver=4.2.2 HTTP/1.1" 200 5321 "http://weblog.lo2k.net/wp-login.php" "Mozilla/5.0 (Windows NT 6.1) AppleWebKit/537.36 (KHTML, like Gecko) Chrome/43.0.2357.65 Safari/537.36"
80.246.106.4 - - [22/May/2015:13:37:02 +0000] "GET /wp-includes/css/dashicons.min.css?ver=4.2.2 HTTP/1.1" 200 27321 "http://weblog.lo2k.net/wp-login.php" "Mozilla/5.0 (Windows NT 6.1) AppleWebKit/537.36 (KHTML, like Gecko) Chrome/43.0.2357.65 Safari/537.36"
80.246.106.4 - - [22/May/2015:13:37:04 +0000] "POST /wp-login.php HTTP/1.1" 200 1556 "http://weblog.lo2k.net/wp-login.php" "Mozilla/5.0 (Windows NT 6.1) AppleWebKit/537.36 (KHTML, like Gecko) Chrome/43.0.2357.65 Safari/537.36"
80.246.106.4 - - [22/May/2015:13:37:10 +0000] "POST /wp-login.php HTTP/1.1" 200 1546 "http://weblog.lo2k.net/wp-login.php" "Mozilla/5.0 (Windows NT 6.1) AppleWebKit/537.36 (KHTML, like Gecko) Chrome/43.0.2357.65 Safari/537.36"
80.246.106.4 - - [22/May/2015:13:37:14 +0000] "POST /wp-login.php HTTP/1.1" 302 0 "http://weblog.lo2k.net/wp-login.php" "Mozilla/5.0 (Windows NT 6.1) AppleWebKit/537.36 (KHTML, like Gecko) Chrome/43.0.2357.65 Safari/537.36"
199.19.249.196 - - [22/May/2015:13:37:14 +0000] "GET /wp-admin HTTP/1.1" 301 240 "-" "Mozilla/4.0 (compatible; MSIE 7.0; Windows NT 5.1; InfoPath.1; .NET CLR 2.0.50727; .NET CLR 1.1.4322; MS-RTC LM 8; .NET CLR 3.0.4506.2152; .NET CLR 3.5.30729)"
199.19.249.196 - - [22/May/2015:13:37:14 +0000] "GET /wp-admin/ HTTP/1.1" 302 0 "-" "Mozilla/4.0 (compatible; MSIE 7.0; Windows NT 5.1; InfoPath.1; .NET CLR 2.0.50727; .NET CLR 1.1.4322; MS-RTC LM 8; .NET CLR 3.0.4506.2152; .NET CLR 3.5.30729)"
199.19.249.196 - - [22/May/2015:13:37:15 +0000] "GET /wp-login.php?redirect_to=http%3A%2F%2Fweblog.lo2k.net%2Fwp-admin%2F&reauth=1 HTTP/1.1" 200 2786 "-" "Mozilla/4.0 (compatible; MSIE 7.0; Windows NT 5.1; InfoPath.1; .NET CLR 2.0.50727; .NET CLR 1.1.4322; MS-RTC LM 8; .NET CLR 3.0.4506.2152; .NET CLR 3.5.30729)"
80.246.106.4 - - [22/May/2015:13:37:16 +0000] "GET /wp-admin/ HTTP/1.1" 200 12563 "http://weblog.lo2k.net/wp-login.php" "Mozilla/5.0 (Windows NT 6.1) AppleWebKit/537.36 (KHTML, like Gecko) Chrome/43.0.2357.65 Safari/537.36"
80.246.106.4 - - [22/May/2015:13:37:17 +0000] "GET /wp-includes/js/thickbox/thickbox.css?ver=4.2.2 HTTP/1.1" 200 817 "http://weblog.lo2k.net/wp-admin/" "Mozilla/5.0 (Windows NT 6.1) AppleWebKit/537.36 (KHTML, like Gecko) Chrome/43.0.2357.65 Safari/537.36"
80.246.106.4 - - [22/May/2015:13:37:17 +0000] "GET /wp-includes/css/editor.min.css?ver=4.2.2 HTTP/1.1" 200 6030 "http://weblog.lo2k.net/wp-admin/" "Mozilla/5.0 (Windows NT 6.1) AppleWebKit/537.36 (KHTML, like Gecko) Chrome/43.0.2357.65 Safari/537.36"
199.19.249.196 - - [22/May/2015:13:37:17 +0000] "GET /wp-admin/load-styles.php?c=0&dir=ltr&load=dashicons,admin-bar,wp-admin,buttons,wp-auth-check&ver=4.2.2 HTTP/1.1" 200 292736 "-" "Mozilla/4.0 (compatible; MSIE 7.0; Windows NT 5.1; InfoPath.1; .NET CLR 2.0.50727; .NET CLR 1.1.4322; MS-RTC LM 8; .NET CLR 3.0.4506.2152; .NET CLR 3.5.30729)"
199.19.249.196 - - [22/May/2015:13:37:17 +0000] "GET /wp-admin/load-scripts.php?c=0&load%5b%5d=jquery-core,jquery-migrate,utils&ver=4.2.2 HTTP/1.1" 200 105053 "-" "Mozilla/4.0 (compatible; MSIE 7.0; Windows NT 5.1; InfoPath.1; .NET CLR 2.0.50727; .NET CLR 1.1.4322; MS-RTC LM 8; .NET CLR 3.0.4506.2152; .NET CLR 3.5.30729)"
199.19.249.196 - - [22/May/2015:13:37:17 +0000] "GET /wp-admin/load-scripts.php?c=0&load%5b%5d=hoverIntent,common,admin-bar,wp-ajax-response,jquery-color,wp-lists,quicktags,jquery-query,admin-comments,jquery-ui-core,jquery-&load%5b%5d=ui-widget,jquery-ui-mouse,jquery-ui-sortable,postbox,dashboard,underscore,wp-a11y,customize-base,customize-loader,thickbox,plugi&load%5b%5d=n-install,shortcode,media-upload,svg-painter,heartbeat,wp-auth-check,word-count,wplink&ver=4.2.2 HTTP/1.1" 200 176334 "-" "Mozilla/4.0 (compatible; MSIE 7.0; Windows NT 5.1; InfoPath.1; .NET CLR 2.0.50727; .NET CLR 1.1.4322; MS-RTC LM 8; .NET CLR 3.0.4506.2152; .NET CLR 3.5.30729)"
80.246.106.4 - - [22/May/2015:13:37:17 +0000] "GET /wp-admin/load-scripts.php?c=0&load%5B%5D=jquery-core,jquery-migrate,utils&ver=4.2.2 HTTP/1.1" 200 36558 "http://weblog.lo2k.net/wp-admin/" "Mozilla/5.0 (Windows NT 6.1) AppleWebKit/537.36 (KHTML, like Gecko) Chrome/43.0.2357.65 Safari/537.36"
80.246.106.4 - - [22/May/2015:13:37:17 +0000] "GET /wp-admin/load-styles.php?c=0&dir=ltr&load=dashicons,admin-bar,wp-admin,buttons,wp-auth-check&ver=4.2.2 HTTP/1.1" 200 73518 "http://weblog.lo2k.net/wp-admin/" "Mozilla/5.0 (Windows NT 6.1) AppleWebKit/537.36 (KHTML, like Gecko) Chrome/43.0.2357.65 Safari/537.36"
80.246.106.4 - - [22/May/2015:13:37:17 +0000] "GET /wp-admin/load-scripts.php?c=0&load%5B%5D=hoverIntent,common,admin-bar,wp-ajax-response,jquery-color,wp-lists,quicktags,jquery-query,admin-comments,jquery-ui-core,jquery-&load%5B%5D=ui-widget,jquery-ui-mouse,jquery-ui-sortable,postbox,dashboard,underscore,wp-a11y,customize-base,customize-loader,thickbox,plugi&load%5B%5D=n-install,shortcode,media-upload,svg-painter,heartbeat,wp-auth-check,word-count,wplink&ver=4.2.2 HTTP/1.1" 200 53900 "http://weblog.lo2k.net/wp-admin/" "Mozilla/5.0 (Windows NT 6.1) AppleWebKit/537.36 (KHTML, like Gecko) Chrome/43.0.2357.65 Safari/537.36"
80.246.106.4 - - [22/May/2015:13:37:17 +0000] "GET /wp-includes/js/wp-emoji-release.min.js?ver=4.2.2 HTTP/1.1" 200 4284 "http://weblog.lo2k.net/wp-admin/" "Mozilla/5.0 (Windows NT 6.1) AppleWebKit/537.36 (KHTML, like Gecko) Chrome/43.0.2357.65 Safari/537.36"
80.246.106.4 - - [22/May/2015:13:37:17 +0000] "GET /wp-includes/js/thickbox/loadingAnimation.gif HTTP/1.1" 200 15238 "http://weblog.lo2k.net/wp-admin/" "Mozilla/5.0 (Windows NT 6.1) AppleWebKit/537.36 (KHTML, like Gecko) Chrome/43.0.2357.65 Safari/537.36"
80.246.106.4 - - [22/May/2015:13:37:17 +0000] "GET /favicon.ico HTTP/1.1" 200 0 "http://weblog.lo2k.net/wp-admin/" "Mozilla/5.0 (Windows NT 6.1) AppleWebKit/537.36 (KHTML, like Gecko) Chrome/43.0.2357.65 Safari/537.36"
172.17.42.1 - - [22/May/2015:13:37:19 +0000] "POST /wp-cron.php?doing_wp_cron=1432301838.5406489372253417968750 HTTP/1.0" 200 0 "-" "WordPress/4.2.2; http://weblog.lo2k.net"
172.17.42.1 - - [22/May/2015:13:37:19 +0000] "POST /wp-cron.php?doing_wp_cron=1432301838.6775770187377929687500 HTTP/1.0" 200 0 "-" "WordPress/4.2.2; http://weblog.lo2k.net"
199.19.249.196 - - [22/May/2015:13:37:19 +0000] "GET /wp-admin/admin-ajax.php?action=wp-compression-test&test=1&1432301837555 HTTP/1.1" 200 1 "-" "Mozilla/4.0 (compatible; MSIE 7.0; Windows NT 5.1; InfoPath.1; .NET CLR 2.0.50727; .NET CLR 1.1.4322; MS-RTC LM 8; .NET CLR 3.0.4506.2152; .NET CLR 3.5.30729)"
199.19.249.196 - - [22/May/2015:13:37:19 +0000] "GET /wp-admin/admin-ajax.php?action=dashboard-widgets&widget=dashboard_primary&pagenow=dashboard HTTP/1.1" 200 1 "-" "Mozilla/4.0 (compatible; MSIE 7.0; Windows NT 5.1; InfoPath.1; .NET CLR 2.0.50727; .NET CLR 1.1.4322; MS-RTC LM 8; .NET CLR 3.0.4506.2152; .NET CLR 3.5.30729)"
80.246.106.4 - - [22/May/2015:13:37:20 +0000] "GET /wp-admin/admin-ajax.php?action=wp-compression-test&test=1&1432301837555 HTTP/1.1" 200 574 "http://weblog.lo2k.net/wp-admin/" "Mozilla/5.0 (Windows NT 6.1) AppleWebKit/537.36 (KHTML, like Gecko) Chrome/43.0.2357.65 Safari/537.36"
199.19.249.196 - - [22/May/2015:13:37:21 +0000] "GET /wp-admin/index.php HTTP/1.1" 302 0 "-" "Mozilla/4.0 (compatible; MSIE 7.0; Windows NT 5.1; InfoPath.1; .NET CLR 2.0.50727; .NET CLR 1.1.4322; MS-RTC LM 8; .NET CLR 3.0.4506.2152; .NET CLR 3.5.30729)"
80.246.106.4 - - [22/May/2015:13:37:22 +0000] "GET /wp-admin/admin-ajax.php?action=wp-compression-test&test=no&1432301840866 HTTP/1.1" 200 1 "http://weblog.lo2k.net/wp-admin/" "Mozilla/5.0 (Windows NT 6.1) AppleWebKit/537.36 (KHTML, like Gecko) Chrome/43.0.2357.65 Safari/537.36"
199.19.249.196 - - [22/May/2015:13:37:22 +0000] "GET /wp-login.php?redirect_to=http%3A%2F%2Fweblog.lo2k.net%2Fwp-admin%2Findex.php&reauth=1 HTTP/1.1" 200 2795 "-" "Mozilla/4.0 (compatible; MSIE 7.0; Windows NT 5.1; InfoPath.1; .NET CLR 2.0.50727; .NET CLR 1.1.4322; MS-RTC LM 8; .NET CLR 3.0.4506.2152; .NET CLR 3.5.30729)"
80.246.106.4 - - [22/May/2015:13:37:23 +0000] "GET /wp-admin/index.php HTTP/1.1" 200 12169 "http://weblog.lo2k.net/wp-admin/" "Mozilla/5.0 (Windows NT 6.1) AppleWebKit/537.36 (KHTML, like Gecko) Chrome/43.0.2357.65 Safari/537.36"
80.246.106.4 - - [22/May/2015:13:37:23 +0000] "GET /wp-admin/admin-ajax.php?action=dashboard-widgets&widget=dashboard_primary&pagenow=dashboard HTTP/1.1" 200 737 "http://weblog.lo2k.net/wp-admin/" "Mozilla/5.0 (Windows NT 6.1) AppleWebKit/537.36 (KHTML, like Gecko) Chrome/43.0.2357.65 Safari/537.36"
80.246.106.4 - - [22/May/2015:13:37:24 +0000] "GET /favicon.ico HTTP/1.1" 200 0 "-" "Mozilla/4.0 (compatible;)"
80.246.106.4 - - [22/May/2015:13:37:24 +0000] "GET /wp-admin/admin-ajax.php?action=dashboard-widgets&widget=dashboard_primary&pagenow=dashboard HTTP/1.1" 200 737 "http://weblog.lo2k.net/wp-admin/index.php" "Mozilla/5.0 (Windows NT 6.1) AppleWebKit/537.36 (KHTML, like Gecko) Chrome/43.0.2357.65 Safari/537.36"
80.246.106.4 - - [22/May/2015:13:38:24 +0000] "POST /wp-admin/admin-ajax.php HTTP/1.1" 200 47 "http://weblog.lo2k.net/wp-admin/index.php" "Mozilla/5.0 (Windows NT 6.1) AppleWebKit/537.36 (KHTML, like Gecko) Chrome/43.0.2357.65 Safari/537.36"
80.246.106.4 - - [22/May/2015:13:40:26 +0000] "POST /wp-admin/admin-ajax.php HTTP/1.1" 200 47 "http://weblog.lo2k.net/wp-admin/index.php" "Mozilla/5.0 (Windows NT 6.1) AppleWebKit/537.36 (KHTML, like Gecko) Chrome/43.0.2357.65 Safari/537.36"
80.246.106.4 - - [22/May/2015:13:42:26 +0000] "POST /wp-admin/admin-ajax.php HTTP/1.1" 200 47 "http://weblog.lo2k.net/wp-admin/index.php" "Mozilla/5.0 (Windows NT 6.1) AppleWebKit/537.36 (KHTML, like Gecko) Chrome/43.0.2357.65 Safari/537.36"
80.246.106.4 - - [22/May/2015:13:44:27 +0000] "POST /wp-admin/admin-ajax.php HTTP/1.1" 200 47 "http://weblog.lo2k.net/wp-admin/index.php" "Mozilla/5.0 (Windows NT 6.1) AppleWebKit/537.36 (KHTML, like Gecko) Chrome/43.0.2357.65 Safari/537.36"
46.151.52.77 - - [22/May/2015:13:45:03 +0000] "GET /2010/04/4-raisons-davoir-choisi-un-telephone-sous-android-plutot-quun-iphone/ HTTP/1.0" 404 8921 "http://weblog.lo2k.net/2010/04/4-raisons-davoir-choisi-un-telephone-sous-android-plutot-quun-iphone/" "Opera/9.80 (Windows NT 6.1; WOW64) Presto/2.12.388 Version/12.17"
46.151.52.77 - - [22/May/2015:13:45:03 +0000] "GET / HTTP/1.0" 200 9151 "http://weblog.lo2k.net/" "Opera/9.80 (Windows NT 6.1; WOW64) Presto/2.12.388 Version/12.17"
125.71.40.74 - - [22/May/2015:13:45:16 +0000] "GET /2013/04/node-tetrinet-released/ HTTP/1.1" 404 3288 "-" "Mozilla/4.0 (compatible; MSIE 6.0; Windows NT 5.1; SV1; Mozilla/4.0 (compatible; MSIE 6.0; Windows NT 5.1; SV1) )"
46.151.52.35 - - [22/May/2015:13:46:00 +0000] "GET /2010/04/4-raisons-davoir-choisi-un-telephone-sous-android-plutot-quun-iphone/ HTTP/1.0" 404 8921 "http://weblog.lo2k.net/2010/04/4-raisons-davoir-choisi-un-telephone-sous-android-plutot-quun-iphone/" "Mozilla/5.0 (Windows NT 6.1) AppleWebKit/537.36 (KHTML, like Gecko) Chrome/39.0.2171.71 Safari/537.36"
46.151.52.35 - - [22/May/2015:13:46:00 +0000] "GET / HTTP/1.0" 200 9151 "http://weblog.lo2k.net/" "Mozilla/5.0 (Windows NT 6.1) AppleWebKit/537.36 (KHTML, like Gecko) Chrome/39.0.2171.71 Safari/537.36"
80.246.106.4 - - [22/May/2015:13:46:28 +0000] "POST /wp-admin/admin-ajax.php HTTP/1.1" 200 47 "http://weblog.lo2k.net/wp-admin/index.php" "Mozilla/5.0 (Windows NT 6.1) AppleWebKit/537.36 (KHTML, like Gecko) Chrome/43.0.2357.65 Safari/537.36"
174.37.54.171 - - [22/May/2015:13:47:46 +0000] "GET /feed HTTP/1.1" 301 0 "-" "Mozilla/5.0 (Windows NT 5.1; rv:18.0) Gecko/20100101 Firefox/18.0"
174.37.54.171 - - [22/May/2015:13:47:46 +0000] "GET /feed/ HTTP/1.1" 200 1756 "-" "Mozilla/5.0 (Windows NT 5.1; rv:18.0) Gecko/20100101 Firefox/18.0"
80.246.106.4 - - [22/May/2015:13:48:29 +0000] "POST /wp-admin/admin-ajax.php HTTP/1.1" 200 47 "http://weblog.lo2k.net/wp-admin/index.php" "Mozilla/5.0 (Windows NT 6.1) AppleWebKit/537.36 (KHTML, like Gecko) Chrome/43.0.2357.65 Safari/537.36"
199.19.249.196 - - [22/May/2015:13:48:46 +0000] "GET / HTTP/1.1" 200 1413 "-" "Mozilla/4.0 (compatible; MSIE 7.0; Windows NT 5.1; InfoPath.1; .NET CLR 2.0.50727; .NET CLR 1.1.4322; MS-RTC LM 8; .NET CLR 3.0.4506.2152; .NET CLR 3.5.30729)"
80.246.106.4 - - [22/May/2015:13:48:47 +0000] "GET / HTTP/1.1" 200 571 "-" "Mozilla/5.0 (Windows NT 6.1) AppleWebKit/537.36 (KHTML, like Gecko) Chrome/43.0.2357.65 Safari/537.36"
80.246.106.4 - - [22/May/2015:13:48:47 +0000] "GET /stylesheets/bootstrap.min.css HTTP/1.1" 200 17079 "http://dl.lo2k.net/" "Mozilla/5.0 (Windows NT 6.1) AppleWebKit/537.36 (KHTML, like Gecko) Chrome/43.0.2357.65 Safari/537.36"
80.246.106.4 - - [22/May/2015:13:48:47 +0000] "GET /stylesheets/main.css HTTP/1.1" 200 63 "http://dl.lo2k.net/" "Mozilla/5.0 (Windows NT 6.1) AppleWebKit/537.36 (KHTML, like Gecko) Chrome/43.0.2357.65 Safari/537.36"
80.246.106.4 - - [22/May/2015:13:48:47 +0000] "GET /stylesheets/font-awesome.min.css HTTP/1.1" 200 3475 "http://dl.lo2k.net/" "Mozilla/5.0 (Windows NT 6.1) AppleWebKit/537.36 (KHTML, like Gecko) Chrome/43.0.2357.65 Safari/537.36"
80.246.106.4 - - [22/May/2015:13:48:47 +0000] "GET /js/lib/angular.min.js HTTP/1.1" 200 32298 "http://dl.lo2k.net/" "Mozilla/5.0 (Windows NT 6.1) AppleWebKit/537.36 (KHTML, like Gecko) Chrome/43.0.2357.65 Safari/537.36"
80.246.106.4 - - [22/May/2015:13:48:47 +0000] "GET /js/app.js HTTP/1.1" 200 316 "http://dl.lo2k.net/" "Mozilla/5.0 (Windows NT 6.1) AppleWebKit/537.36 (KHTML, like Gecko) Chrome/43.0.2357.65 Safari/537.36"
80.246.106.4 - - [22/May/2015:13:48:47 +0000] "GET /js/controllers.js HTTP/1.1" 200 2577 "http://dl.lo2k.net/" "Mozilla/5.0 (Windows NT 6.1) AppleWebKit/537.36 (KHTML, like Gecko) Chrome/43.0.2357.65 Safari/537.36"
80.246.106.4 - - [22/May/2015:13:48:47 +0000] "GET /js/services.js HTTP/1.1" 200 228 "http://dl.lo2k.net/" "Mozilla/5.0 (Windows NT 6.1) AppleWebKit/537.36 (KHTML, like Gecko) Chrome/43.0.2357.65 Safari/537.36"
80.246.106.4 - - [22/May/2015:13:48:47 +0000] "GET /js/lib/angular-cookies.min.js HTTP/1.1" 200 488 "http://dl.lo2k.net/" "Mozilla/5.0 (Windows NT 6.1) AppleWebKit/537.36 (KHTML, like Gecko) Chrome/43.0.2357.65 Safari/537.36"
80.246.106.4 - - [22/May/2015:13:48:47 +0000] "GET /js/lib/bison.js HTTP/1.1" 200 2802 "http://dl.lo2k.net/" "Mozilla/5.0 (Windows NT 6.1) AppleWebKit/537.36 (KHTML, like Gecko) Chrome/43.0.2357.65 Safari/537.36"
80.246.106.4 - - [22/May/2015:13:48:47 +0000] "GET /js/jquery-latest.js HTTP/1.1" 200 79948 "http://dl.lo2k.net/" "Mozilla/5.0 (Windows NT 6.1) AppleWebKit/537.36 (KHTML, like Gecko) Chrome/43.0.2357.65 Safari/537.36"
80.246.106.4 - - [22/May/2015:13:48:51 +0000] "GET /socket.io/socket.io.js HTTP/1.1" 200 8088 "http://dl.lo2k.net/" "Mozilla/5.0 (Windows NT 6.1) AppleWebKit/537.36 (KHTML, like Gecko) Chrome/43.0.2357.65 Safari/537.36"
199.19.249.196 - - [22/May/2015:13:48:51 +0000] "GET /partials/index.html HTTP/1.1" 200 1099 "-" "Mozilla/4.0 (compatible; MSIE 7.0; Windows NT 5.1; InfoPath.1; .NET CLR 2.0.50727; .NET CLR 1.1.4322; MS-RTC LM 8; .NET CLR 3.0.4506.2152; .NET CLR 3.5.30729)"
80.246.106.4 - - [22/May/2015:13:48:51 +0000] "GET /partials/index.html HTTP/1.1" 200 524 "http://dl.lo2k.net/" "Mozilla/5.0 (Windows NT 6.1) AppleWebKit/537.36 (KHTML, like Gecko) Chrome/43.0.2357.65 Safari/537.36"
80.246.106.4 - - [22/May/2015:13:48:51 +0000] "GET /favicon.ico HTTP/1.1" 200 1406 "http://dl.lo2k.net/" "Mozilla/5.0 (Windows NT 6.1) AppleWebKit/537.36 (KHTML, like Gecko) Chrome/43.0.2357.65 Safari/537.36"
199.19.249.196 - - [22/May/2015:13:48:51 +0000] "GET /font/fontawesome-webfont.woff?v=3.0.1 HTTP/1.1" 200 29380 "-" "Mozilla/4.0 (compatible; MSIE 7.0; Windows NT 5.1; InfoPath.1; .NET CLR 2.0.50727; .NET CLR 1.1.4322; MS-RTC LM 8; .NET CLR 3.0.4506.2152; .NET CLR 3.5.30729)"
80.246.106.4 - - [22/May/2015:13:48:51 +0000] "GET /font/fontawesome-webfont.woff?v=3.0.1 HTTP/1.1" 200 29380 "http://dl.lo2k.net/stylesheets/font-awesome.min.css" "Mozilla/5.0 (Windows NT 6.1) AppleWebKit/537.36 (KHTML, like Gecko) Chrome/43.0.2357.65 Safari/537.36"
80.246.106.4 - - [22/May/2015:13:48:51 +0000] "GET /socket.io/1/?t=1432302531554 HTTP/1.1" 200 53 "http://dl.lo2k.net/" "Mozilla/5.0 (Windows NT 6.1) AppleWebKit/537.36 (KHTML, like Gecko) Chrome/43.0.2357.65 Safari/537.36"
80.246.106.4 - - [22/May/2015:13:48:52 +0000] "GET /socket.io/1/jsonp-polling/_b_pg1XRbVi5eGFO4PLZ?t=1432302531825&i=0 HTTP/1.1" 200 15 "http://dl.lo2k.net/" "Mozilla/5.0 (Windows NT 6.1) AppleWebKit/537.36 (KHTML, like Gecko) Chrome/43.0.2357.65 Safari/537.36"
80.246.106.4 - - [22/May/2015:13:48:52 +0000] "POST /socket.io/1/jsonp-polling/_b_pg1XRbVi5eGFO4PLZ?t=1432302531982&i=0 HTTP/1.1" 200 1 "http://dl.lo2k.net/" "Mozilla/5.0 (Windows NT 6.1) AppleWebKit/537.36 (KHTML, like Gecko) Chrome/43.0.2357.65 Safari/537.36"
80.246.106.4 - - [22/May/2015:13:48:52 +0000] "GET /socket.io/1/jsonp-polling/_b_pg1XRbVi5eGFO4PLZ?t=1432302532006&i=0 HTTP/1.1" 200 24 "http://dl.lo2k.net/" "Mozilla/5.0 (Windows NT 6.1) AppleWebKit/537.36 (KHTML, like Gecko) Chrome/43.0.2357.65 Safari/537.36"
80.246.106.4 - - [22/May/2015:13:48:52 +0000] "GET /socket.io/1/jsonp-polling/_b_pg1XRbVi5eGFO4PLZ?t=1432302532637&i=0 HTTP/1.1" 200 49 "http://dl.lo2k.net/" "Mozilla/5.0 (Windows NT 6.1) AppleWebKit/537.36 (KHTML, like Gecko) Chrome/43.0.2357.65 Safari/537.36"
80.246.106.4 - - [22/May/2015:13:49:12 +0000] "GET /socket.io/1/jsonp-polling/_b_pg1XRbVi5eGFO4PLZ?t=1432302532766&i=0 HTTP/1.1" 200 15 "http://dl.lo2k.net/" "Mozilla/5.0 (Windows NT 6.1) AppleWebKit/537.36 (KHTML, like Gecko) Chrome/43.0.2357.65 Safari/537.36"
68.180.228.157 - - [22/May/2015:13:50:22 +0000] "GET /robots.txt HTTP/1.1" 200 35 "-" "Mozilla/5.0 (compatible; Yahoo! Slurp; http://help.yahoo.com/help/us/ysearch/slurp)"
68.180.228.157 - - [22/May/2015:13:50:24 +0000] "GET /tag/htc/ HTTP/1.1" 404 3288 "-" "Mozilla/5.0 (compatible; Yahoo! Slurp; http://help.yahoo.com/help/us/ysearch/slurp)"
80.246.106.4 - - [22/May/2015:13:50:31 +0000] "POST /wp-admin/admin-ajax.php HTTP/1.1" 200 47 "http://weblog.lo2k.net/wp-admin/index.php" "Mozilla/5.0 (Windows NT 6.1) AppleWebKit/537.36 (KHTML, like Gecko) Chrome/43.0.2357.65 Safari/537.36"
80.246.106.4 - - [22/May/2015:13:52:31 +0000] "POST /wp-admin/admin-ajax.php HTTP/1.1" 200 47 "http://weblog.lo2k.net/wp-admin/index.php" "Mozilla/5.0 (Windows NT 6.1) AppleWebKit/537.36 (KHTML, like Gecko) Chrome/43.0.2357.65 Safari/537.36"
80.246.106.4 - - [22/May/2015:13:54:32 +0000] "POST /wp-admin/admin-ajax.php HTTP/1.1" 200 47 "http://weblog.lo2k.net/wp-admin/index.php" "Mozilla/5.0 (Windows NT 6.1) AppleWebKit/537.36 (KHTML, like Gecko) Chrome/43.0.2357.65 Safari/537.36"
80.246.106.4 - - [22/May/2015:13:56:32 +0000] "POST /wp-admin/admin-ajax.php HTTP/1.1" 200 47 "http://weblog.lo2k.net/wp-admin/index.php" "Mozilla/5.0 (Windows NT 6.1) AppleWebKit/537.36 (KHTML, like Gecko) Chrome/43.0.2357.65 Safari/537.36"
80.246.106.4 - - [22/May/2015:13:58:33 +0000] "POST /wp-admin/admin-ajax.php HTTP/1.1" 200 47 "http://weblog.lo2k.net/wp-admin/index.php" "Mozilla/5.0 (Windows NT 6.1) AppleWebKit/537.36 (KHTML, like Gecko) Chrome/43.0.2357.65 Safari/537.36"
80.246.106.4 - - [22/May/2015:14:00:34 +0000] "POST /wp-admin/admin-ajax.php HTTP/1.1" 200 47 "http://weblog.lo2k.net/wp-admin/index.php" "Mozilla/5.0 (Windows NT 6.1) AppleWebKit/537.36 (KHTML, like Gecko) Chrome/43.0.2357.65 Safari/537.36"
80.246.106.4 - - [22/May/2015:14:02:35 +0000] "POST /wp-admin/admin-ajax.php HTTP/1.1" 200 47 "http://weblog.lo2k.net/wp-admin/index.php" "Mozilla/5.0 (Windows NT 6.1) AppleWebKit/537.36 (KHTML, like Gecko) Chrome/43.0.2357.65 Safari/537.36"
46.151.52.36 - - [22/May/2015:14:03:41 +0000] "GET /2010/04/4-raisons-davoir-choisi-un-telephone-sous-android-plutot-quun-iphone/ HTTP/1.0" 404 8921 "http://weblog.lo2k.net/2010/04/4-raisons-davoir-choisi-un-telephone-sous-android-plutot-quun-iphone/" "Mozilla/5.0 (Windows NT 6.1; WOW64) AppleWebKit/537.36 (KHTML, like Gecko) Chrome/39.0.2171.65 Safari/537.36 OPR/26.0.1656.24"
46.151.52.36 - - [22/May/2015:14:03:42 +0000] "GET / HTTP/1.0" 200 9151 "http://weblog.lo2k.net/" "Mozilla/5.0 (Windows NT 6.1; WOW64) AppleWebKit/537.36 (KHTML, like Gecko) Chrome/39.0.2171.65 Safari/537.36 OPR/26.0.1656.24"
80.246.106.4 - - [22/May/2015:14:04:36 +0000] "POST /wp-admin/admin-ajax.php HTTP/1.1" 200 47 "http://weblog.lo2k.net/wp-admin/index.php" "Mozilla/5.0 (Windows NT 6.1) AppleWebKit/537.36 (KHTML, like Gecko) Chrome/43.0.2357.65 Safari/537.36"
80.246.106.4 - - [22/May/2015:14:06:37 +0000] "POST /wp-admin/admin-ajax.php HTTP/1.1" 200 47 "http://weblog.lo2k.net/wp-admin/index.php" "Mozilla/5.0 (Windows NT 6.1) AppleWebKit/537.36 (KHTML, like Gecko) Chrome/43.0.2357.65 Safari/537.36"
80.246.106.4 - - [22/May/2015:14:08:38 +0000] "POST /wp-admin/admin-ajax.php HTTP/1.1" 200 47 "http://weblog.lo2k.net/wp-admin/index.php" "Mozilla/5.0 (Windows NT 6.1) AppleWebKit/537.36 (KHTML, like Gecko) Chrome/43.0.2357.65 Safari/537.36"
80.246.106.4 - - [22/May/2015:14:10:39 +0000] "POST /wp-admin/admin-ajax.php HTTP/1.1" 200 47 "http://weblog.lo2k.net/wp-admin/index.php" "Mozilla/5.0 (Windows NT 6.1) AppleWebKit/537.36 (KHTML, like Gecko) Chrome/43.0.2357.65 Safari/537.36"
46.151.52.67 - - [22/May/2015:14:10:48 +0000] "GET /2010/04/4-raisons-davoir-choisi-un-telephone-sous-android-plutot-quun-iphone/ HTTP/1.0" 404 8921 "http://weblog.lo2k.net/2010/04/4-raisons-davoir-choisi-un-telephone-sous-android-plutot-quun-iphone/" "Mozilla/5.0 (Windows NT 6.0) AppleWebKit/537.36 (KHTML, like Gecko) Chrome/39.0.2171.71 Safari/537.36"
46.151.52.67 - - [22/May/2015:14:10:48 +0000] "GET / HTTP/1.0" 200 9151 "http://weblog.lo2k.net/" "Mozilla/5.0 (Windows NT 6.0) AppleWebKit/537.36 (KHTML, like Gecko) Chrome/39.0.2171.71 Safari/537.36"
80.246.106.4 - - [22/May/2015:14:12:39 +0000] "POST /wp-admin/admin-ajax.php HTTP/1.1" 200 47 "http://weblog.lo2k.net/wp-admin/index.php" "Mozilla/5.0 (Windows NT 6.1) AppleWebKit/537.36 (KHTML, like Gecko) Chrome/43.0.2357.65 Safari/537.36"
80.246.106.4 - - [22/May/2015:14:14:40 +0000] "POST /wp-admin/admin-ajax.php HTTP/1.1" 200 47 "http://weblog.lo2k.net/wp-admin/index.php" "Mozilla/5.0 (Windows NT 6.1) AppleWebKit/537.36 (KHTML, like Gecko) Chrome/43.0.2357.65 Safari/537.36"
80.246.106.4 - - [22/May/2015:14:16:41 +0000] "POST /wp-admin/admin-ajax.php HTTP/1.1" 200 47 "http://weblog.lo2k.net/wp-admin/index.php" "Mozilla/5.0 (Windows NT 6.1) AppleWebKit/537.36 (KHTML, like Gecko) Chrome/43.0.2357.65 Safari/537.36"
80.246.106.4 - - [22/May/2015:14:18:42 +0000] "POST /wp-admin/admin-ajax.php HTTP/1.1" 200 47 "http://weblog.lo2k.net/wp-admin/index.php" "Mozilla/5.0 (Windows NT 6.1) AppleWebKit/537.36 (KHTML, like Gecko) Chrome/43.0.2357.65 Safari/537.36"
80.246.106.4 - - [22/May/2015:14:20:43 +0000] "POST /wp-admin/admin-ajax.php HTTP/1.1" 200 47 "http://weblog.lo2k.net/wp-admin/index.php" "Mozilla/5.0 (Windows NT 6.1) AppleWebKit/537.36 (KHTML, like Gecko) Chrome/43.0.2357.65 Safari/537.36"
80.246.106.4 - - [22/May/2015:14:22:43 +0000] "POST /wp-admin/admin-ajax.php HTTP/1.1" 200 47 "http://weblog.lo2k.net/wp-admin/index.php" "Mozilla/5.0 (Windows NT 6.1) AppleWebKit/537.36 (KHTML, like Gecko) Chrome/43.0.2357.65 Safari/537.36"
66.249.79.18 - - [22/May/2015:14:24:09 +0000] "GET /robots.txt HTTP/1.1" 404 151 "-" "Mozilla/5.0 (compatible; Googlebot/2.1; +http://www.google.com/bot.html)"
66.249.79.244 - - [22/May/2015:14:24:10 +0000] "GET / HTTP/1.1" 200 5 "-" "Mozilla/5.0 AppleWebKit/537.36 (KHTML, like Gecko; Google Web Preview Analytics) Chrome/27.0.1453 Safari/537.36 (compatible; Googlebot/2.1; +http://www.google.com/bot.html)"
80.246.106.4 - - [22/May/2015:14:24:44 +0000] "POST /wp-admin/admin-ajax.php HTTP/1.1" 200 47 "http://weblog.lo2k.net/wp-admin/index.php" "Mozilla/5.0 (Windows NT 6.1) AppleWebKit/537.36 (KHTML, like Gecko) Chrome/43.0.2357.65 Safari/537.36"
68.180.228.157 - - [22/May/2015:14:26:02 +0000] "GET /2009/01/explosion-des-stats/feed/ HTTP/1.1" 200 422 "-" "Mozilla/5.0 (compatible; Yahoo! Slurp; http://help.yahoo.com/help/us/ysearch/slurp)"
80.246.106.4 - - [22/May/2015:14:26:45 +0000] "POST /wp-admin/admin-ajax.php HTTP/1.1" 200 47 "http://weblog.lo2k.net/wp-admin/index.php" "Mozilla/5.0 (Windows NT 6.1) AppleWebKit/537.36 (KHTML, like Gecko) Chrome/43.0.2357.65 Safari/537.36"
91.121.103.198 - - [22/May/2015:14:26:59 +0000] "GET /feed/ HTTP/1.1" 200 1756 "-" "Fever/1.39 (Feed Parser; http://feedafever.com; Allow like Gecko)"
123.125.71.14 - - [22/May/2015:14:28:10 +0000] "GET / HTTP/1.1" 200 5 "-" "Mozilla/5.0 (Windows NT 5.1; rv:6.0.2) Gecko/20100101 Firefox/6.0.2"
80.246.106.4 - - [22/May/2015:14:28:46 +0000] "POST /wp-admin/admin-ajax.php HTTP/1.1" 200 47 "http://weblog.lo2k.net/wp-admin/index.php" "Mozilla/5.0 (Windows NT 6.1) AppleWebKit/537.36 (KHTML, like Gecko) Chrome/43.0.2357.65 Safari/537.36"
80.246.106.4 - - [22/May/2015:14:30:46 +0000] "POST /wp-admin/admin-ajax.php HTTP/1.1" 200 47 "http://weblog.lo2k.net/wp-admin/index.php" "Mozilla/5.0 (Windows NT 6.1) AppleWebKit/537.36 (KHTML, like Gecko) Chrome/43.0.2357.65 Safari/537.36"
141.212.122.2 - - [22/May/2015:14:31:06 +0000] "GET / HTTP/1.1" 200 5 "-" "-"
216.70.100.198 - - [22/May/2015:14:32:09 +0000] "POST /wp-login.php HTTP/1.1" 200 3762 "-" "Mozilla/5.0 (compatible; Googlebot/2.1; +http://www.google.com/bot.html)"
80.246.106.4 - - [22/May/2015:14:32:47 +0000] "POST /wp-admin/admin-ajax.php HTTP/1.1" 200 47 "http://weblog.lo2k.net/wp-admin/index.php" "Mozilla/5.0 (Windows NT 6.1) AppleWebKit/537.36 (KHTML, like Gecko) Chrome/43.0.2357.65 Safari/537.36"
80.246.106.4 - - [22/May/2015:14:34:48 +0000] "POST /wp-admin/admin-ajax.php HTTP/1.1" 200 47 "http://weblog.lo2k.net/wp-admin/index.php" "Mozilla/5.0 (Windows NT 6.1) AppleWebKit/537.36 (KHTML, like Gecko) Chrome/43.0.2357.65 Safari/537.36"
80.246.106.4 - - [22/May/2015:14:36:49 +0000] "POST /wp-admin/admin-ajax.php HTTP/1.1" 200 47 "http://weblog.lo2k.net/wp-admin/index.php" "Mozilla/5.0 (Windows NT 6.1) AppleWebKit/537.36 (KHTML, like Gecko) Chrome/43.0.2357.65 Safari/537.36"
66.249.79.105 - - [22/May/2015:14:37:57 +0000] "GET /robots.txt HTTP/1.1" 200 35 "-" "Mozilla/5.0 (compatible; Googlebot/2.1; +http://www.google.com/bot.html)"
66.249.79.131 - - [22/May/2015:14:37:58 +0000] "GET /2011/02/ HTTP/1.1" 404 3288 "-" "Mozilla/5.0 (compatible; Googlebot/2.1; +http://www.google.com/bot.html)"
80.246.106.4 - - [22/May/2015:14:38:49 +0000] "POST /wp-admin/admin-ajax.php HTTP/1.1" 200 47 "http://weblog.lo2k.net/wp-admin/index.php" "Mozilla/5.0 (Windows NT 6.1) AppleWebKit/537.36 (KHTML, like Gecko) Chrome/43.0.2357.65 Safari/537.36"
80.246.106.4 - - [22/May/2015:14:40:50 +0000] "POST /wp-admin/admin-ajax.php HTTP/1.1" 200 47 "http://weblog.lo2k.net/wp-admin/index.php" "Mozilla/5.0 (Windows NT 6.1) AppleWebKit/537.36 (KHTML, like Gecko) Chrome/43.0.2357.65 Safari/537.36"
80.246.106.4 - - [22/May/2015:14:42:51 +0000] "POST /wp-admin/admin-ajax.php HTTP/1.1" 200 47 "http://weblog.lo2k.net/wp-admin/index.php" "Mozilla/5.0 (Windows NT 6.1) AppleWebKit/537.36 (KHTML, like Gecko) Chrome/43.0.2357.65 Safari/537.36"
46.151.52.43 - - [22/May/2015:14:44:27 +0000] "GET /2010/04/4-raisons-davoir-choisi-un-telephone-sous-android-plutot-quun-iphone/ HTTP/1.0" 404 8921 "http://weblog.lo2k.net/2010/04/4-raisons-davoir-choisi-un-telephone-sous-android-plutot-quun-iphone/" "Mozilla/5.0 (Windows NT 5.1; rv:33.0) Gecko/20100101 Firefox/33.0"
46.151.52.43 - - [22/May/2015:14:44:28 +0000] "GET / HTTP/1.0" 200 9151 "http://weblog.lo2k.net/" "Mozilla/5.0 (Windows NT 5.1; rv:33.0) Gecko/20100101 Firefox/33.0"
80.246.106.4 - - [22/May/2015:14:44:52 +0000] "POST /wp-admin/admin-ajax.php HTTP/1.1" 200 47 "http://weblog.lo2k.net/wp-admin/index.php" "Mozilla/5.0 (Windows NT 6.1) AppleWebKit/537.36 (KHTML, like Gecko) Chrome/43.0.2357.65 Safari/537.36"
80.246.106.4 - - [22/May/2015:14:46:53 +0000] "POST /wp-admin/admin-ajax.php HTTP/1.1" 200 47 "http://weblog.lo2k.net/wp-admin/index.php" "Mozilla/5.0 (Windows NT 6.1) AppleWebKit/537.36 (KHTML, like Gecko) Chrome/43.0.2357.65 Safari/537.36"
80.246.106.4 - - [22/May/2015:14:48:54 +0000] "POST /wp-admin/admin-ajax.php HTTP/1.1" 200 47 "http://weblog.lo2k.net/wp-admin/index.php" "Mozilla/5.0 (Windows NT 6.1) AppleWebKit/537.36 (KHTML, like Gecko) Chrome/43.0.2357.65 Safari/537.36"
66.249.79.118 - - [22/May/2015:14:50:16 +0000] "GET /tag/google/ HTTP/1.1" 404 3288 "-" "Mozilla/5.0 (compatible; Googlebot/2.1; +http://www.google.com/bot.html)"
80.246.106.4 - - [22/May/2015:14:50:55 +0000] "POST /wp-admin/admin-ajax.php HTTP/1.1" 200 47 "http://weblog.lo2k.net/wp-admin/index.php" "Mozilla/5.0 (Windows NT 6.1) AppleWebKit/537.36 (KHTML, like Gecko) Chrome/43.0.2357.65 Safari/537.36"
80.246.106.4 - - [22/May/2015:14:52:56 +0000] "POST /wp-admin/admin-ajax.php HTTP/1.1" 200 47 "http://weblog.lo2k.net/wp-admin/index.php" "Mozilla/5.0 (Windows NT 6.1) AppleWebKit/537.36 (KHTML, like Gecko) Chrome/43.0.2357.65 Safari/537.36"
80.246.106.4 - - [22/May/2015:14:54:57 +0000] "POST /wp-admin/admin-ajax.php HTTP/1.1" 200 47 "http://weblog.lo2k.net/wp-admin/index.php" "Mozilla/5.0 (Windows NT 6.1) AppleWebKit/537.36 (KHTML, like Gecko) Chrome/43.0.2357.65 Safari/537.36"
80.246.106.4 - - [22/May/2015:14:56:58 +0000] "POST /wp-admin/admin-ajax.php HTTP/1.1" 200 47 "http://weblog.lo2k.net/wp-admin/index.php" "Mozilla/5.0 (Windows NT 6.1) AppleWebKit/537.36 (KHTML, like Gecko) Chrome/43.0.2357.65 Safari/537.36"
80.246.106.4 - - [22/May/2015:14:58:59 +0000] "POST /wp-admin/admin-ajax.php HTTP/1.1" 200 47 "http://weblog.lo2k.net/wp-admin/index.php" "Mozilla/5.0 (Windows NT 6.1) AppleWebKit/537.36 (KHTML, like Gecko) Chrome/43.0.2357.65 Safari/537.36"
80.246.106.4 - - [22/May/2015:15:01:00 +0000] "POST /wp-admin/admin-ajax.php HTTP/1.1" 200 47 "http://weblog.lo2k.net/wp-admin/index.php" "Mozilla/5.0 (Windows NT 6.1) AppleWebKit/537.36 (KHTML, like Gecko) Chrome/43.0.2357.65 Safari/537.36"
80.246.106.4 - - [22/May/2015:15:03:01 +0000] "POST /wp-admin/admin-ajax.php HTTP/1.1" 200 47 "http://weblog.lo2k.net/wp-admin/index.php" "Mozilla/5.0 (Windows NT 6.1) AppleWebKit/537.36 (KHTML, like Gecko) Chrome/43.0.2357.65 Safari/537.36"
80.246.106.4 - - [22/May/2015:15:05:03 +0000] "POST /wp-admin/admin-ajax.php HTTP/1.1" 200 47 "http://weblog.lo2k.net/wp-admin/index.php" "Mozilla/5.0 (Windows NT 6.1) AppleWebKit/537.36 (KHTML, like Gecko) Chrome/43.0.2357.65 Safari/537.36"
80.246.106.4 - - [22/May/2015:15:07:04 +0000] "POST /wp-admin/admin-ajax.php HTTP/1.1" 200 47 "http://weblog.lo2k.net/wp-admin/index.php" "Mozilla/5.0 (Windows NT 6.1) AppleWebKit/537.36 (KHTML, like Gecko) Chrome/43.0.2357.65 Safari/537.36"
180.76.15.21 - - [22/May/2015:15:07:35 +0000] "GET /tag/guillaume-canet/ HTTP/1.1" 404 3288 "-" "Mozilla/5.0 (compatible; Baiduspider/2.0; +http://www.baidu.com/search/spider.html)"
80.246.106.4 - - [22/May/2015:15:09:05 +0000] "POST /wp-admin/admin-ajax.php HTTP/1.1" 200 47 "http://weblog.lo2k.net/wp-admin/index.php" "Mozilla/5.0 (Windows NT 6.1) AppleWebKit/537.36 (KHTML, like Gecko) Chrome/43.0.2357.65 Safari/537.36"
80.246.106.4 - - [22/May/2015:15:11:06 +0000] "POST /wp-admin/admin-ajax.php HTTP/1.1" 200 47 "http://weblog.lo2k.net/wp-admin/index.php" "Mozilla/5.0 (Windows NT 6.1) AppleWebKit/537.36 (KHTML, like Gecko) Chrome/43.0.2357.65 Safari/537.36"
66.249.79.188 - - [22/May/2015:15:13:00 +0000] "GET /robots.txt HTTP/1.1" 404 151 "-" "Mozilla/5.0 (compatible; Googlebot/2.1; +http://www.google.com/bot.html)"
66.249.79.188 - - [22/May/2015:15:13:00 +0000] "GET /usmmvletqlgjkus.html HTTP/1.1" 404 151 "-" "Mozilla/5.0 (compatible; Googlebot/2.1; +http://www.google.com/bot.html)"
80.246.106.4 - - [22/May/2015:15:13:07 +0000] "POST /wp-admin/admin-ajax.php HTTP/1.1" 200 47 "http://weblog.lo2k.net/wp-admin/index.php" "Mozilla/5.0 (Windows NT 6.1) AppleWebKit/537.36 (KHTML, like Gecko) Chrome/43.0.2357.65 Safari/537.36"
66.249.79.188 - - [22/May/2015:15:13:16 +0000] "GET /Master/index HTTP/1.1" 404 151 "-" "Mozilla/5.0 (compatible; Googlebot/2.1; +http://www.google.com/bot.html)"
80.246.106.4 - - [22/May/2015:15:15:08 +0000] "POST /wp-admin/admin-ajax.php HTTP/1.1" 200 47 "http://weblog.lo2k.net/wp-admin/index.php" "Mozilla/5.0 (Windows NT 6.1) AppleWebKit/537.36 (KHTML, like Gecko) Chrome/43.0.2357.65 Safari/537.36"
