80.246.106.4 - - [19/May/2015:13:31:00 +0000] "GET / HTTP/1.1" 404 570 "-" "Mozilla/5.0 (Windows NT 6.1) AppleWebKit/537.36 (KHTML, like Gecko) Chrome/42.0.2311.135 Safari/537.36" "-"
80.246.106.4 - - [19/May/2015:13:31:03 +0000] "GET / HTTP/1.1" 404 570 "-" "Mozilla/5.0 (Windows NT 6.1) AppleWebKit/537.36 (KHTML, like Gecko) Chrome/42.0.2311.135 Safari/537.36" "-"
80.246.106.4 - - [19/May/2015:13:31:03 +0000] "GET /favicon.ico HTTP/1.1" 404 570 "http://net.lo2k.net/" "Mozilla/5.0 (Windows NT 6.1) AppleWebKit/537.36 (KHTML, like Gecko) Chrome/42.0.2311.135 Safari/537.36" "-"
80.246.106.4 - - [19/May/2015:13:31:21 +0000] "GET /favicon.ico HTTP/1.1" 404 570 "http://net.lo2k.net/" "Mozilla/5.0 (Windows NT 6.1) AppleWebKit/537.36 (KHTML, like Gecko) Chrome/42.0.2311.135 Safari/537.36" "-"
123.125.71.43 - - [19/May/2015:13:32:16 +0000] "GET /robots.txt HTTP/1.1" 404 168 "-" "Mozilla/5.0 (Windows NT 5.1; rv:6.0.2) Gecko/20100101 Firefox/6.0.2" "-"
80.246.106.4 - - [19/May/2015:13:33:52 +0000] "GET / HTTP/1.1" 404 570 "-" "Mozilla/5.0 (Windows NT 6.1) AppleWebKit/537.36 (KHTML, like Gecko) Chrome/42.0.2311.135 Safari/537.36" "-"
80.246.106.4 - - [19/May/2015:13:33:52 +0000] "GET / HTTP/1.1" 404 570 "-" "Mozilla/5.0 (Windows NT 6.1) AppleWebKit/537.36 (KHTML, like Gecko) Chrome/42.0.2311.135 Safari/537.36" "-"
80.246.106.4 - - [19/May/2015:13:33:52 +0000] "GET / HTTP/1.1" 404 570 "-" "Mozilla/5.0 (Windows NT 6.1) AppleWebKit/537.36 (KHTML, like Gecko) Chrome/42.0.2311.135 Safari/537.36" "-"
80.246.106.4 - - [19/May/2015:13:33:53 +0000] "GET / HTTP/1.1" 404 570 "-" "Mozilla/5.0 (Windows NT 6.1) AppleWebKit/537.36 (KHTML, like Gecko) Chrome/42.0.2311.135 Safari/537.36" "-"
80.246.106.4 - - [19/May/2015:13:33:53 +0000] "GET / HTTP/1.1" 404 570 "-" "Mozilla/5.0 (Windows NT 6.1) AppleWebKit/537.36 (KHTML, like Gecko) Chrome/42.0.2311.135 Safari/537.36" "-"
80.246.106.4 - - [19/May/2015:13:43:57 +0000] "GET / HTTP/1.1" 200 5 "-" "Mozilla/5.0 (Windows NT 6.1) AppleWebKit/537.36 (KHTML, like Gecko) Chrome/42.0.2311.135 Safari/537.36" "-"
199.19.249.196 - - [19/May/2015:13:52:55 +0000] "GET / HTTP/1.1" 301 0 "-" "Mozilla/4.0 (compatible; MSIE 7.0; Windows NT 5.1; InfoPath.1; .NET CLR 2.0.50727; .NET CLR 1.1.4322; MS-RTC LM 8; .NET CLR 3.0.4506.2152; .NET CLR 3.5.30729)" "-"
80.246.106.4 - - [19/May/2015:13:52:57 +0000] "GET / HTTP/1.1" 301 0 "-" "Mozilla/5.0 (Windows NT 6.1) AppleWebKit/537.36 (KHTML, like Gecko) Chrome/42.0.2311.135 Safari/537.36" "-"
80.246.106.4 - - [19/May/2015:13:54:17 +0000] "GET / HTTP/1.1" 304 0 "-" "Mozilla/5.0 (Windows NT 6.1) AppleWebKit/537.36 (KHTML, like Gecko) Chrome/42.0.2311.135 Safari/537.36" "-"
199.19.249.196 - - [21/May/2015:07:19:02 +0000] "GET / HTTP/1.1" 200 5 "-" "Mozilla/4.0 (compatible; MSIE 7.0; Windows NT 5.1; InfoPath.1; .NET CLR 2.0.50727; .NET CLR 1.1.4322; MS-RTC LM 8; .NET CLR 3.0.4506.2152; .NET CLR 3.5.30729)" "-"
80.246.106.4 - - [21/May/2015:07:19:02 +0000] "GET / HTTP/1.1" 200 5 "-" "Mozilla/5.0 (Windows NT 6.1) AppleWebKit/537.36 (KHTML, like Gecko) Chrome/43.0.2357.65 Safari/537.36" "-"
80.246.106.4 - - [21/May/2015:07:19:02 +0000] "GET /favicon.ico HTTP/1.1" 404 570 "http://net.lo2k.net/" "Mozilla/5.0 (Windows NT 6.1) AppleWebKit/537.36 (KHTML, like Gecko) Chrome/43.0.2357.65 Safari/537.36" "-"
199.91.135.140 - - [21/May/2015:07:19:04 +0000] "GET / HTTP/1.1" 200 5 "-" "BlueCoat ProxySG" "-"
199.19.249.196 - - [21/May/2015:07:22:09 +0000] "GET / HTTP/1.1" 301 0 "-" "Mozilla/4.0 (compatible; MSIE 7.0; Windows NT 5.1; InfoPath.1; .NET CLR 2.0.50727; .NET CLR 1.1.4322; MS-RTC LM 8; .NET CLR 3.0.4506.2152; .NET CLR 3.5.30729)" "-"
80.246.106.4 - - [21/May/2015:07:22:11 +0000] "GET / HTTP/1.1" 301 0 "-" "Mozilla/5.0 (Windows NT 6.1) AppleWebKit/537.36 (KHTML, like Gecko) Chrome/43.0.2357.65 Safari/537.36" "-"
195.154.126.115 - - [21/May/2015:07:32:46 +0000] "GET /" 200 5 "-" "-" "-"
195.154.126.115 - - [21/May/2015:07:32:48 +0000] "GET /" 200 5 "-" "-" "-"
195.154.126.115 - - [21/May/2015:07:32:52 +0000] "/" 400 172 "-" "-" "-"
80.246.106.4 - - [21/May/2015:07:33:20 +0000] "GET / HTTP/1.1" 304 0 "-" "Mozilla/5.0 (Windows NT 6.1; rv:31.0) Gecko/20100101 Firefox/31.0" "-"
80.246.106.4 - - [21/May/2015:07:33:23 +0000] "GET / HTTP/1.1" 304 0 "-" "Mozilla/5.0 (Windows NT 6.1; rv:31.0) Gecko/20100101 Firefox/31.0" "-"
80.246.106.4 - - [21/May/2015:07:33:23 +0000] "GET / HTTP/1.1" 304 0 "-" "Mozilla/5.0 (Windows NT 6.1; rv:31.0) Gecko/20100101 Firefox/31.0" "-"
80.246.106.4 - - [21/May/2015:07:33:24 +0000] "GET / HTTP/1.1" 304 0 "-" "Mozilla/5.0 (Windows NT 6.1; rv:31.0) Gecko/20100101 Firefox/31.0" "-"
199.19.249.196 - - [21/May/2015:07:33:29 +0000] "GET / HTTP/1.1" 200 5 "-" "Mozilla/4.0 (compatible; MSIE 7.0; Windows NT 5.1; InfoPath.1; .NET CLR 2.0.50727; .NET CLR 1.1.4322; MS-RTC LM 8; .NET CLR 3.0.4506.2152; .NET CLR 3.5.30729)" "-"
80.246.106.4 - - [21/May/2015:07:33:29 +0000] "GET / HTTP/1.1" 200 5 "-" "Mozilla/5.0 (Windows NT 6.1; rv:31.0) Gecko/20100101 Firefox/31.0" "-"
80.246.106.4 - - [21/May/2015:07:33:29 +0000] "GET /favicon.ico HTTP/1.1" 404 168 "-" "Mozilla/5.0 (Windows NT 6.1; rv:31.0) Gecko/20100101 Firefox/31.0" "-"
80.246.106.4 - - [21/May/2015:07:33:29 +0000] "GET /favicon.ico HTTP/1.1" 404 168 "-" "Mozilla/5.0 (Windows NT 6.1; rv:31.0) Gecko/20100101 Firefox/31.0" "-"
80.246.106.4 - - [21/May/2015:07:33:32 +0000] "GET / HTTP/1.1" 304 0 "-" "Mozilla/5.0 (Windows NT 6.1; rv:31.0) Gecko/20100101 Firefox/31.0" "-"
80.246.106.4 - - [21/May/2015:07:33:33 +0000] "GET / HTTP/1.1" 304 0 "-" "Mozilla/5.0 (Windows NT 6.1; rv:31.0) Gecko/20100101 Firefox/31.0" "-"
80.246.106.4 - - [21/May/2015:07:33:58 +0000] "GET / HTTP/1.1" 301 0 "-" "Mozilla/5.0 (Windows NT 6.1; rv:31.0) Gecko/20100101 Firefox/31.0" "-"
80.246.106.4 - - [21/May/2015:07:50:50 +0000] "GET / HTTP/1.1" 301 0 "-" "Mozilla/5.0 (Windows NT 6.1) AppleWebKit/537.36 (KHTML, like Gecko) Chrome/43.0.2357.65 Safari/537.36"
123.125.71.27 - - [21/May/2015:08:00:31 +0000] "GET /robots.txt HTTP/1.1" 200 35 "-" "Mozilla/5.0 (Windows NT 5.1; rv:6.0.2) Gecko/20100101 Firefox/6.0.2"
124.73.138.49 - - [21/May/2015:08:01:10 +0000] "GET /2013/04/node-tetrinet-released/ HTTP/1.1" 301 0 "-" "Mozilla/4.0 (compatible; MSIE 6.0; Windows NT 5.1; SV1; Mozilla/4.0 (compatible; MSIE 6.0; Windows NT 5.1; SV1) )"
62.210.215.112 - - [21/May/2015:08:02:32 +0000] "GET /2010/08/5-elements-indispensable-dun-bon-film-francais/feed/ HTTP/1.1" 200 443 "-" "Mozilla/5.0 (X11; Linux i686) AppleWebKit/537.36 (KHTML, like Gecko) Chrome/30.0.1599.66 Safari/537.36"
123.125.71.69 - - [21/May/2015:08:03:47 +0000] "GET / HTTP/1.1" 301 0 "-" "Mozilla/5.0 (compatible; Baiduspider/2.0; +http://www.baidu.com/search/spider.html)"
64.69.33.150 - - [21/May/2015:08:04:42 +0000] "POST /wp-login.php HTTP/1.1" 200 3776 "-" "Mozilla/5.0 (compatible; Googlebot/2.1; +http://www.google.com/bot.html)"
66.249.64.75 - - [21/May/2015:08:14:41 +0000] "GET /robots.txt HTTP/1.1" 200 35 "-" "Mozilla/5.0 (compatible; Googlebot/2.1; +http://www.google.com/bot.html)"
66.249.64.80 - - [21/May/2015:08:14:42 +0000] "GET /tag/java/ HTTP/1.1" 301 0 "-" "Mozilla/5.0 (compatible; Googlebot/2.1; +http://www.google.com/bot.html)"
66.249.64.70 - - [21/May/2015:08:15:56 +0000] "GET /2008/09/rodemack-journee-du-patrimoine/comment-page-1/ HTTP/1.1" 301 0 "-" "Mozilla/5.0 (compatible; Googlebot/2.1; +http://www.google.com/bot.html)"
109.7.6.130 - - [21/May/2015:08:17:50 +0000] "GET /wp-content/themes/twentyfourteen/genericons/genericons.css?ver=3.0.2 HTTP/1.1" 200 31045 "-" "Mozilla/4.0 (compatible;)"
66.249.64.70 - - [21/May/2015:08:19:08 +0000] "GET /node-tetrinet/ HTTP/1.1" 301 0 "-" "Mozilla/5.0 (compatible; Googlebot/2.1; +http://www.google.com/bot.html)"
178.255.215.90 - - [21/May/2015:08:21:00 +0000] "GET /robots.txt HTTP/1.1" 200 35 "-" "Mozilla/5.0 (compatible; Exabot/3.0; +http://www.exabot.com/go/robot)"
178.255.215.90 - - [21/May/2015:08:21:00 +0000] "GET /tag/code/ HTTP/1.1" 301 0 "-" "Mozilla/5.0 (compatible; Exabot/3.0; +http://www.exabot.com/go/robot)"
66.249.64.75 - - [21/May/2015:08:27:18 +0000] "GET /2010/03/1mpts/?replytocom=3565 HTTP/1.1" 301 0 "-" "Mozilla/5.0 (compatible; Googlebot/2.1; +http://www.google.com/bot.html)"
66.249.64.80 - - [21/May/2015:08:27:36 +0000] "GET /2010/03/1mpts/?replytocom=3579 HTTP/1.1" 301 0 "-" "Mozilla/5.0 (compatible; Googlebot/2.1; +http://www.google.com/bot.html)"
123.125.71.36 - - [21/May/2015:08:28:24 +0000] "GET / HTTP/1.1" 301 0 "-" "Mozilla/5.0 (Windows NT 5.1; rv:6.0.2) Gecko/20100101 Firefox/6.0.2"
66.249.64.75 - - [21/May/2015:08:28:54 +0000] "GET /2010/03/1mpts/?replytocom=3560 HTTP/1.1" 301 0 "-" "Mozilla/5.0 (compatible; Googlebot/2.1; +http://www.google.com/bot.html)"
66.249.64.80 - - [21/May/2015:08:29:51 +0000] "GET /2010/03/1mpts/?replytocom=3783 HTTP/1.1" 301 0 "-" "Mozilla/5.0 (compatible; Googlebot/2.1; +http://www.google.com/bot.html)"
66.249.64.70 - - [21/May/2015:08:34:34 +0000] "GET /2010/03/1mpts/comment-page-1/?replytocom=3562 HTTP/1.1" 301 0 "-" "Mozilla/5.0 (compatible; Googlebot/2.1; +http://www.google.com/bot.html)"
220.181.108.101 - - [21/May/2015:08:37:07 +0000] "GET / HTTP/1.1" 301 0 "-" "Mozilla/5.0 (compatible; Baiduspider/2.0; +http://www.baidu.com/search/spider.html)"
80.246.106.4 - - [21/May/2015:08:45:45 +0000] "GET / HTTP/1.1" 304 0 "-" "Mozilla/5.0 (Windows NT 6.1) AppleWebKit/537.36 (KHTML, like Gecko) Chrome/43.0.2357.65 Safari/537.36"
80.246.106.4 - - [21/May/2015:08:45:49 +0000] "GET /favicon.ico HTTP/1.1" 404 208 "http://net.lo2k.net/" "Mozilla/5.0 (Windows NT 6.1) AppleWebKit/537.36 (KHTML, like Gecko) Chrome/43.0.2357.65 Safari/537.36"
