46.229.164.114 - - [25/May/2015:01:34:16 +0000] "GET /author/x-blaster HTTP/1.1" 404 3288 "-" "Mozilla/5.0 (compatible; SemrushBot/0.98~bl; +http://www.semrush.com/bot.html)"
222.73.206.2 - - [25/May/2015:01:43:13 +0000] "GET / HTTP/1.1" 200 5 "-" "Mozilla/5.0 (Windows NT 6.1; WOW64) AppleWebKit/537.36 (KHTML, like Gecko) Chrome/38.0.2125.122 Safari/537.36"
222.73.206.2 - - [25/May/2015:01:43:14 +0000] "GET /favicon.ico HTTP/1.1" 404 208 "-" "Mozilla/5.0 (Windows NT 6.1; WOW64) AppleWebKit/537.36 (KHTML, like Gecko) Chrome/38.0.2125.122 Safari/537.36"
172.17.42.1 - - [25/May/2015:01:44:51 +0000] "POST /wp-cron.php?doing_wp_cron=1432518290.5405459403991699218750 HTTP/1.0" 499 0 "-" "WordPress/4.2.2; http://weblog.lo2k.net"
66.249.69.116 - - [25/May/2015:01:44:51 +0000] "GET /2010/03/1mpts/comment-page-1/?replytocom=3563 HTTP/1.1" 404 3313 "-" "Mozilla/5.0 (compatible; Googlebot/2.1; +http://www.google.com/bot.html)"
46.229.164.111 - - [25/May/2015:02:01:52 +0000] "GET /download/meteora-lite.nds HTTP/1.1" 404 151 "-" "Mozilla/5.0 (compatible; SemrushBot/0.98~bl; +http://www.semrush.com/bot.html)"
46.229.164.111 - - [25/May/2015:02:01:58 +0000] "GET /tag/troll HTTP/1.1" 404 3288 "-" "Mozilla/5.0 (compatible; SemrushBot/0.98~bl; +http://www.semrush.com/bot.html)"
180.76.15.21 - - [25/May/2015:02:15:07 +0000] "GET /wp-content/themes/the-bootstrap/js/bootstrap.min.js HTTP/1.1" 404 3288 "-" "Mozilla/5.0 (compatible; Baiduspider/2.0; +http://www.baidu.com/search/spider.html)"
157.55.39.186 - - [25/May/2015:02:16:56 +0000] "GET /robots.txt HTTP/1.1" 200 35 "-" "Mozilla/5.0 (compatible; bingbot/2.0; +http://www.bing.com/bingbot.htm)"
157.55.39.185 - - [25/May/2015:02:17:06 +0000] "GET / HTTP/1.1" 200 3156 "-" "Mozilla/5.0 (compatible; bingbot/2.0; +http://www.bing.com/bingbot.htm)"
14.136.20.123 - - [25/May/2015:02:18:51 +0000] "GET /tmUnblock.cgi HTTP/1.1" 400 181 "-" "-"
14.136.20.123 - - [25/May/2015:02:18:52 +0000] "GET / HTTP/1.1" 400 181 "-" "-"
192.99.144.140 - - [25/May/2015:02:26:54 +0000] "GET /webdav/ HTTP/1.1" 404 177 "-" "Mozilla/5.0 (Windows; U; Windows NT 5.1; en-US; rv:1.9.2.12) Gecko/20101026 Firefox/3.6.12"
123.125.71.17 - - [25/May/2015:02:27:11 +0000] "GET / HTTP/1.1" 200 5 "-" "Mozilla/5.0 (Windows NT 5.1; rv:6.0.2) Gecko/20100101 Firefox/6.0.2"
68.180.228.157 - - [25/May/2015:02:34:11 +0000] "GET /2008/09/mac-donald-manom-ergo-success-but-failed/feed/ HTTP/1.1" 200 440 "-" "Mozilla/5.0 (compatible; Yahoo! Slurp; http://help.yahoo.com/help/us/ysearch/slurp)"
65.19.138.33 - - [25/May/2015:02:36:59 +0000] "GET /feed/ HTTP/1.1" 200 778 "-" "Feedly/1.0 (+http://www.feedly.com/fetcher.html; like FeedFetcher-Google)"
220.181.108.151 - - [25/May/2015:02:39:29 +0000] "GET / HTTP/1.1" 200 5 "-" "Mozilla/5.0 (Windows NT 5.1; rv:6.0.2) Gecko/20100101 Firefox/6.0.2"
46.229.164.114 - - [25/May/2015:02:46:15 +0000] "GET /download/meteora.sc.nds HTTP/1.1" 404 151 "-" "Mozilla/5.0 (compatible; SemrushBot/0.98~bl; +http://www.semrush.com/bot.html)"
46.229.164.114 - - [25/May/2015:02:46:15 +0000] "GET /2009/05 HTTP/1.1" 404 3288 "-" "Mozilla/5.0 (compatible; SemrushBot/0.98~bl; +http://www.semrush.com/bot.html)"
91.121.103.198 - - [25/May/2015:02:57:01 +0000] "GET /feed/ HTTP/1.1" 200 1756 "-" "Fever/1.39 (Feed Parser; http://feedafever.com; Allow like Gecko)"
182.118.60.113 - - [25/May/2015:02:58:56 +0000] "GET / HTTP/1.1" 200 5 "-" "Mozilla/5.0 (Macintosh; Intel Mac OS X 10_10_1) AppleWebKit/537.36 (KHTML, like Gecko) Chrome/41.0.2251.0 Safari/537.36"
66.249.69.100 - - [25/May/2015:03:12:18 +0000] "GET / HTTP/1.1" 200 3156 "-" "Mozilla/5.0 (iPhone; CPU iPhone OS 6_0 like Mac OS X) AppleWebKit/536.26 (KHTML, like Gecko) Version/6.0 Mobile/10A5376e Safari/8536.25 (compatible; Googlebot/2.1; +http://www.google.com/bot.html)"
178.154.243.102 - - [25/May/2015:03:21:51 +0000] "GET /robots.txt HTTP/1.1" 200 35 "-" "Mozilla/5.0 (compatible; YandexBot/3.0; +http://yandex.com/bots)"
178.154.243.102 - - [25/May/2015:03:34:53 +0000] "GET /wp-content/uploads/2010/09/IMAG0068-1024x682.jpg HTTP/1.1" 404 3288 "-" "Mozilla/5.0 (compatible; YandexImages/3.0; +http://yandex.com/bots)"
209.133.111.211 - - [25/May/2015:03:46:47 +0000] "GET /robots.txt HTTP/1.1" 200 35 "-" "python-requests/2.2.1 CPython/2.7.3 Linux/3.2.0-56-generic"
209.133.111.211 - - [25/May/2015:03:46:48 +0000] "GET /feed/ HTTP/1.1" 200 778 "-" "rogerbot/1.0 (http://www.moz.com/dp/rogerbot, rogerbot-crawler@moz.com)"
209.133.111.211 - - [25/May/2015:03:46:49 +0000] "GET /comments/feed/ HTTP/1.1" 200 714 "-" "rogerbot/1.0 (http://www.moz.com/dp/rogerbot, rogerbot-crawler@moz.com)"
178.154.243.102 - - [25/May/2015:03:47:55 +0000] "GET /2009/12/comment-reutiliser-son-propre-code/ HTTP/1.1" 404 3288 "-" "Mozilla/5.0 (compatible; YandexBot/3.0; +http://yandex.com/bots)"
178.154.243.102 - - [25/May/2015:04:00:57 +0000] "GET /2010/04/4-raisons-davoir-choisi-un-telephone-sous-android-plutot-quun-iphone/ HTTP/1.1" 404 3288 "-" "Mozilla/5.0 (compatible; YandexBot/3.0; +http://yandex.com/bots)"
46.229.164.111 - - [25/May/2015:04:01:11 +0000] "GET /Master/remerciements HTTP/1.1" 404 151 "-" "Mozilla/5.0 (compatible; SemrushBot/0.98~bl; +http://www.semrush.com/bot.html)"
46.229.164.111 - - [25/May/2015:04:01:11 +0000] "GET /tag/programming HTTP/1.1" 404 3288 "-" "Mozilla/5.0 (compatible; SemrushBot/0.98~bl; +http://www.semrush.com/bot.html)"
66.249.69.100 - - [25/May/2015:04:07:56 +0000] "GET /tag/dev/ HTTP/1.1" 404 3288 "-" "Mozilla/5.0 (compatible; Googlebot/2.1; +http://www.google.com/bot.html)"
66.249.69.116 - - [25/May/2015:04:11:28 +0000] "GET /page/4/ HTTP/1.1" 404 3288 "-" "Mozilla/5.0 (iPhone; CPU iPhone OS 6_0 like Mac OS X) AppleWebKit/536.26 (KHTML, like Gecko) Version/6.0 Mobile/10A5376e Safari/8536.25 (compatible; Googlebot/2.1; +http://www.google.com/bot.html)"
178.154.243.102 - - [25/May/2015:04:13:59 +0000] "GET /wp-content/uploads/2010/06/4721726391_6bfc480858.jpg HTTP/1.1" 404 3288 "-" "Mozilla/5.0 (compatible; YandexImages/3.0; +http://yandex.com/bots)"
46.151.52.32 - - [25/May/2015:04:15:26 +0000] "GET /2010/04/4-raisons-davoir-choisi-un-telephone-sous-android-plutot-quun-iphone/ HTTP/1.0" 404 8921 "http://weblog.lo2k.net/2010/04/4-raisons-davoir-choisi-un-telephone-sous-android-plutot-quun-iphone/" "Mozilla/5.0 (Windows NT 6.3; WOW64; rv:33.0) Gecko/20100101 Firefox/33.0"
46.151.52.32 - - [25/May/2015:04:15:27 +0000] "GET / HTTP/1.0" 200 9151 "http://weblog.lo2k.net/" "Mozilla/5.0 (Windows NT 6.3; WOW64; rv:33.0) Gecko/20100101 Firefox/33.0"
46.229.164.99 - - [25/May/2015:04:20:51 +0000] "GET /Master/pouvoirs HTTP/1.1" 404 151 "-" "Mozilla/5.0 (compatible; SemrushBot/0.98~bl; +http://www.semrush.com/bot.html)"
46.229.164.99 - - [25/May/2015:04:20:51 +0000] "GET /tag/java HTTP/1.1" 404 3288 "-" "Mozilla/5.0 (compatible; SemrushBot/0.98~bl; +http://www.semrush.com/bot.html)"
178.154.243.102 - - [25/May/2015:04:27:01 +0000] "GET /?p=279 HTTP/1.1" 404 3288 "-" "Mozilla/5.0 (compatible; YandexBot/3.0; +http://yandex.com/bots)"
197.205.57.124 - - [25/May/2015:04:27:11 +0000] "GET /2010/04/4-raisons-davoir-choisi-un-telephone-sous-android-plutot-quun-iphone/ HTTP/1.1" 404 3288 "-" "Mozilla/4.0 (compatible; MSIE 6.0; Windows NT 5.1; SV1)"
46.229.164.114 - - [25/May/2015:04:38:49 +0000] "GET / HTTP/1.1" 200 5 "-" "Mozilla/5.0 (compatible; SemrushBot/0.98~bl; +http://www.semrush.com/bot.html)"
46.229.164.114 - - [25/May/2015:04:39:25 +0000] "GET /tag/ia HTTP/1.1" 404 3288 "-" "Mozilla/5.0 (compatible; SemrushBot/0.98~bl; +http://www.semrush.com/bot.html)"
178.154.243.102 - - [25/May/2015:04:40:03 +0000] "GET /?p=334 HTTP/1.1" 404 3288 "-" "Mozilla/5.0 (compatible; YandexBot/3.0; +http://yandex.com/bots)"
66.249.69.116 - - [25/May/2015:04:40:39 +0000] "GET /2010/06/devinez-ce-que-cest/ HTTP/1.1" 404 3288 "-" "Mozilla/5.0 (compatible; Googlebot/2.1; +http://www.google.com/bot.html)"
178.154.243.102 - - [25/May/2015:04:53:05 +0000] "GET /wp-content/uploads/2009/02/image-8-300x117.png HTTP/1.1" 404 3288 "-" "Mozilla/5.0 (compatible; YandexImages/3.0; +http://yandex.com/bots)"
46.229.164.113 - - [25/May/2015:04:57:52 +0000] "GET /Master/manuel HTTP/1.1" 404 151 "-" "Mozilla/5.0 (compatible; SemrushBot/0.98~bl; +http://www.semrush.com/bot.html)"
46.229.164.113 - - [25/May/2015:04:58:22 +0000] "GET /2009/07/git-nest-pas-magique HTTP/1.1" 404 3288 "-" "Mozilla/5.0 (compatible; SemrushBot/0.98~bl; +http://www.semrush.com/bot.html)"
178.154.243.102 - - [25/May/2015:05:06:08 +0000] "GET /2011/02/faire-un-cluster-de-calcul-avec-javascript/comment-page-1/ HTTP/1.1" 404 3288 "-" "Mozilla/5.0 (compatible; YandexBot/3.0; +http://yandex.com/bots)"
183.160.100.29 - - [25/May/2015:05:07:02 +0000] "GET /2013/04/node-tetrinet-released/ HTTP/1.1" 404 3288 "-" "Mozilla/4.0 (compatible; MSIE 6.0; Windows NT 5.1; SV1; Mozilla/4.0 (compatible; MSIE 6.0; Windows NT 5.1; SV1) ; .NET CLR 2.0.50727 ; .NET CLR 4.0.30319)"
109.234.36.251 - - [25/May/2015:05:14:24 +0000] "POST /wp-login.php HTTP/1.0" 200 3756 "http://weblog.lo2k.net/wp-login.php" "Mozilla/5.0 (Windows NT 6.1; rv:19.0) Gecko/20100101 Firefox/19.0"
124.73.137.63 - - [25/May/2015:05:15:28 +0000] "GET /2013/04/node-tetrinet-released/ HTTP/1.1" 404 3288 "-" "Mozilla/4.0 (compatible; MSIE 6.0; Windows NT 5.1; SV1; Mozilla/4.0 (compatible; MSIE 6.0; Windows NT 5.1; SV1) ; .NET CLR 2.0.50727 ; .NET CLR 4.0.30319)"
178.154.243.102 - - [25/May/2015:05:19:10 +0000] "GET /2009/11/une-petite-application-de-reconnaissance-de-formes-en-java-web-start/ HTTP/1.1" 404 3288 "-" "Mozilla/5.0 (compatible; YandexBot/3.0; +http://yandex.com/bots)"
66.249.69.100 - - [25/May/2015:05:22:21 +0000] "GET /2008/09/rodemack-journee-du-patrimoine/ HTTP/1.1" 404 3288 "-" "Mozilla/5.0 (iPhone; CPU iPhone OS 6_0 like Mac OS X) AppleWebKit/536.26 (KHTML, like Gecko) Version/6.0 Mobile/10A5376e Safari/8536.25 (compatible; Googlebot/2.1; +http://www.google.com/bot.html)"
123.125.71.107 - - [25/May/2015:05:26:51 +0000] "GET / HTTP/1.1" 200 5 "-" "Mozilla/5.0 (Windows NT 5.1; rv:6.0.2) Gecko/20100101 Firefox/6.0.2"
178.154.243.102 - - [25/May/2015:05:32:12 +0000] "GET /wp-content/uploads/2010/09/IMAG0069.jpg HTTP/1.1" 404 3288 "-" "Mozilla/5.0 (compatible; YandexImages/3.0; +http://yandex.com/bots)"
66.249.69.108 - - [25/May/2015:05:35:11 +0000] "GET /tag/slideshow/ HTTP/1.1" 404 3288 "-" "Mozilla/5.0 (compatible; Googlebot/2.1; +http://www.google.com/bot.html)"
65.19.138.34 - - [25/May/2015:05:37:02 +0000] "GET /feed/ HTTP/1.1" 200 778 "-" "Feedly/1.0 (+http://www.feedly.com/fetcher.html; like FeedFetcher-Google)"
220.181.108.175 - - [25/May/2015:05:37:08 +0000] "GET / HTTP/1.1" 200 5 "-" "Mozilla/5.0 (Windows NT 5.1; rv:6.0.2) Gecko/20100101 Firefox/6.0.2"
46.229.164.102 - - [25/May/2015:05:43:06 +0000] "GET /tag/google-web-toolkit HTTP/1.1" 404 3288 "-" "Mozilla/5.0 (compatible; SemrushBot/0.98~bl; +http://www.semrush.com/bot.html)"
46.229.164.102 - - [25/May/2015:05:43:07 +0000] "GET /Master/ranking HTTP/1.1" 404 151 "-" "Mozilla/5.0 (compatible; SemrushBot/0.98~bl; +http://www.semrush.com/bot.html)"
178.154.243.102 - - [25/May/2015:05:45:14 +0000] "GET /tag/iphone/feed/ HTTP/1.1" 200 412 "-" "Mozilla/5.0 (compatible; YandexBot/3.0; +http://yandex.com/bots)"
68.180.228.157 - - [25/May/2015:05:45:34 +0000] "GET /2009/10/une-intelligence-artificielle-peut-elle-devenir-raciste/?replytocom=3232 HTTP/1.1" 404 3313 "-" "Mozilla/5.0 (compatible; Yahoo! Slurp; http://help.yahoo.com/help/us/ysearch/slurp)"
178.154.243.102 - - [25/May/2015:05:58:16 +0000] "GET /wp-content/uploads/2010/09/IMAG0069-1024x682.jpg HTTP/1.1" 404 3288 "-" "Mozilla/5.0 (compatible; YandexImages/3.0; +http://yandex.com/bots)"
178.154.243.102 - - [25/May/2015:06:11:18 +0000] "GET /2008/09/rodemack-journee-du-patrimoine/comment-page-1/ HTTP/1.1" 404 3288 "-" "Mozilla/5.0 (compatible; YandexBot/3.0; +http://yandex.com/bots)"
66.85.159.195 - - [25/May/2015:06:11:21 +0000] "GET /2010/04/4-raisons-davoir-choisi-un-telephone-sous-android-plutot-quun-iphone/ HTTP/1.0" 404 8921 "-" "Mozilla/5.0 (Windows NT 6.1) AppleWebKit/537.36 (KHTML, like Gecko) Chrome/41.0.2228.0 Safari/537.36"
178.154.243.102 - - [25/May/2015:06:24:20 +0000] "GET /2008/12/coup-de-gueule-contre-la-societe-de-consomnation/comment-page-1/ HTTP/1.1" 404 3288 "-" "Mozilla/5.0 (compatible; YandexBot/3.0; +http://yandex.com/bots)"
58.61.226.238 - - [25/May/2015:06:31:22 +0000] "GET /2010/06/a-chaque-fois-que-je-parle-dapple-je-triple-mon-audience/ HTTP/1.1" 404 3288 "-" "Mozilla/4.0 (compatible; MSIE 6.0; Windows NT 5.1; SV1; Mozilla/4.0 (compatible; MSIE 6.0; Windows NT 5.1; SV1) ; .NET CLR 2.0.50727 ; .NET CLR 4.0.30319)"
66.249.69.116 - - [25/May/2015:06:33:24 +0000] "GET /2009/02/petite-seance-photos-au-luxembourg/ HTTP/1.1" 404 3288 "-" "Mozilla/5.0 (iPhone; CPU iPhone OS 6_0 like Mac OS X) AppleWebKit/536.26 (KHTML, like Gecko) Version/6.0 Mobile/10A5376e Safari/8536.25 (compatible; Googlebot/2.1; +http://www.google.com/bot.html)"
46.229.164.113 - - [25/May/2015:06:34:08 +0000] "GET /2009/02/ps3-slideshow-on-flickr-with-html5-canvas HTTP/1.1" 404 3288 "-" "Mozilla/5.0 (compatible; SemrushBot/0.98~bl; +http://www.semrush.com/bot.html)"
46.229.164.113 - - [25/May/2015:06:34:11 +0000] "GET /download/meteora.nds HTTP/1.1" 404 151 "-" "Mozilla/5.0 (compatible; SemrushBot/0.98~bl; +http://www.semrush.com/bot.html)"
66.249.69.100 - - [25/May/2015:06:36:13 +0000] "GET /tag/apple/ HTTP/1.1" 404 3288 "-" "Mozilla/5.0 (compatible; Googlebot/2.1; +http://www.google.com/bot.html)"
178.154.243.102 - - [25/May/2015:06:37:22 +0000] "GET /2010/06/pourquoi-liphone-rend-mechant/comment-page-1/ HTTP/1.1" 404 3288 "-" "Mozilla/5.0 (compatible; YandexBot/3.0; +http://yandex.com/bots)"
89.234.68.104 - - [25/May/2015:06:42:26 +0000] "GET / HTTP/1.1" 200 5 "-" "Mozilla/5.0 (Windows; U; Windows NT 5.1; en-US; rv:1.9.2.8) Gecko/20100721 Firefox/3.6.8"
178.154.243.102 - - [25/May/2015:06:50:23 +0000] "GET /2009/02/eviter-un-cliqueur-frenetique-dans-une-appli-web/ HTTP/1.1" 404 3288 "-" "Mozilla/5.0 (compatible; YandexBot/3.0; +http://yandex.com/bots)"
172.17.42.1 - - [25/May/2015:06:52:51 +0000] "POST /wp-cron.php?doing_wp_cron=1432536770.0575599670410156250000 HTTP/1.0" 499 0 "-" "WordPress/4.2.2; http://weblog.lo2k.net"
68.180.228.157 - - [25/May/2015:06:52:51 +0000] "GET /2009/01/petite-geekerie-du-jour/feed/ HTTP/1.1" 200 425 "-" "Mozilla/5.0 (compatible; Yahoo! Slurp; http://help.yahoo.com/help/us/ysearch/slurp)"
46.229.164.113 - - [25/May/2015:06:54:10 +0000] "GET /tag/dev HTTP/1.1" 404 3288 "-" "Mozilla/5.0 (compatible; SemrushBot/0.98~bl; +http://www.semrush.com/bot.html)"
178.154.243.102 - - [25/May/2015:07:03:25 +0000] "GET /2010/02/4-excuses-de-collegues-pour-faire-du-code-spaghetti/ HTTP/1.1" 404 3288 "-" "Mozilla/5.0 (compatible; YandexBot/3.0; +http://yandex.com/bots)"
46.105.60.176 - - [25/May/2015:07:08:05 +0000] "GET / HTTP/1.1" 200 3156 "http://weblog.lo2k.net" "Mozilla/5.0 (iPad; CPU OS 8_1_2 like Mac OS X) AppleWebKit/600.1.4 (KHTML, like Gecko) Version/8.0 Mobile/12B440 Safari/600.1.4"
46.229.164.99 - - [25/May/2015:07:09:06 +0000] "GET /2010/04 HTTP/1.1" 404 3288 "-" "Mozilla/5.0 (compatible; SemrushBot/0.98~bl; +http://www.semrush.com/bot.html)"
46.151.52.63 - - [25/May/2015:07:12:44 +0000] "GET /2010/04/4-raisons-davoir-choisi-un-telephone-sous-android-plutot-quun-iphone/ HTTP/1.0" 404 8921 "http://weblog.lo2k.net/2010/04/4-raisons-davoir-choisi-un-telephone-sous-android-plutot-quun-iphone/" "Mozilla/5.0 (Windows NT 6.1) AppleWebKit/537.36 (KHTML, like Gecko) Chrome/37.0.2062.124 YaBrowser/14.10.2062.12061 Safari/537.36"
46.151.52.63 - - [25/May/2015:07:12:44 +0000] "GET / HTTP/1.0" 200 9151 "http://weblog.lo2k.net/" "Mozilla/5.0 (Windows NT 6.1) AppleWebKit/537.36 (KHTML, like Gecko) Chrome/37.0.2062.124 YaBrowser/14.10.2062.12061 Safari/537.36"
178.154.243.102 - - [25/May/2015:07:16:27 +0000] "GET /2009/02/faire-des-tests-unitaires-fun-avec-cucumber-et-watir/ HTTP/1.1" 404 3288 "-" "Mozilla/5.0 (compatible; YandexBot/3.0; +http://yandex.com/bots)"
46.229.164.111 - - [25/May/2015:07:24:13 +0000] "GET /tag/photos HTTP/1.1" 404 3288 "-" "Mozilla/5.0 (compatible; SemrushBot/0.98~bl; +http://www.semrush.com/bot.html)"
78.46.50.246 - - [25/May/2015:07:29:01 +0000] "GET /robots.txt HTTP/1.0" 404 177 "-" "Mozilla/5.0 (compatible; MJ12bot/v1.4.5; http://www.majestic12.co.uk/bot.php?+)"
78.46.50.246 - - [25/May/2015:07:29:32 +0000] "GET /download/meteora-neoflash-lite.nds HTTP/1.0" 404 177 "-" "Mozilla/5.0 (compatible; MJ12bot/v1.4.5; http://www.majestic12.co.uk/bot.php?+)"
78.46.50.246 - - [25/May/2015:07:29:34 +0000] "GET /download/meteora-neoflash-lite.sc.nds HTTP/1.0" 404 177 "-" "Mozilla/5.0 (compatible; MJ12bot/v1.4.5; http://www.majestic12.co.uk/bot.php?+)"
78.46.50.246 - - [25/May/2015:07:29:36 +0000] "GET /download/meteora-neoflash.nds HTTP/1.0" 404 177 "-" "Mozilla/5.0 (compatible; MJ12bot/v1.4.5; http://www.majestic12.co.uk/bot.php?+)"
78.46.50.246 - - [25/May/2015:07:29:51 +0000] "GET /download/meteora-neoflash.sc.nds HTTP/1.0" 404 177 "-" "Mozilla/5.0 (compatible; MJ12bot/v1.4.5; http://www.majestic12.co.uk/bot.php?+)"
66.249.69.100 - - [25/May/2015:07:37:01 +0000] "GET /images/linux.jpg HTTP/1.1" 404 3288 "-" "Googlebot-Image/1.0"
178.154.243.102 - - [25/May/2015:07:39:23 +0000] "GET /2009/02/faire-des-tests-unitaires-fun-avec-cucumber-et-watir/comment-page-1/ HTTP/1.1" 404 3288 "-" "Mozilla/5.0 (compatible; YandexBot/3.0; +http://yandex.com/bots)"
66.249.69.116 - - [25/May/2015:07:39:46 +0000] "GET / HTTP/1.1" 200 3156 "-" "Mozilla/5.0 (compatible; Googlebot/2.1; +http://www.google.com/bot.html)"
123.125.71.87 - - [25/May/2015:07:39:50 +0000] "GET / HTTP/1.1" 200 5 "-" "Mozilla/5.0 (Windows NT 5.1; rv:6.0.2) Gecko/20100101 Firefox/6.0.2"
46.229.164.99 - - [25/May/2015:07:43:12 +0000] "GET /tag/webdesign HTTP/1.1" 404 3288 "-" "Mozilla/5.0 (compatible; SemrushBot/0.98~bl; +http://www.semrush.com/bot.html)"
66.249.69.108 - - [25/May/2015:07:44:44 +0000] "GET /mobile/ HTTP/1.1" 404 3288 "-" "Mozilla/5.0 (iPhone; CPU iPhone OS 6_0 like Mac OS X) AppleWebKit/536.26 (KHTML, like Gecko) Version/6.0 Mobile/10A5376e Safari/8536.25 (compatible; Googlebot/2.1; +http://www.google.com/bot.html)"
66.249.69.116 - - [25/May/2015:07:47:06 +0000] "GET /comments/feed/ HTTP/1.1" 200 714 "-" "Mozilla/5.0 (compatible; Googlebot/2.1; +http://www.google.com/bot.html)"
66.249.69.108 - - [25/May/2015:07:48:36 +0000] "GET /feed/ HTTP/1.1" 200 778 "-" "Mozilla/5.0 (compatible; Googlebot/2.1; +http://www.google.com/bot.html)"
209.133.111.211 - - [25/May/2015:07:49:02 +0000] "GET /robots.txt HTTP/1.1" 200 35 "-" "python-requests/2.2.1 CPython/2.7.3 Linux/3.2.0-56-generic"
209.133.111.211 - - [25/May/2015:07:49:03 +0000] "GET /feed/ HTTP/1.1" 200 778 "-" "rogerbot/1.0 (http://www.moz.com/dp/rogerbot, rogerbot-crawler@moz.com)"
209.133.111.211 - - [25/May/2015:07:49:04 +0000] "GET /comments/feed/ HTTP/1.1" 200 714 "-" "rogerbot/1.0 (http://www.moz.com/dp/rogerbot, rogerbot-crawler@moz.com)"
220.181.108.76 - - [25/May/2015:07:50:15 +0000] "GET / HTTP/1.1" 200 5 "-" "Mozilla/5.0 (Windows NT 5.1; rv:6.0.2) Gecko/20100101 Firefox/6.0.2"
178.154.243.102 - - [25/May/2015:07:52:08 +0000] "GET /2010/02/5-outils-que-jai-decouvert-en-5-mois-de-java/comment-page-1/ HTTP/1.1" 404 3288 "-" "Mozilla/5.0 (compatible; YandexBot/3.0; +http://yandex.com/bots)"
46.229.164.111 - - [25/May/2015:08:03:42 +0000] "GET /2010/09 HTTP/1.1" 404 3288 "-" "Mozilla/5.0 (compatible; SemrushBot/0.98~bl; +http://www.semrush.com/bot.html)"
178.154.243.102 - - [25/May/2015:08:04:52 +0000] "GET /2009/01/explosion-des-stats/ HTTP/1.1" 404 3288 "-" "Mozilla/5.0 (compatible; YandexBot/3.0; +http://yandex.com/bots)"
109.7.6.130 - - [25/May/2015:08:13:00 +0000] "GET /wp-includes/js/jquery/jquery-migrate.min.js?ver=1.2.1 HTTP/1.1" 200 7200 "-" "Mozilla/4.0 (compatible;)"
157.55.39.186 - - [25/May/2015:08:14:32 +0000] "GET /robots.txt HTTP/1.1" 404 177 "-" "Mozilla/5.0 (compatible; bingbot/2.0; +http://www.bing.com/bingbot.htm)"
157.55.39.186 - - [25/May/2015:08:14:37 +0000] "GET / HTTP/1.1" 200 5 "-" "Mozilla/5.0 (compatible; bingbot/2.0; +http://www.bing.com/bingbot.htm)"
178.154.243.102 - - [25/May/2015:08:17:37 +0000] "GET /2010/08/5-elements-indispensable-dun-bon-film-francais/feed/ HTTP/1.1" 200 439 "-" "Mozilla/5.0 (compatible; YandexBot/3.0; +http://yandex.com/bots)"
58.62.139.143 - - [25/May/2015:08:18:03 +0000] "GET /2010/06/a-chaque-fois-que-je-parle-dapple-je-triple-mon-audience/ HTTP/1.1" 404 8941 "-" "Mozilla/4.0 (compatible; MSIE 6.0; Windows NT 5.1)"
178.154.243.102 - - [25/May/2015:08:21:40 +0000] "GET /2008/09/rodemack-journee-du-patrimoine/comment-page-1/ HTTP/1.1" 404 3288 "-" "Mozilla/5.0 (compatible; YandexBot/3.0; +http://yandex.com/bots)"
88.160.133.194 - - [25/May/2015:08:33:01 +0000] "GET / HTTP/1.1" 200 5 "-" "Mozilla/5.0 (Windows NT 6.3; Win64; x64) AppleWebKit/537.36 (KHTML, like Gecko) Chrome/42.0.2311.152 Safari/537.36"
88.160.133.194 - - [25/May/2015:08:33:02 +0000] "GET /favicon.ico HTTP/1.1" 404 208 "http://net.lo2k.net/" "Mozilla/5.0 (Windows NT 6.3; Win64; x64) AppleWebKit/537.36 (KHTML, like Gecko) Chrome/42.0.2311.152 Safari/537.36"
88.160.133.194 - - [25/May/2015:08:33:39 +0000] "GET / HTTP/1.1" 304 0 "-" "Mozilla/5.0 (Windows NT 6.3; Win64; x64) AppleWebKit/537.36 (KHTML, like Gecko) Chrome/42.0.2311.152 Safari/537.36"
178.154.243.102 - - [25/May/2015:08:34:18 +0000] "GET /2008/11/pourquoi-utiliser-git-plutot-que-svn/comment-page-1/ HTTP/1.1" 404 3288 "-" "Mozilla/5.0 (compatible; YandexBot/3.0; +http://yandex.com/bots)"
66.249.69.108 - - [25/May/2015:08:36:11 +0000] "GET /2010/06/css3-et-degradation-de-design-pour-ie-ca-commence/ HTTP/1.1" 404 3288 "-" "Mozilla/5.0 (compatible; Googlebot/2.1; +http://www.google.com/bot.html)"
65.19.138.33 - - [25/May/2015:08:37:05 +0000] "GET /feed/ HTTP/1.1" 200 778 "-" "Feedly/1.0 (+http://www.feedly.com/fetcher.html; like FeedFetcher-Google)"
178.154.243.102 - - [25/May/2015:08:46:55 +0000] "GET /2008/12/coup-de-gueule-contre-la-societe-de-consomnation/feed/ HTTP/1.1" 200 438 "-" "Mozilla/5.0 (compatible; YandexBot/3.0; +http://yandex.com/bots)"
183.252.52.195 - - [25/May/2015:08:48:09 +0000] "GET /2009/02/ps3-slideshow-on-flickr-with-html5-canvas/ HTTP/1.1" 404 3288 "-" "Mozilla/4.0 (compatible; MSIE 6.0; Windows NT 5.1; SV1)"
123.125.71.23 - - [25/May/2015:08:50:29 +0000] "GET / HTTP/1.1" 200 5 "-" "Mozilla/5.0 (Windows NT 5.1; rv:6.0.2) Gecko/20100101 Firefox/6.0.2"
66.249.69.116 - - [25/May/2015:08:56:05 +0000] "GET /2010/04/4-raisons-davoir-choisi-un-telephone-sous-android-plutot-quun-iphone/ HTTP/1.1" 404 3288 "-" "Mozilla/5.0 (iPhone; CPU iPhone OS 6_0 like Mac OS X) AppleWebKit/536.26 (KHTML, like Gecko) Version/6.0 Mobile/10A5376e Safari/8536.25 (compatible; Googlebot/2.1; +http://www.google.com/bot.html)"
178.154.243.102 - - [25/May/2015:08:59:32 +0000] "GET /2010/06/photos-de-bretagne/ HTTP/1.1" 404 3288 "-" "Mozilla/5.0 (compatible; YandexBot/3.0; +http://yandex.com/bots)"
157.55.39.179 - - [25/May/2015:09:05:23 +0000] "GET / HTTP/1.1" 200 5 "-" "Mozilla/5.0 (compatible; bingbot/2.0; +http://www.bing.com/bingbot.htm)"
46.151.52.70 - - [25/May/2015:09:11:16 +0000] "GET /2010/04/4-raisons-davoir-choisi-un-telephone-sous-android-plutot-quun-iphone/ HTTP/1.0" 404 8921 "http://weblog.lo2k.net/2010/04/4-raisons-davoir-choisi-un-telephone-sous-android-plutot-quun-iphone/" "Mozilla/5.0 (Windows NT 6.3; WOW64; rv:33.0) Gecko/20100101 Firefox/33.0"
46.151.52.70 - - [25/May/2015:09:11:18 +0000] "GET / HTTP/1.0" 200 9151 "http://weblog.lo2k.net/" "Mozilla/5.0 (Windows NT 6.3; WOW64; rv:33.0) Gecko/20100101 Firefox/33.0"
180.76.15.19 - - [25/May/2015:09:11:26 +0000] "GET /2010/02/pourquoi-jai-decide-dutiliser-css3-sans-attendre/ HTTP/1.1" 404 3288 "-" "Mozilla/5.0 (compatible; Baiduspider/2.0; +http://www.baidu.com/search/spider.html)"
178.154.243.102 - - [25/May/2015:09:12:09 +0000] "GET /2010/05/determinons-votre-personnalite-grace-a-facebook/feed/ HTTP/1.1" 200 441 "-" "Mozilla/5.0 (compatible; YandexBot/3.0; +http://yandex.com/bots)"
46.229.164.102 - - [25/May/2015:09:13:53 +0000] "GET /2010/03 HTTP/1.1" 404 3288 "-" "Mozilla/5.0 (compatible; SemrushBot/0.98~bl; +http://www.semrush.com/bot.html)"
66.249.69.94 - - [25/May/2015:09:19:41 +0000] "GET /robots.txt HTTP/1.1" 404 151 "-" "Mozilla/5.0 (compatible; Googlebot/2.1; +http://www.google.com/bot.html)"
66.249.69.102 - - [25/May/2015:09:19:41 +0000] "GET / HTTP/1.1" 200 5 "-" "Mozilla/5.0 (compatible; Googlebot/2.1; +http://www.google.com/bot.html)"
58.62.139.143 - - [25/May/2015:09:20:20 +0000] "GET /2010/06/a-chaque-fois-que-je-parle-dapple-je-triple-mon-audience/ HTTP/1.1" 404 3288 "-" "Mozilla/4.0 (compatible; MSIE 6.0; Windows NT 5.1; SV1; Mozilla/4.0 (compatible; MSIE 6.0; Windows NT 5.1; SV1) )"
157.55.39.178 - - [25/May/2015:09:21:03 +0000] "GET /2010/06/pourquoi-liphone-rend-mechant/ HTTP/1.1" 404 3288 "-" "Mozilla/5.0 (compatible; bingbot/2.0; +http://www.bing.com/bingbot.htm)"
178.154.243.102 - - [25/May/2015:09:24:47 +0000] "GET /2011/02/faire-un-cluster-de-calcul-avec-javascript/ HTTP/1.1" 404 3288 "-" "Mozilla/5.0 (compatible; YandexBot/3.0; +http://yandex.com/bots)"
68.180.228.157 - - [25/May/2015:09:25:48 +0000] "GET /2009/05/quelques-photos/ HTTP/1.1" 404 3288 "-" "Mozilla/5.0 (compatible; Yahoo! Slurp; http://help.yahoo.com/help/us/ysearch/slurp)"
178.154.243.102 - - [25/May/2015:09:37:24 +0000] "GET /2009/09/la-mort-annoncee-de-flash/ HTTP/1.1" 404 3288 "-" "Mozilla/5.0 (compatible; YandexBot/3.0; +http://yandex.com/bots)"
178.154.243.102 - - [25/May/2015:09:37:45 +0000] "GET /2008/09/rodemack-journee-du-patrimoine/comment-page-1/ HTTP/1.1" 404 3288 "-" "Mozilla/5.0 (compatible; YandexBot/3.0; +http://yandex.com/bots)"
46.229.164.99 - - [25/May/2015:09:38:51 +0000] "GET /tag/gwt HTTP/1.1" 404 3288 "-" "Mozilla/5.0 (compatible; SemrushBot/0.98~bl; +http://www.semrush.com/bot.html)"
178.154.243.102 - - [25/May/2015:09:50:22 +0000] "GET /2009/02/ps3-slideshow-on-flickr-with-html5-canvas/comment-page-1/ HTTP/1.1" 404 3288 "-" "Mozilla/5.0 (compatible; YandexBot/3.0; +http://yandex.com/bots)"
123.125.71.74 - - [25/May/2015:09:51:10 +0000] "GET / HTTP/1.1" 200 5 "-" "Mozilla/5.0 (Windows NT 5.1; rv:6.0.2) Gecko/20100101 Firefox/6.0.2"
46.229.164.113 - - [25/May/2015:09:52:57 +0000] "GET /2009/11 HTTP/1.1" 404 3288 "-" "Mozilla/5.0 (compatible; SemrushBot/0.98~bl; +http://www.semrush.com/bot.html)"
123.125.71.87 - - [25/May/2015:09:53:35 +0000] "GET /2008/11/pourquoi-utiliser-git-plutot-que-svn/ HTTP/1.1" 404 3288 "-" "Mozilla/5.0 (compatible; Baiduspider/2.0; +http://www.baidu.com/search/spider.html)"
178.255.215.90 - - [25/May/2015:09:55:06 +0000] "GET /robots.txt HTTP/1.1" 200 35 "-" "Mozilla/5.0 (compatible; Exabot/3.0; +http://www.exabot.com/go/robot)"
178.255.215.90 - - [25/May/2015:09:55:07 +0000] "GET /2010/06/devinez-ce-que-cest/?replytocom=3680 HTTP/1.1" 404 3313 "-" "Mozilla/5.0 (compatible; Exabot/3.0; +http://www.exabot.com/go/robot)"
68.180.228.157 - - [25/May/2015:09:59:55 +0000] "GET /node-tetrinet/ HTTP/1.1" 404 3288 "-" "Mozilla/5.0 (compatible; Yahoo! Slurp; http://help.yahoo.com/help/us/ysearch/slurp)"
178.154.243.102 - - [25/May/2015:10:02:58 +0000] "GET /tag/ps3/feed/ HTTP/1.1" 200 411 "-" "Mozilla/5.0 (compatible; YandexBot/3.0; +http://yandex.com/bots)"
46.229.164.99 - - [25/May/2015:10:05:42 +0000] "GET /tag/css HTTP/1.1" 404 3288 "-" "Mozilla/5.0 (compatible; SemrushBot/0.98~bl; +http://www.semrush.com/bot.html)"
180.76.15.7 - - [25/May/2015:10:06:57 +0000] "GET /jsframework/src/scriptaculous.js HTTP/1.1" 404 151 "-" "Mozilla/5.0 (compatible; Baiduspider/2.0; +http://www.baidu.com/search/spider.html)"
66.249.69.86 - - [25/May/2015:10:07:05 +0000] "GET /Master/manuel HTTP/1.1" 404 151 "-" "Mozilla/5.0 (iPhone; CPU iPhone OS 6_0 like Mac OS X) AppleWebKit/536.26 (KHTML, like Gecko) Version/6.0 Mobile/10A5376e Safari/8536.25 (compatible; Googlebot/2.1; +http://www.google.com/bot.html)"
66.249.69.100 - - [25/May/2015:10:11:06 +0000] "GET /2010/06/a-chaque-fois-que-je-parle-dapple-je-triple-mon-audience/ HTTP/1.1" 404 3288 "-" "Mozilla/5.0 (compatible; Googlebot/2.1; +http://www.google.com/bot.html)"
178.154.243.102 - - [25/May/2015:10:15:34 +0000] "GET /2009/02/eviter-un-cliqueur-frenetique-dans-une-appli-web/feed/ HTTP/1.1" 200 439 "-" "Mozilla/5.0 (compatible; YandexBot/3.0; +http://yandex.com/bots)"
46.229.164.99 - - [25/May/2015:10:17:32 +0000] "GET /tag/organisation HTTP/1.1" 404 3288 "-" "Mozilla/5.0 (compatible; SemrushBot/0.98~bl; +http://www.semrush.com/bot.html)"
46.151.52.32 - - [25/May/2015:10:19:02 +0000] "GET /2010/04/4-raisons-davoir-choisi-un-telephone-sous-android-plutot-quun-iphone/ HTTP/1.0" 404 8921 "http://weblog.lo2k.net/2010/04/4-raisons-davoir-choisi-un-telephone-sous-android-plutot-quun-iphone/" "Mozilla/5.0 (Windows NT 5.2; WOW64; rv:33.0) Gecko/20100101 Firefox/33.0"
46.151.52.32 - - [25/May/2015:10:19:03 +0000] "GET / HTTP/1.0" 200 9151 "http://weblog.lo2k.net/" "Mozilla/5.0 (Windows NT 5.2; WOW64; rv:33.0) Gecko/20100101 Firefox/33.0"
58.62.139.143 - - [25/May/2015:10:19:26 +0000] "GET /2010/06/a-chaque-fois-que-je-parle-dapple-je-triple-mon-audience/ HTTP/1.1" 404 3288 "-" "Mozilla/4.0 (compatible; MSIE 6.0; Windows NT 5.1; SV1; Mozilla/4.0 (compatible; MSIE 6.0; Windows NT 5.1; SV1) )"
178.154.243.102 - - [25/May/2015:10:28:11 +0000] "GET /2010/06/devinez-ce-que-cest/ HTTP/1.1" 404 3288 "-" "Mozilla/5.0 (compatible; YandexBot/3.0; +http://yandex.com/bots)"
207.46.13.96 - - [25/May/2015:10:29:04 +0000] "GET /2008/09/mac-donald-manom-ergo-success-but-failed/ HTTP/1.1" 404 3288 "-" "msnbot-media/1.1 (+http://search.msn.com/msnbot.htm)"
207.46.13.96 - - [25/May/2015:10:29:04 +0000] "GET /2008/09/mac-donald-manom-ergo-success-but-failed/ HTTP/1.1" 404 3288 "-" "msnbot-media/1.1 (+http://search.msn.com/msnbot.htm)"
46.229.164.113 - - [25/May/2015:10:30:19 +0000] "GET /tag/css3 HTTP/1.1" 404 3288 "-" "Mozilla/5.0 (compatible; SemrushBot/0.98~bl; +http://www.semrush.com/bot.html)"
62.210.215.112 - - [25/May/2015:10:32:42 +0000] "GET /2009/01/android-1sur-htc-touch-diamond/feed/ HTTP/1.1" 200 431 "-" "Mozilla/5.0 (X11; Linux i686) AppleWebKit/537.36 (KHTML, like Gecko) Chrome/30.0.1599.66 Safari/537.36"
178.154.243.102 - - [25/May/2015:10:40:47 +0000] "GET /2009/01/de-la-mousse/ HTTP/1.1" 404 3288 "-" "Mozilla/5.0 (compatible; YandexBot/3.0; +http://yandex.com/bots)"
46.229.164.111 - - [25/May/2015:10:43:29 +0000] "GET /tag/svn HTTP/1.1" 404 3288 "-" "Mozilla/5.0 (compatible; SemrushBot/0.98~bl; +http://www.semrush.com/bot.html)"
66.249.69.102 - - [25/May/2015:10:49:12 +0000] "GET /Master/manuel HTTP/1.1" 404 151 "-" "Mozilla/5.0 (compatible; Googlebot/2.1; +http://www.google.com/bot.html)"
178.154.243.102 - - [25/May/2015:10:53:23 +0000] "GET /tag/guillaume-canet/feed/ HTTP/1.1" 200 417 "-" "Mozilla/5.0 (compatible; YandexBot/3.0; +http://yandex.com/bots)"
46.229.164.114 - - [25/May/2015:10:58:29 +0000] "GET /tag/ocr HTTP/1.1" 404 3288 "-" "Mozilla/5.0 (compatible; SemrushBot/0.98~bl; +http://www.semrush.com/bot.html)"
180.76.15.135 - - [25/May/2015:11:02:08 +0000] "GET /tag/guice/ HTTP/1.1" 404 3288 "-" "Mozilla/5.0 (compatible; Baiduspider/2.0; +http://www.baidu.com/search/spider.html)"
46.151.52.42 - - [25/May/2015:11:04:59 +0000] "GET /2010/04/4-raisons-davoir-choisi-un-telephone-sous-android-plutot-quun-iphone/ HTTP/1.0" 404 8921 "http://weblog.lo2k.net/2010/04/4-raisons-davoir-choisi-un-telephone-sous-android-plutot-quun-iphone/" "Mozilla/5.0 (Windows NT 6.3; WOW64; rv:33.0) Gecko/20100101 Firefox/33.0"
46.151.52.42 - - [25/May/2015:11:05:00 +0000] "GET / HTTP/1.0" 200 9151 "http://weblog.lo2k.net/" "Mozilla/5.0 (Windows NT 6.3; WOW64; rv:33.0) Gecko/20100101 Firefox/33.0"
178.154.243.102 - - [25/May/2015:11:05:59 +0000] "GET /feed/ HTTP/1.1" 200 778 "-" "Mozilla/5.0 (compatible; YandexBot/3.0; +http://yandex.com/bots)"
192.95.29.116 - - [25/May/2015:11:12:25 +0000] "GET /robots.txt HTTP/1.0" 404 177 "-" ""
192.95.29.116 - - [25/May/2015:11:12:25 +0000] "GET / HTTP/1.1" 206 5 "-" "Mozilla/5.0 (X11; Linux x86_64) AppleWebKit/534.30 (KHTML, like Gecko) Ubuntu/10.10 Chromium/12.0.742.112 Chrome/12.0.742.112 Safari/534.30"
66.249.69.94 - - [25/May/2015:11:17:36 +0000] "GET / HTTP/1.1" 200 5 "-" "Mozilla/5.0 (iPhone; CPU iPhone OS 6_0 like Mac OS X) AppleWebKit/536.26 (KHTML, like Gecko) Version/6.0 Mobile/10A5376e Safari/8536.25 (compatible; Googlebot/2.1; +http://www.google.com/bot.html)"
178.154.243.102 - - [25/May/2015:11:18:36 +0000] "GET /2010/06/ HTTP/1.1" 404 3288 "-" "Mozilla/5.0 (compatible; YandexBot/3.0; +http://yandex.com/bots)"
58.62.139.143 - - [25/May/2015:11:20:55 +0000] "GET /2010/06/a-chaque-fois-que-je-parle-dapple-je-triple-mon-audience/ HTTP/1.1" 404 3288 "-" "Mozilla/4.0 (compatible; MSIE 6.0; Windows NT 5.1; SV1; Mozilla/4.0 (compatible; MSIE 6.0; Windows NT 5.1; SV1) )"
178.154.243.102 - - [25/May/2015:11:21:58 +0000] "GET /2008/09/rodemack-journee-du-patrimoine/comment-page-1/ HTTP/1.1" 404 3288 "-" "Mozilla/5.0 (compatible; YandexBot/3.0; +http://yandex.com/bots)"
66.249.69.94 - - [25/May/2015:11:22:17 +0000] "GET /jsframework/src/scriptaculous.js HTTP/1.1" 404 151 "-" "Mozilla/5.0 (compatible; Googlebot/2.1; +http://www.google.com/bot.html)"
123.125.71.53 - - [25/May/2015:11:26:03 +0000] "GET / HTTP/1.1" 200 5 "-" "Mozilla/5.0 (Windows NT 5.1; rv:6.0.2) Gecko/20100101 Firefox/6.0.2"
66.249.69.100 - - [25/May/2015:11:27:15 +0000] "GET /2009/01/explosion-des-stats/ HTTP/1.1" 404 3288 "-" "Mozilla/5.0 (compatible; Googlebot/2.1; +http://www.google.com/bot.html)"
178.154.243.102 - - [25/May/2015:11:34:23 +0000] "GET /2010/06/pourquoi-liphone-rend-mechant/ HTTP/1.1" 404 3288 "-" "Mozilla/5.0 (compatible; YandexBot/3.0; +http://yandex.com/bots)"
65.19.138.34 - - [25/May/2015:11:37:14 +0000] "GET /feed/ HTTP/1.1" 200 778 "-" "Feedly/1.0 (+http://www.feedly.com/fetcher.html; like FeedFetcher-Google)"
46.229.164.102 - - [25/May/2015:11:41:22 +0000] "GET /node-tetrinet HTTP/1.1" 404 3288 "-" "Mozilla/5.0 (compatible; SemrushBot/0.98~bl; +http://www.semrush.com/bot.html)"
61.135.189.184 - - [25/May/2015:11:46:24 +0000] "GET /robots.txt HTTP/1.1" 200 35 "-" "Sogou web spider/4.0(+http://www.sogou.com/docs/help/webmasters.htm#07)"
178.154.243.102 - - [25/May/2015:11:46:48 +0000] "GET /2009/01/classement-des-appareils-nikon-sur-flickr/ HTTP/1.1" 404 3288 "-" "Mozilla/5.0 (compatible; YandexBot/3.0; +http://yandex.com/bots)"
209.133.111.211 - - [25/May/2015:11:48:58 +0000] "GET /robots.txt HTTP/1.1" 200 35 "-" "python-requests/2.2.1 CPython/2.7.3 Linux/3.2.0-56-generic"
209.133.111.211 - - [25/May/2015:11:48:59 +0000] "GET /feed/ HTTP/1.1" 200 778 "-" "rogerbot/1.0 (http://www.moz.com/dp/rogerbot, rogerbot-crawler@moz.com)"
209.133.111.211 - - [25/May/2015:11:49:01 +0000] "GET /comments/feed/ HTTP/1.1" 200 714 "-" "rogerbot/1.0 (http://www.moz.com/dp/rogerbot, rogerbot-crawler@moz.com)"
62.210.215.112 - - [25/May/2015:11:59:12 +0000] "GET /2010/06/devinez-ce-que-cest/feed/ HTTP/1.1" 200 423 "-" "Mozilla/5.0 (X11; Linux i686) AppleWebKit/537.36 (KHTML, like Gecko) Chrome/30.0.1599.66 Safari/537.36"
178.154.243.102 - - [25/May/2015:11:59:13 +0000] "GET /tag/apple/ HTTP/1.1" 404 3288 "-" "Mozilla/5.0 (compatible; YandexBot/3.0; +http://yandex.com/bots)"
66.249.69.116 - - [25/May/2015:12:02:20 +0000] "GET / HTTP/1.1" 200 3156 "-" "Mozilla/5.0 (compatible; Googlebot/2.1; +http://www.google.com/bot.html)"
68.180.228.180 - - [25/May/2015:12:03:42 +0000] "GET / HTTP/1.1" 200 5 "-" "Mozilla/5.0 (compatible; Yahoo! Slurp; http://help.yahoo.com/help/us/ysearch/slurp)"
81.52.143.32 - - [25/May/2015:12:04:33 +0000] "GET /2009/01/classement-des-appareils-nikon-sur-flickr/feed/ HTTP/1.1" 200 437 "-" "Mozilla/5.0 (compatible; OrangeBot/2.0; support.orangebot@orange.com)"
178.154.243.102 - - [25/May/2015:12:11:38 +0000] "GET /2008/11/pourquoi-utiliser-git-plutot-que-svn/ HTTP/1.1" 404 3288 "-" "Mozilla/5.0 (compatible; YandexBot/3.0; +http://yandex.com/bots)"
178.154.243.102 - - [25/May/2015:12:24:02 +0000] "GET /2010/05/determinons-votre-personnalite-grace-a-facebook/ HTTP/1.1" 404 3288 "-" "Mozilla/5.0 (compatible; YandexBot/3.0; +http://yandex.com/bots)"
46.229.164.102 - - [25/May/2015:12:24:25 +0000] "GET /2008/11 HTTP/1.1" 404 3288 "-" "Mozilla/5.0 (compatible; SemrushBot/0.98~bl; +http://www.semrush.com/bot.html)"
66.249.69.116 - - [25/May/2015:12:29:35 +0000] "GET /robots.txt HTTP/1.1" 200 35 "-" "Mozilla/5.0 (compatible; Googlebot/2.1; +http://www.google.com/bot.html)"
66.249.69.108 - - [25/May/2015:12:29:35 +0000] "GET /2009/11/une-petite-application-de-reconnaissance-de-formes-en-java-web-start/ HTTP/1.1" 404 3288 "-" "Mozilla/5.0 (iPhone; CPU iPhone OS 6_0 like Mac OS X) AppleWebKit/536.26 (KHTML, like Gecko) Version/6.0 Mobile/10A5376e Safari/8536.25 (compatible; Googlebot/2.1; +http://www.google.com/bot.html)"
123.125.71.27 - - [25/May/2015:12:33:23 +0000] "GET / HTTP/1.1" 200 3156 "-" "Mozilla/5.0 (Windows NT 5.1; rv:6.0.2) Gecko/20100101 Firefox/6.0.2"
123.125.71.40 - - [25/May/2015:12:34:12 +0000] "GET / HTTP/1.1" 200 9171 "-" "Mozilla/5.0 (Windows NT 5.1; rv:6.0.2) Gecko/20100101 Firefox/6.0.2"
178.154.243.102 - - [25/May/2015:12:36:27 +0000] "GET /tag/canvas/feed/ HTTP/1.1" 200 413 "-" "Mozilla/5.0 (compatible; YandexBot/3.0; +http://yandex.com/bots)"
66.249.78.67 - - [25/May/2015:12:42:04 +0000] "GET /robots.txt HTTP/1.1" 200 35 "-" "Mozilla/5.0 (compatible; Googlebot/2.1; +http://www.google.com/bot.html)"
66.249.78.60 - - [25/May/2015:12:42:04 +0000] "GET /2010/08/5-elements-indispensable-dun-bon-film-francais/ HTTP/1.1" 404 3288 "-" "Mozilla/5.0 (compatible; Googlebot/2.1; +http://www.google.com/bot.html)"
46.151.52.70 - - [25/May/2015:12:48:13 +0000] "GET /2010/04/4-raisons-davoir-choisi-un-telephone-sous-android-plutot-quun-iphone/ HTTP/1.0" 404 8921 "http://weblog.lo2k.net/2010/04/4-raisons-davoir-choisi-un-telephone-sous-android-plutot-quun-iphone/" "Mozilla/5.0 (Windows NT 6.1; WOW64; rv:33.0) Gecko/20100101 Firefox/33.0"
46.151.52.70 - - [25/May/2015:12:48:15 +0000] "GET / HTTP/1.0" 200 9151 "http://weblog.lo2k.net/" "Mozilla/5.0 (Windows NT 6.1; WOW64; rv:33.0) Gecko/20100101 Firefox/33.0"
178.154.243.102 - - [25/May/2015:12:48:52 +0000] "GET /2010/02/5-outils-que-jai-decouvert-en-5-mois-de-java/ HTTP/1.1" 404 3288 "-" "Mozilla/5.0 (compatible; YandexBot/3.0; +http://yandex.com/bots)"
46.229.164.113 - - [25/May/2015:12:49:54 +0000] "GET /2009/11/scrutator-v3-arrive HTTP/1.1" 404 3288 "-" "Mozilla/5.0 (compatible; SemrushBot/0.98~bl; +http://www.semrush.com/bot.html)"
68.180.228.157 - - [25/May/2015:12:50:56 +0000] "GET /robots.txt HTTP/1.1" 200 35 "-" "Mozilla/5.0 (compatible; Yahoo! Slurp; http://help.yahoo.com/help/us/ysearch/slurp)"
68.180.228.157 - - [25/May/2015:12:50:57 +0000] "GET /2008/11/pourquoi-utiliser-git-plutot-que-svn/ HTTP/1.1" 404 3288 "-" "Mozilla/5.0 (compatible; Yahoo! Slurp; http://help.yahoo.com/help/us/ysearch/slurp)"
80.82.70.24 - - [25/May/2015:12:58:10 +0000] "\x00" 400 181 "-" "-"
80.82.70.24 - - [25/May/2015:12:58:10 +0000] "GET http://httpheader.net HTTP/1.1" 200 5 "-" "Mozilla/5.0 (Windows; U; Windows NT 6.1; en-US; rv:1.9.2.28) Gecko/20120306 Firefox/3.6.28 (.NET CLR 3.5.30729)"
80.82.70.24 - - [25/May/2015:12:58:11 +0000] "\x04\x01\x00P\xC0c\xF660\x00" 400 181 "-" "-"
80.82.70.24 - - [25/May/2015:12:58:11 +0000] "\x04\x01\x00P\xC0c\xF660\x00" 400 181 "-" "-"
80.82.70.24 - - [25/May/2015:12:58:11 +0000] "\x05\x01\x00" 400 181 "-" "-"
178.154.243.102 - - [25/May/2015:13:01:17 +0000] "GET /2008/12/coup-de-gueule-contre-la-societe-de-consomnation/ HTTP/1.1" 404 3288 "-" "Mozilla/5.0 (compatible; YandexBot/3.0; +http://yandex.com/bots)"
46.229.164.111 - - [25/May/2015:13:01:46 +0000] "GET /2009/02 HTTP/1.1" 404 3288 "-" "Mozilla/5.0 (compatible; SemrushBot/0.98~bl; +http://www.semrush.com/bot.html)"
178.154.243.102 - - [25/May/2015:13:13:41 +0000] "GET /?p=517 HTTP/1.1" 404 3288 "-" "Mozilla/5.0 (compatible; YandexBot/3.0; +http://yandex.com/bots)"
66.249.78.60 - - [25/May/2015:13:14:29 +0000] "GET /2009/11/une-petite-application-de-reconnaissance-de-formes-en-java-web-start/ HTTP/1.1" 404 3288 "-" "Mozilla/5.0 (compatible; Googlebot/2.1; +http://www.google.com/bot.html)"
46.229.164.99 - - [25/May/2015:13:15:31 +0000] "GET /2013/04 HTTP/1.1" 404 3288 "-" "Mozilla/5.0 (compatible; SemrushBot/0.98~bl; +http://www.semrush.com/bot.html)"
180.76.15.139 - - [25/May/2015:13:22:58 +0000] "GET /node-tetrinet/feed/ HTTP/1.1" 200 413 "-" "Mozilla/5.0 (compatible; Baiduspider/2.0; +http://www.baidu.com/search/spider.html)"
178.154.243.102 - - [25/May/2015:13:26:06 +0000] "GET /?p=483 HTTP/1.1" 404 3288 "-" "Mozilla/5.0 (compatible; YandexBot/3.0; +http://yandex.com/bots)"
46.229.164.99 - - [25/May/2015:13:26:41 +0000] "GET /2009/02/ps3-slideshow-on-flickr-with-html5-canvasoes-and-soles-1-on-free-porn HTTP/1.1" 404 3288 "-" "Mozilla/5.0 (compatible; SemrushBot/0.98~bl; +http://www.semrush.com/bot.html)"
172.17.42.1 - - [25/May/2015:13:37:21 +0000] "POST /wp-cron.php?doing_wp_cron=1432561039.9702489376068115234375 HTTP/1.0" 499 0 "-" "WordPress/4.2.2; http://weblog.lo2k.net"
46.229.164.99 - - [25/May/2015:13:37:21 +0000] "GET /2008/11/pourquoi-utiliser-git-plutot-que-svn?replytocom=3802 HTTP/1.1" 404 3313 "-" "Mozilla/5.0 (compatible; SemrushBot/0.98~bl; +http://www.semrush.com/bot.html)"
180.76.15.146 - - [25/May/2015:13:37:58 +0000] "GET /2010/06/css3-et-degradation-de-design-pour-ie-ca-commence/ HTTP/1.1" 404 3288 "-" "Mozilla/5.0 (compatible; Baiduspider/2.0; +http://www.baidu.com/search/spider.html)"
178.154.243.102 - - [25/May/2015:13:38:31 +0000] "GET /?p=454 HTTP/1.1" 404 3288 "-" "Mozilla/5.0 (compatible; YandexBot/3.0; +http://yandex.com/bots)"
66.249.67.131 - - [25/May/2015:13:39:44 +0000] "GET /2010/02/pourquoi-jai-decide-dutiliser-css3-sans-attendre/ HTTP/1.1" 404 3288 "-" "Mozilla/5.0 (iPhone; CPU iPhone OS 6_0 like Mac OS X) AppleWebKit/536.26 (KHTML, like Gecko) Version/6.0 Mobile/10A5376e Safari/8536.25 (compatible; Googlebot/2.1; +http://www.google.com/bot.html)"
64.251.27.99 - - [25/May/2015:13:44:32 +0000] "GET /robots.txt HTTP/1.0" 404 579 "-" "Mozilla/4.0 (compatible; MSIE 5.01; Windows NT)"
199.48.147.141 - - [25/May/2015:13:45:02 +0000] "GET /logs/includes/templates/error.tpl HTTP/1.1" 404 177 "-" "Mozilla/5.0 (Windows NT 6.1; WOW64; rv:8.0) Gecko/20100101 Firefox/8.0"
46.229.164.113 - - [25/May/2015:13:50:09 +0000] "GET /2010/04/4-raisons-davoir-choisi-un-telephone-sous-android-plutot-quun-iphone/comment-page-1 HTTP/1.1" 404 3288 "-" "Mozilla/5.0 (compatible; SemrushBot/0.98~bl; +http://www.semrush.com/bot.html)"
178.154.243.102 - - [25/May/2015:13:50:55 +0000] "GET /tag/html5/ HTTP/1.1" 404 3288 "-" "Mozilla/5.0 (compatible; YandexBot/3.0; +http://yandex.com/bots)"
180.76.15.25 - - [25/May/2015:13:52:58 +0000] "GET /tag/project/ HTTP/1.1" 404 3288 "-" "Mozilla/5.0 (compatible; Baiduspider/2.0; +http://www.baidu.com/search/spider.html)"
66.249.78.74 - - [25/May/2015:13:53:46 +0000] "GET /2010/03/1mpts/ HTTP/1.1" 404 3288 "-" "Mozilla/5.0 (compatible; Googlebot/2.1; +http://www.google.com/bot.html)"
178.154.243.102 - - [25/May/2015:14:03:19 +0000] "GET /node-tetrinet/ HTTP/1.1" 404 3288 "-" "Mozilla/5.0 (compatible; YandexBot/3.0; +http://yandex.com/bots)"
46.229.164.111 - - [25/May/2015:14:03:21 +0000] "GET /category/projects HTTP/1.1" 404 3288 "-" "Mozilla/5.0 (compatible; SemrushBot/0.98~bl; +http://www.semrush.com/bot.html)"
46.151.52.77 - - [25/May/2015:14:09:33 +0000] "GET / HTTP/1.0" 200 9151 "http://weblog.lo2k.net/" "Mozilla/5.0 (Windows NT 6.3; WOW64) AppleWebKit/537.36 (KHTML, like Gecko) Chrome/37.0.2062.124 YaBrowser/14.10.2062.12061 Safari/537.36"
104.206.177.188 - - [25/May/2015:14:11:05 +0000] "GET /2010/04/4-raisons-davoir-choisi-un-telephone-sous-android-plutot-quun-iphone/ HTTP/1.0" 404 8921 "http://weblog.lo2k.net/" "Mozilla/5.0 (iPad; CPU OS 8_1_2 like Mac OS X) AppleWebKit/600.1.4 (KHTML, like Gecko) Version/8.0 Mobile/12B440 Safari/600.1.4"
104.206.177.188 - - [25/May/2015:14:11:06 +0000] "GET / HTTP/1.1" 200 3156 "http://weblog.lo2k.net" "Mozilla/5.0 (iPad; CPU OS 8_1_2 like Mac OS X) AppleWebKit/600.1.4 (KHTML, like Gecko) Version/8.0 Mobile/12B440 Safari/600.1.4"
178.154.243.102 - - [25/May/2015:14:15:44 +0000] "GET /2010/05/determinons-votre-personnalite-grace-a-facebook/comment-page-1/ HTTP/1.1" 404 3288 "-" "Mozilla/5.0 (compatible; YandexBot/3.0; +http://yandex.com/bots)"
46.229.164.113 - - [25/May/2015:14:16:19 +0000] "GET /2010/08/5-elements-indispensable-dun-bon-film-francais HTTP/1.1" 404 3288 "-" "Mozilla/5.0 (compatible; SemrushBot/0.98~bl; +http://www.semrush.com/bot.html)"
68.180.228.157 - - [25/May/2015:14:16:57 +0000] "GET /2008/12/un-lifeblog-avec-simile/ HTTP/1.1" 404 3288 "-" "Mozilla/5.0 (compatible; Yahoo! Slurp; http://help.yahoo.com/help/us/ysearch/slurp)"
178.154.243.102 - - [25/May/2015:14:28:08 +0000] "GET /?p=470 HTTP/1.1" 404 3288 "-" "Mozilla/5.0 (compatible; YandexBot/3.0; +http://yandex.com/bots)"
175.44.5.63 - - [25/May/2015:14:30:10 +0000] "GET /2013/user/register HTTP/1.1" 404 3288 "http://weblog.lo2k.net/2013/" "Mozilla/5.0 (Windows NT 6.1; rv:26.0) Gecko/20100101 Firefox/26.0"
157.55.39.185 - - [25/May/2015:14:37:00 +0000] "GET / HTTP/1.1" 200 3156 "-" "Mozilla/5.0 (compatible; bingbot/2.0; +http://www.bing.com/bingbot.htm)"
65.19.138.34 - - [25/May/2015:14:37:21 +0000] "GET /feed/ HTTP/1.1" 200 778 "-" "Feedly/1.0 (+http://www.feedly.com/fetcher.html; like FeedFetcher-Google)"
175.44.5.63 - - [25/May/2015:14:37:27 +0000] "GET /2013/user/register HTTP/1.1" 404 3288 "http://weblog.lo2k.net/2013/" "Mozilla/5.0 (Windows NT 6.1; rv:26.0) Gecko/20100101 Firefox/26.0"
66.249.78.179 - - [25/May/2015:14:38:52 +0000] "GET /robots.txt HTTP/1.1" 404 151 "-" "Mozilla/5.0 (compatible; Googlebot/2.1; +http://www.google.com/bot.html)"
66.249.67.200 - - [25/May/2015:14:38:52 +0000] "GET /index.php HTTP/1.1" 404 151 "-" "Mozilla/5.0 (compatible; Googlebot/2.1; +http://www.google.com/bot.html)"
178.154.243.102 - - [25/May/2015:14:40:31 +0000] "GET /2009/02/ps3-slideshow-on-flickr-with-html5-canvas/feed/ HTTP/1.1" 200 439 "-" "Mozilla/5.0 (compatible; YandexBot/3.0; +http://yandex.com/bots)"
46.229.164.102 - - [25/May/2015:14:41:08 +0000] "GET /tag/htc HTTP/1.1" 404 3288 "-" "Mozilla/5.0 (compatible; SemrushBot/0.98~bl; +http://www.semrush.com/bot.html)"
58.62.139.143 - - [25/May/2015:14:52:35 +0000] "GET /2010/06/a-chaque-fois-que-je-parle-dapple-je-triple-mon-audience/ HTTP/1.1" 404 3288 "-" "Mozilla/4.0 (compatible; MSIE 6.0; Windows NT 5.1; SV1; Mozilla/4.0 (compatible; MSIE 6.0; Windows NT 5.1; SV1) )"
31.168.72.66 - - [25/May/2015:14:52:45 +0000] "GET / HTTP/1.1" 200 5 "-" "Mozilla/5.0 (Windows NT 6.1; WOW64) AppleWebKit/537.36 (KHTML, like Gecko) Chrome/43.0.2357.65 Safari/537.36"
31.168.72.66 - - [25/May/2015:14:52:45 +0000] "GET /favicon.ico HTTP/1.1" 404 208 "http://net.lo2k.net/" "Mozilla/5.0 (Windows NT 6.1; WOW64) AppleWebKit/537.36 (KHTML, like Gecko) Chrome/43.0.2357.65 Safari/537.36"
178.154.243.102 - - [25/May/2015:14:55:31 +0000] "GET /2009/02/ps3-slideshow-on-flickr-with-html5-canvas/ HTTP/1.1" 404 3288 "-" "Mozilla/5.0 (compatible; YandexBot/3.0; +http://yandex.com/bots)"
91.121.103.198 - - [25/May/2015:14:57:00 +0000] "GET /feed/ HTTP/1.1" 200 1756 "-" "Fever/1.39 (Feed Parser; http://feedafever.com; Allow like Gecko)"
66.249.78.67 - - [25/May/2015:14:59:58 +0000] "GET /2010/03/1mpts/ HTTP/1.1" 404 3288 "-" "Mozilla/5.0 (iPhone; CPU iPhone OS 6_0 like Mac OS X) AppleWebKit/536.26 (KHTML, like Gecko) Version/6.0 Mobile/10A5376e Safari/8536.25 (compatible; Googlebot/2.1; +http://www.google.com/bot.html)"
66.249.78.74 - - [25/May/2015:15:01:17 +0000] "GET /2009/07/git-nest-pas-magique/ HTTP/1.1" 404 3288 "-" "Mozilla/5.0 (iPhone; CPU iPhone OS 6_0 like Mac OS X) AppleWebKit/536.26 (KHTML, like Gecko) Version/6.0 Mobile/10A5376e Safari/8536.25 (compatible; Googlebot/2.1; +http://www.google.com/bot.html)"
68.180.228.157 - - [25/May/2015:15:06:58 +0000] "GET /2009/11/une-petite-application-de-reconnaissance-de-formes-en-java-web-start/ HTTP/1.1" 404 3288 "-" "Mozilla/5.0 (compatible; Yahoo! Slurp; http://help.yahoo.com/help/us/ysearch/slurp)"
66.249.78.186 - - [25/May/2015:15:13:06 +0000] "GET /mobile/ HTTP/1.1" 404 151 "-" "Mozilla/5.0 (compatible; Googlebot/2.1; +http://www.google.com/bot.html)"
46.229.164.102 - - [25/May/2015:15:23:01 +0000] "GET /category/uncategorized HTTP/1.1" 404 3288 "-" "Mozilla/5.0 (compatible; SemrushBot/0.98~bl; +http://www.semrush.com/bot.html)"
66.249.78.67 - - [25/May/2015:15:23:56 +0000] "GET / HTTP/1.1" 200 3156 "-" "Mozilla/5.0 (compatible; Googlebot/2.1; +http://www.google.com/bot.html)"
46.229.164.113 - - [25/May/2015:15:46:03 +0000] "GET /2008/12/un-lifeblog-avec-simile HTTP/1.1" 404 3288 "-" "Mozilla/5.0 (compatible; SemrushBot/0.98~bl; +http://www.semrush.com/bot.html)"
209.133.111.211 - - [25/May/2015:15:49:06 +0000] "GET /robots.txt HTTP/1.1" 200 35 "-" "python-requests/2.2.1 CPython/2.7.3 Linux/3.2.0-56-generic"
209.133.111.211 - - [25/May/2015:15:49:07 +0000] "GET /feed/ HTTP/1.1" 200 778 "-" "rogerbot/1.0 (http://www.moz.com/dp/rogerbot, rogerbot-crawler@moz.com)"
209.133.111.211 - - [25/May/2015:15:49:08 +0000] "GET /comments/feed/ HTTP/1.1" 200 714 "-" "rogerbot/1.0 (http://www.moz.com/dp/rogerbot, rogerbot-crawler@moz.com)"
46.151.52.70 - - [25/May/2015:15:53:55 +0000] "GET /2010/04/4-raisons-davoir-choisi-un-telephone-sous-android-plutot-quun-iphone/ HTTP/1.0" 404 8921 "http://weblog.lo2k.net/2010/04/4-raisons-davoir-choisi-un-telephone-sous-android-plutot-quun-iphone/" "Mozilla/5.0 (Windows NT 6.1; WOW64) AppleWebKit/537.36 (KHTML, like Gecko) Chrome/39.0.2171.71 Safari/537.36"
