46.151.52.70 - - [25/May/2015:15:53:56 +0000] "GET / HTTP/1.0" 200 9151 "http://weblog.lo2k.net/" "Mozilla/5.0 (Windows NT 6.1; WOW64) AppleWebKit/537.36 (KHTML, like Gecko) Chrome/39.0.2171.71 Safari/537.36"
46.229.164.102 - - [25/May/2015:15:57:13 +0000] "GET /2010/02/4-excuses-de-collegues-pour-faire-du-code-spaghetti/comment-page-1 HTTP/1.1" 404 3288 "-" "Mozilla/5.0 (compatible; SemrushBot/0.98~bl; +http://www.semrush.com/bot.html)"
46.229.164.99 - - [25/May/2015:16:08:55 +0000] "GET /2008/11/pourquoi-utiliser-git-plutot-que-svn?replytocom=3830 HTTP/1.1" 404 3313 "-" "Mozilla/5.0 (compatible; SemrushBot/0.98~bl; +http://www.semrush.com/bot.html)"
54.147.188.27 - - [25/May/2015:16:11:27 +0000] "GET /feed/ HTTP/1.1" 200 1756 "-" "Flamingo_SearchEngine (+http://www.flamingosearch.com/bot)"
54.237.35.183 - - [25/May/2015:16:11:53 +0000] "HEAD /2015/05/22/bonjour-tout-le-monde/ HTTP/1.1" 200 0 "-" "Flamingo_SearchEngine (+http://www.flamingosearch.com/bot)"
66.249.78.193 - - [25/May/2015:16:13:23 +0000] "GET /m/ HTTP/1.1" 404 151 "-" "Mozilla/5.0 (compatible; Googlebot/2.1; +http://www.google.com/bot.html)"
68.180.228.157 - - [25/May/2015:16:16:54 +0000] "GET /2008/11/pourquoi-utiliser-git-plutot-que-svn/feed/ HTTP/1.1" 200 433 "-" "Mozilla/5.0 (compatible; Yahoo! Slurp; http://help.yahoo.com/help/us/ysearch/slurp)"
46.229.164.113 - - [25/May/2015:16:19:25 +0000] "GET /tag/google HTTP/1.1" 404 3288 "-" "Mozilla/5.0 (compatible; SemrushBot/0.98~bl; +http://www.semrush.com/bot.html)"
46.151.52.40 - - [25/May/2015:16:25:30 +0000] "GET /2010/04/4-raisons-davoir-choisi-un-telephone-sous-android-plutot-quun-iphone/ HTTP/1.0" 404 8921 "http://weblog.lo2k.net/2010/04/4-raisons-davoir-choisi-un-telephone-sous-android-plutot-quun-iphone/" "Mozilla/5.0 (Windows NT 6.1; WOW64) AppleWebKit/537.36 (KHTML, like Gecko) Chrome/39.0.2171.65 Safari/537.36 OPR/26.0.1656.24"
46.151.52.40 - - [25/May/2015:16:25:31 +0000] "GET / HTTP/1.0" 200 9151 "http://weblog.lo2k.net/" "Mozilla/5.0 (Windows NT 6.1; WOW64) AppleWebKit/537.36 (KHTML, like Gecko) Chrome/39.0.2171.65 Safari/537.36 OPR/26.0.1656.24"
46.229.164.113 - - [25/May/2015:16:29:19 +0000] "GET /2008/12/ameliorer-un-reseau-de-neurones-avec-un-algorithme-genetique HTTP/1.1" 404 3288 "-" "Mozilla/5.0 (compatible; SemrushBot/0.98~bl; +http://www.semrush.com/bot.html)"
46.229.164.113 - - [25/May/2015:16:38:29 +0000] "GET /2010/09/la-tweettiquette-ou-statustiquette HTTP/1.1" 404 3288 "-" "Mozilla/5.0 (compatible; SemrushBot/0.98~bl; +http://www.semrush.com/bot.html)"
66.249.67.105 - - [25/May/2015:16:41:12 +0000] "GET /2008/12/un-lifeblog-avec-simile/ HTTP/1.1" 404 3288 "-" "SAMSUNG-SGH-E250/1.0 Profile/MIDP-2.0 Configuration/CLDC-1.1 UP.Browser/6.2.3.3.c.1.101 (GUI) MMP/2.0 (compatible; Googlebot-Mobile/2.1; +http://www.google.com/bot.html)"
183.160.99.54 - - [25/May/2015:16:43:46 +0000] "GET /2013/04/node-tetrinet-released/ HTTP/1.1" 404 3288 "-" "Mozilla/4.0 (compatible; MSIE 6.0; Windows NT 5.1; SV1; Mozilla/4.0 (compatible; MSIE 6.0; Windows NT 5.1; SV1) ; .NET CLR 2.0.50727 ; .NET CLR 4.0.30319)"
46.229.164.99 - - [25/May/2015:16:47:58 +0000] "GET /tag/apple HTTP/1.1" 404 3288 "-" "Mozilla/5.0 (compatible; SemrushBot/0.98~bl; +http://www.semrush.com/bot.html)"
46.229.164.113 - - [25/May/2015:16:57:09 +0000] "GET /2009/10/un-moteur-physique-avec-des-canvas-grace-a-gwt HTTP/1.1" 404 3288 "-" "Mozilla/5.0 (compatible; SemrushBot/0.98~bl; +http://www.semrush.com/bot.html)"
77.132.138.146 - - [25/May/2015:16:57:35 +0000] "GET /wp-content/uploads/2008/09/image_065.jpg HTTP/1.1" 404 3288 "https://www.google.com/" "Mozilla/5.0 (Windows NT 6.3; WOW64) AppleWebKit/537.36 (KHTML, like Gecko) Chrome/43.0.2357.65 Safari/537.36"
66.249.78.179 - - [25/May/2015:17:04:49 +0000] "GET /default/ HTTP/1.1" 404 151 "-" "Mozilla/5.0 (compatible; Googlebot/2.1; +http://www.google.com/bot.html)"
66.249.67.105 - - [25/May/2015:17:05:28 +0000] "GET /2010/03/1mpts/ HTTP/1.1" 404 3288 "-" "DoCoMo/2.0 N905i(c100;TB;W24H16) (compatible; Googlebot-Mobile/2.1; +http://www.google.com/bot.html)"
46.229.164.114 - - [25/May/2015:17:08:16 +0000] "GET /2009/12 HTTP/1.1" 404 3288 "-" "Mozilla/5.0 (compatible; SemrushBot/0.98~bl; +http://www.semrush.com/bot.html)"
178.154.243.102 - - [25/May/2015:17:11:12 +0000] "GET /robots.txt HTTP/1.1" 200 35 "-" "Mozilla/5.0 (compatible; YandexBot/3.0; +http://yandex.com/bots)"
178.154.243.102 - - [25/May/2015:17:11:14 +0000] "GET /2008/12/ameliorer-un-reseau-de-neurones-avec-un-algorithme-genetique/ HTTP/1.1" 404 3288 "-" "Mozilla/5.0 (compatible; YandexBot/3.0; +http://yandex.com/bots)"
178.154.243.102 - - [25/May/2015:17:11:17 +0000] "GET /2008/09/rodemack-journee-du-patrimoine/comment-page-1/ HTTP/1.1" 404 3288 "-" "Mozilla/5.0 (compatible; YandexBot/3.0; +http://yandex.com/bots)"
176.31.60.119 - - [25/May/2015:17:16:20 +0000] "GET /2013/04/node-tetrinet-released/ HTTP/1.1" 404 3288 "http://weblog.lo2k.net/" "Mozilla/5.0 (iPhone; CPU iPhone OS 8_0_2 like Mac OS X) AppleWebKit/600.1.4 (KHTML, like Gecko) Version/8.0 Mobile/12A405 Safari/600.1.4"
176.31.60.119 - - [25/May/2015:17:16:20 +0000] "GET / HTTP/1.1" 200 3156 "http://weblog.lo2k.net" "Mozilla/5.0 (iPhone; CPU iPhone OS 8_0_2 like Mac OS X) AppleWebKit/600.1.4 (KHTML, like Gecko) Version/8.0 Mobile/12A405 Safari/600.1.4"
104.167.194.227 - - [25/May/2015:17:16:21 +0000] "GET /wp-login.php HTTP/1.0" 200 1181 "http://weblog.lo2k.net" "Opera/9.80 (Windows NT 6.2; Win64; x64) Presto/2.12.388 Version/12.17"
104.167.194.227 - - [25/May/2015:17:16:25 +0000] "GET /wp-login.php?action=register HTTP/1.1" 302 0 "http://weblog.lo2k.net/wp-login.php" "Opera/9.80 (Windows NT 6.2; Win64; x64) Presto/2.12.388 Version/12.17"
104.167.194.227 - - [25/May/2015:17:16:26 +0000] "GET /wp-login.php?registration=disabled HTTP/1.1" 200 1248 "http://weblog.lo2k.net/wp-login.php" "Opera/9.80 (Windows NT 6.2; Win64; x64) Presto/2.12.388 Version/12.17"
46.229.164.114 - - [25/May/2015:17:21:31 +0000] "GET /tag/git HTTP/1.1" 404 3288 "-" "Mozilla/5.0 (compatible; SemrushBot/0.98~bl; +http://www.semrush.com/bot.html)"
123.125.71.85 - - [25/May/2015:17:26:31 +0000] "GET / HTTP/1.1" 200 3156 "-" "Mozilla/5.0 (Windows NT 5.1; rv:6.0.2) Gecko/20100101 Firefox/6.0.2"
123.125.71.89 - - [25/May/2015:17:27:27 +0000] "GET / HTTP/1.1" 200 9171 "-" "Mozilla/5.0 (Windows NT 5.1; rv:6.0.2) Gecko/20100101 Firefox/6.0.2"
68.180.228.157 - - [25/May/2015:17:32:14 +0000] "GET /2010/06/photos-de-bretagne/ HTTP/1.1" 404 3288 "-" "Mozilla/5.0 (compatible; Yahoo! Slurp; http://help.yahoo.com/help/us/ysearch/slurp)"
66.249.93.192 - - [25/May/2015:17:36:44 +0000] "GET / HTTP/1.1" 200 5 "-" "Mozilla/5.0 (Windows NT 6.1; rv:6.0) Gecko/20110814 Firefox/6.0 Google favicon"
66.249.93.188 - - [25/May/2015:17:36:45 +0000] "GET /favicon.ico HTTP/1.1" 404 151 "-" "Mozilla/5.0 (Windows NT 6.1; rv:6.0) Gecko/20110814 Firefox/6.0 Google favicon"
46.151.52.46 - - [25/May/2015:17:37:22 +0000] "GET /2010/04/4-raisons-davoir-choisi-un-telephone-sous-android-plutot-quun-iphone/ HTTP/1.0" 404 8921 "http://weblog.lo2k.net/2010/04/4-raisons-davoir-choisi-un-telephone-sous-android-plutot-quun-iphone/" "Mozilla/5.0 (Windows NT 6.1; WOW64; rv:33.0) Gecko/20100101 Firefox/33.0"
46.151.52.46 - - [25/May/2015:17:37:23 +0000] "GET / HTTP/1.0" 200 9151 "http://weblog.lo2k.net/" "Mozilla/5.0 (Windows NT 6.1; WOW64; rv:33.0) Gecko/20100101 Firefox/33.0"
65.19.138.34 - - [25/May/2015:17:37:31 +0000] "GET /feed/ HTTP/1.1" 200 778 "-" "Feedly/1.0 (+http://www.feedly.com/fetcher.html; like FeedFetcher-Google)"
81.52.143.34 - - [25/May/2015:17:44:25 +0000] "GET /robots.txt HTTP/1.1" 200 35 "-" "Mozilla/5.0 (compatible; OrangeBot/2.0; support.orangebot@orange.com)"
81.52.143.34 - - [25/May/2015:17:44:28 +0000] "GET /2010/05/les-euphoryques-de-yutz-2010/feed/ HTTP/1.1" 200 428 "-" "Mozilla/5.0 (compatible; OrangeBot/2.0; support.orangebot@orange.com)"
46.229.164.102 - - [25/May/2015:17:54:50 +0000] "GET /2008/11/pourquoi-utiliser-git-plutot-que-svn?replytocom=87 HTTP/1.1" 404 3313 "-" "Mozilla/5.0 (compatible; SemrushBot/0.98~bl; +http://www.semrush.com/bot.html)"
66.249.78.193 - - [25/May/2015:17:56:15 +0000] "GET /Inventory/showElement&item_id= HTTP/1.1" 404 151 "-" "Mozilla/5.0 (compatible; Googlebot/2.1; +http://www.google.com/bot.html)"
207.46.13.15 - - [25/May/2015:17:56:35 +0000] "GET /2010/02/4-excuses-de-collegues-pour-faire-du-code-spaghetti/comment-page-1/ HTTP/1.1" 404 3288 "-" "Mozilla/5.0 (compatible; bingbot/2.0; +http://www.bing.com/bingbot.htm)"
46.229.164.102 - - [25/May/2015:18:27:37 +0000] "GET /2008/12 HTTP/1.1" 404 3288 "-" "Mozilla/5.0 (compatible; SemrushBot/0.98~bl; +http://www.semrush.com/bot.html)"
185.35.62.11 - - [25/May/2015:18:35:44 +0000] "HEAD / HTTP/1.1" 200 0 "-" "-"
123.125.71.103 - - [25/May/2015:18:35:59 +0000] "GET / HTTP/1.1" 200 3156 "-" "Mozilla/5.0 (Windows NT 5.1; rv:6.0.2) Gecko/20100101 Firefox/6.0.2"
46.229.164.99 - - [25/May/2015:18:46:23 +0000] "GET /2010/09/comment-eviter-les-heures-daffluence-a-la-poste-de-yutz HTTP/1.1" 404 3288 "-" "Mozilla/5.0 (compatible; SemrushBot/0.98~bl; +http://www.semrush.com/bot.html)"
220.181.108.114 - - [25/May/2015:18:49:21 +0000] "GET / HTTP/1.1" 200 3156 "-" "Mozilla/5.0 (Windows NT 5.1; rv:6.0.2) Gecko/20100101 Firefox/6.0.2"
220.181.108.116 - - [25/May/2015:18:49:56 +0000] "GET / HTTP/1.1" 200 9171 "-" "Mozilla/5.0 (Windows NT 5.1; rv:6.0.2) Gecko/20100101 Firefox/6.0.2"
172.17.42.1 - - [25/May/2015:19:00:22 +0000] "POST /wp-cron.php?doing_wp_cron=1432580421.6901431083679199218750 HTTP/1.0" 499 0 "-" "WordPress/4.2.2; http://weblog.lo2k.net"
46.151.52.77 - - [25/May/2015:19:00:22 +0000] "GET /2010/04/4-raisons-davoir-choisi-un-telephone-sous-android-plutot-quun-iphone/ HTTP/1.0" 404 8921 "http://weblog.lo2k.net/2010/04/4-raisons-davoir-choisi-un-telephone-sous-android-plutot-quun-iphone/" "Mozilla/5.0 (Windows NT 6.1; rv:33.0) Gecko/20100101 Firefox/33.0"
46.151.52.77 - - [25/May/2015:19:00:23 +0000] "GET / HTTP/1.0" 200 9151 "http://weblog.lo2k.net/" "Mozilla/5.0 (Windows NT 6.1; rv:33.0) Gecko/20100101 Firefox/33.0"
46.229.164.111 - - [25/May/2015:19:01:32 +0000] "GET /tag/html5 HTTP/1.1" 404 3288 "-" "Mozilla/5.0 (compatible; SemrushBot/0.98~bl; +http://www.semrush.com/bot.html)"
183.252.52.110 - - [25/May/2015:19:05:09 +0000] "GET /2009/02/ps3-slideshow-on-flickr-with-html5-canvas/ HTTP/1.1" 404 3288 "-" "Mozilla/4.0 (compatible; MSIE 6.0; Windows NT 5.1; SV1)"
46.151.52.46 - - [25/May/2015:19:05:44 +0000] "GET /2010/04/4-raisons-davoir-choisi-un-telephone-sous-android-plutot-quun-iphone/ HTTP/1.0" 404 8921 "http://weblog.lo2k.net/2010/04/4-raisons-davoir-choisi-un-telephone-sous-android-plutot-quun-iphone/" "Mozilla/5.0 (Windows NT 6.3; WOW64) AppleWebKit/537.36 (KHTML, like Gecko) Chrome/37.0.2062.124 YaBrowser/14.10.2062.12061 Safari/537.36"
46.151.52.46 - - [25/May/2015:19:05:44 +0000] "GET / HTTP/1.0" 200 9151 "http://weblog.lo2k.net/" "Mozilla/5.0 (Windows NT 6.3; WOW64) AppleWebKit/537.36 (KHTML, like Gecko) Chrome/37.0.2062.124 YaBrowser/14.10.2062.12061 Safari/537.36"
46.229.164.111 - - [25/May/2015:19:13:08 +0000] "GET /tag/1337 HTTP/1.1" 404 3288 "-" "Mozilla/5.0 (compatible; SemrushBot/0.98~bl; +http://www.semrush.com/bot.html)"
66.249.78.67 - - [25/May/2015:19:16:35 +0000] "GET /2010/08/5-elements-indispensable-dun-bon-film-francais/ HTTP/1.1" 404 3288 "-" "Mozilla/5.0 (iPhone; CPU iPhone OS 6_0 like Mac OS X) AppleWebKit/536.26 (KHTML, like Gecko) Version/6.0 Mobile/10A5376e Safari/8536.25 (compatible; Googlebot/2.1; +http://www.google.com/bot.html)"
46.229.164.114 - - [25/May/2015:19:22:43 +0000] "GET /meteora HTTP/1.1" 404 3288 "-" "Mozilla/5.0 (compatible; SemrushBot/0.98~bl; +http://www.semrush.com/bot.html)"
46.151.52.46 - - [25/May/2015:19:26:22 +0000] "GET /2010/04/4-raisons-davoir-choisi-un-telephone-sous-android-plutot-quun-iphone/ HTTP/1.0" 404 8921 "http://weblog.lo2k.net/2010/04/4-raisons-davoir-choisi-un-telephone-sous-android-plutot-quun-iphone/" "Mozilla/5.0 (Windows NT 5.1; rv:33.0) Gecko/20100101 Firefox/33.0"
46.151.52.46 - - [25/May/2015:19:26:22 +0000] "GET / HTTP/1.0" 200 9151 "http://weblog.lo2k.net/" "Mozilla/5.0 (Windows NT 5.1; rv:33.0) Gecko/20100101 Firefox/33.0"
58.62.139.143 - - [25/May/2015:19:29:57 +0000] "GET /2010/06/a-chaque-fois-que-je-parle-dapple-je-triple-mon-audience/ HTTP/1.1" 404 3288 "-" "Mozilla/4.0 (compatible; MSIE 6.0; Windows NT 5.1; SV1; Mozilla/4.0 (compatible; MSIE 6.0; Windows NT 5.1; SV1) ; .NET CLR 2.0.50727 ; .NET CLR 4.0.30319)"
46.229.164.114 - - [25/May/2015:19:31:06 +0000] "GET /tag/testing HTTP/1.1" 404 3288 "-" "Mozilla/5.0 (compatible; SemrushBot/0.98~bl; +http://www.semrush.com/bot.html)"
46.229.164.113 - - [25/May/2015:19:39:48 +0000] "GET /2010/02/4-excuses-de-collegues-pour-faire-du-code-spaghetti HTTP/1.1" 404 3288 "-" "Mozilla/5.0 (compatible; SemrushBot/0.98~bl; +http://www.semrush.com/bot.html)"
46.151.52.40 - - [25/May/2015:19:48:00 +0000] "GET /2010/04/4-raisons-davoir-choisi-un-telephone-sous-android-plutot-quun-iphone/ HTTP/1.0" 404 8921 "http://weblog.lo2k.net/2010/04/4-raisons-davoir-choisi-un-telephone-sous-android-plutot-quun-iphone/" "Mozilla/5.0 (Windows NT 6.1; WOW64) AppleWebKit/537.36 (KHTML, like Gecko) Chrome/39.0.2171.65 Safari/537.36"
46.151.52.40 - - [25/May/2015:19:48:01 +0000] "GET / HTTP/1.0" 200 9151 "http://weblog.lo2k.net/" "Mozilla/5.0 (Windows NT 6.1; WOW64) AppleWebKit/537.36 (KHTML, like Gecko) Chrome/39.0.2171.65 Safari/537.36"
46.229.164.114 - - [25/May/2015:19:48:06 +0000] "GET /2009/01 HTTP/1.1" 404 3288 "-" "Mozilla/5.0 (compatible; SemrushBot/0.98~bl; +http://www.semrush.com/bot.html)"
46.151.52.40 - - [25/May/2015:19:48:09 +0000] "GET /2010/04/4-raisons-davoir-choisi-un-telephone-sous-android-plutot-quun-iphone/ HTTP/1.0" 404 8921 "http://weblog.lo2k.net/2010/04/4-raisons-davoir-choisi-un-telephone-sous-android-plutot-quun-iphone/" "Mozilla/5.0 (Windows NT 5.1; rv:33.0) Gecko/20100101 Firefox/33.0"
46.151.52.40 - - [25/May/2015:19:48:09 +0000] "GET / HTTP/1.0" 200 9151 "http://weblog.lo2k.net/" "Mozilla/5.0 (Windows NT 5.1; rv:33.0) Gecko/20100101 Firefox/33.0"
209.133.111.211 - - [25/May/2015:19:49:29 +0000] "GET /robots.txt HTTP/1.1" 200 35 "-" "python-requests/2.2.1 CPython/2.7.3 Linux/3.2.0-56-generic"
209.133.111.211 - - [25/May/2015:19:49:30 +0000] "GET /feed/ HTTP/1.1" 200 778 "-" "rogerbot/1.0 (http://www.moz.com/dp/rogerbot, rogerbot-crawler@moz.com)"
209.133.111.211 - - [25/May/2015:19:49:32 +0000] "GET /comments/feed/ HTTP/1.1" 200 714 "-" "rogerbot/1.0 (http://www.moz.com/dp/rogerbot, rogerbot-crawler@moz.com)"
66.249.78.179 - - [25/May/2015:19:54:54 +0000] "GET /Master/manuel HTTP/1.1" 404 151 "-" "Mozilla/5.0 (compatible; Googlebot/2.1; +http://www.google.com/bot.html)"
46.229.164.111 - - [25/May/2015:19:57:04 +0000] "GET /2008/11/pourquoi-utiliser-git-plutot-que-svn?replytocom=3805 HTTP/1.1" 404 3313 "-" "Mozilla/5.0 (compatible; SemrushBot/0.98~bl; +http://www.semrush.com/bot.html)"
66.249.78.67 - - [25/May/2015:19:58:02 +0000] "GET /2010/06/a-chaque-fois-que-je-parle-dapple-je-triple-mon-audience/ HTTP/1.1" 404 3288 "-" "Mozilla/5.0 (compatible; Googlebot/2.1; +http://www.google.com/bot.html)"
46.151.52.70 - - [25/May/2015:20:06:34 +0000] "GET /2010/04/4-raisons-davoir-choisi-un-telephone-sous-android-plutot-quun-iphone/ HTTP/1.0" 404 8921 "http://weblog.lo2k.net/2010/04/4-raisons-davoir-choisi-un-telephone-sous-android-plutot-quun-iphone/" "Mozilla/5.0 (Windows NT 6.1) AppleWebKit/537.36 (KHTML, like Gecko) Chrome/37.0.2062.124 YaBrowser/14.10.2062.12061 Safari/537.36"
46.151.52.70 - - [25/May/2015:20:06:35 +0000] "GET / HTTP/1.0" 200 9151 "http://weblog.lo2k.net/" "Mozilla/5.0 (Windows NT 6.1) AppleWebKit/537.36 (KHTML, like Gecko) Chrome/37.0.2062.124 YaBrowser/14.10.2062.12061 Safari/537.36"
46.229.164.113 - - [25/May/2015:20:07:34 +0000] "GET /2010/06/pourquoi-liphone-rend-mechant HTTP/1.1" 404 3288 "-" "Mozilla/5.0 (compatible; SemrushBot/0.98~bl; +http://www.semrush.com/bot.html)"
180.76.15.6 - - [25/May/2015:20:10:33 +0000] "GET / HTTP/1.1" 200 3156 "-" "Mozilla/5.0 (Windows NT 5.1; rv:6.0.2) Gecko/20100101 Firefox/6.0.2"
46.229.164.114 - - [25/May/2015:20:18:02 +0000] "GET /2010/06/a-chaque-fois-que-je-parle-dapple-je-triple-mon-audience HTTP/1.1" 404 3288 "-" "Mozilla/5.0 (compatible; SemrushBot/0.98~bl; +http://www.semrush.com/bot.html)"
58.62.139.143 - - [25/May/2015:20:22:06 +0000] "GET /2010/06/a-chaque-fois-que-je-parle-dapple-je-triple-mon-audience/ HTTP/1.1" 404 3288 "-" "Mozilla/4.0 (compatible; MSIE 6.0; Windows NT 5.1; SV1; Mozilla/4.0 (compatible; MSIE 6.0; Windows NT 5.1; SV1) ; .NET CLR 2.0.50727 ; .NET CLR 4.0.30319)"
180.76.15.149 - - [25/May/2015:20:26:47 +0000] "GET /2011/02/faire-un-cluster-de-calcul-avec-javascript/ HTTP/1.1" 404 3288 "-" "Mozilla/5.0 (compatible; Baiduspider/2.0; +http://www.baidu.com/search/spider.html)"
46.229.164.113 - - [25/May/2015:20:30:43 +0000] "GET /tag/guillaume-canet HTTP/1.1" 404 3288 "-" "Mozilla/5.0 (compatible; SemrushBot/0.98~bl; +http://www.semrush.com/bot.html)"
45.59.26.25 - - [25/May/2015:20:32:33 +0000] "GET /tag/java/ HTTP/1.0" 404 8921 "http://weblog.lo2k.net/" "Mozilla/5.0 (iPhone; CPU iPhone OS 8_0_2 like Mac OS X) AppleWebKit/600.1.4 (KHTML, like Gecko) Version/8.0 Mobile/12A405 Safari/600.1.4"
45.59.26.25 - - [25/May/2015:20:32:34 +0000] "GET / HTTP/1.1" 200 3156 "http://weblog.lo2k.net" "Mozilla/5.0 (iPhone; CPU iPhone OS 8_0_2 like Mac OS X) AppleWebKit/600.1.4 (KHTML, like Gecko) Version/8.0 Mobile/12A405 Safari/600.1.4"
45.59.26.25 - - [25/May/2015:20:32:35 +0000] "POST /xmlrpc.php HTTP/1.1" 200 206 "http://weblog.lo2k.net" "PHP/5.3.55"
157.55.39.186 - - [25/May/2015:20:33:37 +0000] "GET / HTTP/1.1" 200 5 "-" "Mozilla/5.0 (compatible; bingbot/2.0; +http://www.bing.com/bingbot.htm)"
207.46.13.96 - - [25/May/2015:20:35:01 +0000] "GET /tag/lo2k/ HTTP/1.1" 404 3288 "-" "Mozilla/5.0 (compatible; bingbot/2.0; +http://www.bing.com/bingbot.htm)"
65.19.138.33 - - [25/May/2015:20:37:34 +0000] "GET /feed/ HTTP/1.1" 200 778 "-" "Feedly/1.0 (+http://www.feedly.com/fetcher.html; like FeedFetcher-Google)"
46.229.164.114 - - [25/May/2015:20:46:40 +0000] "GET /images/linux.jpg HTTP/1.1" 404 3288 "-" "Mozilla/5.0 (compatible; SemrushBot/0.98~bl; +http://www.semrush.com/bot.html)"
58.62.139.143 - - [25/May/2015:21:13:42 +0000] "GET /2010/06/a-chaque-fois-que-je-parle-dapple-je-triple-mon-audience/ HTTP/1.1" 404 3288 "-" "Mozilla/4.0 (compatible; MSIE 6.0; Windows NT 5.1; SV1)"
46.229.164.102 - - [25/May/2015:21:14:32 +0000] "GET /2011/02 HTTP/1.1" 404 3288 "-" "Mozilla/5.0 (compatible; SemrushBot/0.98~bl; +http://www.semrush.com/bot.html)"
175.44.5.63 - - [25/May/2015:21:15:44 +0000] "GET /2013/user/register HTTP/1.1" 404 3288 "http://weblog.lo2k.net/2013/" "Mozilla/5.0 (Windows NT 6.1; rv:26.0) Gecko/20100101 Firefox/26.0"
180.76.15.157 - - [25/May/2015:21:17:01 +0000] "GET /2008/09/ HTTP/1.1" 404 3288 "-" "Mozilla/5.0 (compatible; Baiduspider/2.0; +http://www.baidu.com/search/spider.html)"
124.73.136.172 - - [25/May/2015:21:20:04 +0000] "GET /2013/04/node-tetrinet-released/ HTTP/1.1" 404 3288 "-" "Mozilla/4.0 (compatible; MSIE 6.0; Windows NT 5.1; SV1)"
157.55.39.178 - - [25/May/2015:21:22:48 +0000] "GET / HTTP/1.1" 200 5 "-" "Mozilla/5.0 (compatible; bingbot/2.0; +http://www.bing.com/bingbot.htm)"
186.101.176.34 - - [25/May/2015:21:24:04 +0000] "GET / HTTP/1.1" 200 5 "-" "Mozilla/5.0 (Windows NT 6.1; WOW64; rv:38.0) Gecko/20100101 Firefox/38.0"
186.101.176.34 - - [25/May/2015:21:24:04 +0000] "GET /favicon.ico HTTP/1.1" 404 177 "-" "Mozilla/5.0 (Windows NT 6.1; WOW64; rv:38.0) Gecko/20100101 Firefox/38.0"
186.101.176.34 - - [25/May/2015:21:24:05 +0000] "GET /favicon.ico HTTP/1.1" 404 177 "-" "Mozilla/5.0 (Windows NT 6.1; WOW64; rv:38.0) Gecko/20100101 Firefox/38.0"
123.125.71.14 - - [25/May/2015:21:42:35 +0000] "GET / HTTP/1.1" 200 5 "-" "Mozilla/5.0 (Windows NT 5.1; rv:6.0.2) Gecko/20100101 Firefox/6.0.2"
178.255.215.90 - - [25/May/2015:21:45:59 +0000] "GET /?p=155 HTTP/1.1" 404 3288 "-" "Mozilla/5.0 (compatible; Exabot/3.0; +http://www.exabot.com/go/robot)"
46.229.164.102 - - [25/May/2015:21:49:34 +0000] "GET /2009/09 HTTP/1.1" 404 3288 "-" "Mozilla/5.0 (compatible; SemrushBot/0.98~bl; +http://www.semrush.com/bot.html)"
58.62.139.143 - - [25/May/2015:22:04:47 +0000] "GET /2010/06/a-chaque-fois-que-je-parle-dapple-je-triple-mon-audience/ HTTP/1.1" 404 3288 "-" "Mozilla/4.0 (compatible; MSIE 6.0; Windows NT 5.1; SV1)"
68.180.228.157 - - [25/May/2015:22:06:05 +0000] "GET /tag/france/ HTTP/1.1" 404 3288 "-" "Mozilla/5.0 (compatible; Yahoo! Slurp; http://help.yahoo.com/help/us/ysearch/slurp)"
175.44.5.63 - - [25/May/2015:22:08:00 +0000] "GET /2013/user/register HTTP/1.1" 404 3288 "http://weblog.lo2k.net/2013/" "Mozilla/5.0 (Windows NT 6.1; rv:26.0) Gecko/20100101 Firefox/26.0"
46.151.52.238 - - [25/May/2015:22:09:48 +0000] "GET /2010/04/4-raisons-davoir-choisi-un-telephone-sous-android-plutot-quun-iphone/ HTTP/1.0" 404 8921 "http://weblog.lo2k.net/2010/04/4-raisons-davoir-choisi-un-telephone-sous-android-plutot-quun-iphone/" "Mozilla/5.0 (Windows NT 6.1; WOW64; rv:33.0) Gecko/20100101 Firefox/33.0"
46.151.52.238 - - [25/May/2015:22:09:49 +0000] "GET / HTTP/1.0" 200 9151 "http://weblog.lo2k.net/" "Mozilla/5.0 (Windows NT 6.1; WOW64; rv:33.0) Gecko/20100101 Firefox/33.0"
46.151.52.238 - - [25/May/2015:22:10:11 +0000] "GET /2010/04/4-raisons-davoir-choisi-un-telephone-sous-android-plutot-quun-iphone/ HTTP/1.0" 404 8921 "http://weblog.lo2k.net/2010/04/4-raisons-davoir-choisi-un-telephone-sous-android-plutot-quun-iphone/" "Mozilla/4.0 (compatible; MSIE 8.0; Windows NT 5.1; Trident/4.0; MRA 5.10 (build 5339); GTB7.5; .NET CLR 2.0.50727; .NET CLR 3.0.4506.2152; .NET CLR 3.5.30729; .NET4.0C; .NET4.0E; .NET CLR 1.1.4322)"
46.151.52.238 - - [25/May/2015:22:10:12 +0000] "GET / HTTP/1.0" 200 9151 "http://weblog.lo2k.net/" "Mozilla/4.0 (compatible; MSIE 8.0; Windows NT 5.1; Trident/4.0; MRA 5.10 (build 5339); GTB7.5; .NET CLR 2.0.50727; .NET CLR 3.0.4506.2152; .NET CLR 3.5.30729; .NET4.0C; .NET4.0E; .NET CLR 1.1.4322)"
46.229.164.99 - - [25/May/2015:22:11:17 +0000] "GET /2010/06/devinez-ce-que-cest HTTP/1.1" 404 3288 "-" "Mozilla/5.0 (compatible; SemrushBot/0.98~bl; +http://www.semrush.com/bot.html)"
66.249.85.195 - - [25/May/2015:22:27:27 +0000] "GET / HTTP/1.1" 200 5 "-" "Mozilla/5.0 (Windows NT 6.1; rv:6.0) Gecko/20110814 Firefox/6.0 Google favicon"
66.249.85.198 - - [25/May/2015:22:27:27 +0000] "GET /favicon.ico HTTP/1.1" 404 151 "-" "Mozilla/5.0 (Windows NT 6.1; rv:6.0) Gecko/20110814 Firefox/6.0 Google favicon"
46.229.164.113 - - [25/May/2015:22:30:20 +0000] "GET /2010/02 HTTP/1.1" 404 3288 "-" "Mozilla/5.0 (compatible; SemrushBot/0.98~bl; +http://www.semrush.com/bot.html)"
46.151.52.238 - - [25/May/2015:22:39:17 +0000] "GET /2010/04/4-raisons-davoir-choisi-un-telephone-sous-android-plutot-quun-iphone/ HTTP/1.0" 404 8921 "http://weblog.lo2k.net/2010/04/4-raisons-davoir-choisi-un-telephone-sous-android-plutot-quun-iphone/" "Mozilla/5.0 (Windows NT 6.2; WOW64) AppleWebKit/537.36 (KHTML, like Gecko) Chrome/39.0.2171.71 Safari/537.36"
46.151.52.238 - - [25/May/2015:22:39:17 +0000] "GET / HTTP/1.0" 200 9151 "http://weblog.lo2k.net/" "Mozilla/5.0 (Windows NT 6.2; WOW64) AppleWebKit/537.36 (KHTML, like Gecko) Chrome/39.0.2171.71 Safari/537.36"
178.154.243.102 - - [25/May/2015:22:39:48 +0000] "GET /tag/webdesign/ HTTP/1.1" 404 3288 "-" "Mozilla/5.0 (compatible; YandexBot/3.0; +http://yandex.com/bots)"
46.151.52.38 - - [25/May/2015:22:40:56 +0000] "GET /2010/04/4-raisons-davoir-choisi-un-telephone-sous-android-plutot-quun-iphone/ HTTP/1.0" 404 8921 "http://weblog.lo2k.net/2010/04/4-raisons-davoir-choisi-un-telephone-sous-android-plutot-quun-iphone/" "Mozilla/5.0 (Windows NT 6.3; WOW64) AppleWebKit/537.36 (KHTML, like Gecko) Chrome/39.0.2171.71 Safari/537.36"
46.151.52.38 - - [25/May/2015:22:40:57 +0000] "GET / HTTP/1.0" 200 9151 "http://weblog.lo2k.net/" "Mozilla/5.0 (Windows NT 6.3; WOW64) AppleWebKit/537.36 (KHTML, like Gecko) Chrome/39.0.2171.71 Safari/537.36"
46.229.164.99 - - [25/May/2015:22:44:47 +0000] "GET /2009/02/petite-seance-photos-au-luxembourg HTTP/1.1" 404 3288 "-" "Mozilla/5.0 (compatible; SemrushBot/0.98~bl; +http://www.semrush.com/bot.html)"
178.255.215.90 - - [25/May/2015:22:47:17 +0000] "GET /?p=334 HTTP/1.1" 404 3288 "-" "Mozilla/5.0 (compatible; Exabot/3.0; +http://www.exabot.com/go/robot)"
58.62.139.143 - - [25/May/2015:22:57:33 +0000] "GET /2010/06/a-chaque-fois-que-je-parle-dapple-je-triple-mon-audience/ HTTP/1.1" 404 3288 "-" "Mozilla/4.0 (compatible; MSIE 6.0; Windows NT 5.1; SV1; Mozilla/4.0 (compatible; MSIE 6.0; Windows NT 5.1; SV1) ; .NET CLR 1.0.3705)"
66.249.78.60 - - [25/May/2015:22:59:58 +0000] "GET / HTTP/1.1" 200 3156 "-" "Mozilla/5.0 (iPhone; CPU iPhone OS 6_0 like Mac OS X) AppleWebKit/536.26 (KHTML, like Gecko) Version/6.0 Mobile/10A5376e Safari/8536.25 (compatible; Googlebot/2.1; +http://www.google.com/bot.html)"
46.229.164.113 - - [25/May/2015:22:59:58 +0000] "GET /2010/08 HTTP/1.1" 404 3288 "-" "Mozilla/5.0 (compatible; SemrushBot/0.98~bl; +http://www.semrush.com/bot.html)"
66.249.78.60 - - [25/May/2015:23:02:08 +0000] "GET /wp-content/themes/twentyfifteen/genericons/genericons.css?ver=3.2 HTTP/1.1" 200 16580 "-" "Mozilla/5.0 (compatible; Googlebot/2.1; +http://www.google.com/bot.html)"
66.249.78.60 - - [25/May/2015:23:02:09 +0000] "GET /wp-content/themes/twentyfifteen/style.css?ver=4.2.2 HTTP/1.1" 200 13963 "-" "Mozilla/5.0 (compatible; Googlebot/2.1; +http://www.google.com/bot.html)"
46.229.164.111 - - [25/May/2015:23:08:21 +0000] "GET /2008/09 HTTP/1.1" 404 3288 "-" "Mozilla/5.0 (compatible; SemrushBot/0.98~bl; +http://www.semrush.com/bot.html)"
81.52.143.37 - - [25/May/2015:23:10:26 +0000] "GET /2009/02/petite-seance-photos-au-luxembourg/feed/ HTTP/1.1" 200 433 "-" "Mozilla/5.0 (compatible; OrangeBot/2.0; support.orangebot@orange.com)"
54.147.225.204 - - [25/May/2015:23:15:11 +0000] "GET /robots.txt HTTP/1.0" 200 35 "-" "CCBot/2.0 (http://commoncrawl.org/faq/)"
54.147.225.204 - - [25/May/2015:23:15:12 +0000] "GET /2010/05/et-demain-jaimerais-quoi/ HTTP/1.0" 404 8921 "-" "CCBot/2.0 (http://commoncrawl.org/faq/)"
46.229.164.114 - - [25/May/2015:23:15:13 +0000] "GET /tag/slideshow HTTP/1.1" 404 3288 "-" "Mozilla/5.0 (compatible; SemrushBot/0.98~bl; +http://www.semrush.com/bot.html)"
101.226.168.246 - - [25/May/2015:23:18:14 +0000] "GET / HTTP/1.1" 200 5 "http://meteora.lo2k.net/" "Mozilla/5.0 (Windows NT 6.1) AppleWebKit/537.1 (KHTML, like Gecko) Chrome/21.0.1180.89 Safari/537.1; 360Spider(compatible; HaosouSpider; http://www.haosou.com/help/help_3_2.html)"
182.118.45.224 - - [25/May/2015:23:18:24 +0000] "GET / HTTP/1.1" 200 5 "-" "Mozilla/4.0 (compatible; MSIE 8.0; Windows NT 6.1; Trident/4.0; SLCC2; .NET CLR 2.0.50727; .NET CLR 3.5.30729; .NET CLR 3.0.30729; Media Center PC 6.0)"
66.249.78.186 - - [25/May/2015:23:18:51 +0000] "GET /index.php HTTP/1.1" 404 151 "-" "Mozilla/5.0 (compatible; Googlebot/2.1; +http://www.google.com/bot.html)"
46.229.164.113 - - [25/May/2015:23:22:38 +0000] "GET /tag/humour-noir HTTP/1.1" 404 3288 "-" "Mozilla/5.0 (compatible; SemrushBot/0.98~bl; +http://www.semrush.com/bot.html)"
151.237.186.178 - - [25/May/2015:23:31:06 +0000] "GET /2010/04/4-raisons-davoir-choisi-un-telephone-sous-android-plutot-quun-iphone/ HTTP/1.0" 404 8921 "http://weblog.lo2k.net/" "Mozilla/5.0 (iPad; CPU OS 8_1_2 like Mac OS X) AppleWebKit/600.1.4 (KHTML, like Gecko) Version/8.0 Mobile/12B440 Safari/600.1.4"
151.237.186.178 - - [25/May/2015:23:31:08 +0000] "GET / HTTP/1.1" 200 3156 "http://weblog.lo2k.net" "Mozilla/5.0 (iPad; CPU OS 8_1_2 like Mac OS X) AppleWebKit/600.1.4 (KHTML, like Gecko) Version/8.0 Mobile/12B440 Safari/600.1.4"
151.237.186.178 - - [25/May/2015:23:31:09 +0000] "GET /wp-login.php HTTP/1.1" 200 1181 "http://weblog.lo2k.net" "Opera/9.80 (Windows NT 6.2; Win64; x64) Presto/2.12.388 Version/12.17"
151.237.186.178 - - [25/May/2015:23:31:10 +0000] "GET /wp-login.php?action=register HTTP/1.1" 302 0 "http://weblog.lo2k.net/wp-login.php" "Opera/9.80 (Windows NT 6.2; Win64; x64) Presto/2.12.388 Version/12.17"
151.237.186.178 - - [25/May/2015:23:31:10 +0000] "GET /wp-login.php?registration=disabled HTTP/1.1" 200 1248 "http://weblog.lo2k.net/wp-login.php" "Opera/9.80 (Windows NT 6.2; Win64; x64) Presto/2.12.388 Version/12.17"
46.229.164.111 - - [25/May/2015:23:32:26 +0000] "GET /2010/06/css3-et-degradation-de-design-pour-ie-ca-commence HTTP/1.1" 404 3288 "-" "Mozilla/5.0 (compatible; SemrushBot/0.98~bl; +http://www.semrush.com/bot.html)"
65.19.138.34 - - [25/May/2015:23:37:45 +0000] "GET /feed/ HTTP/1.1" 200 778 "-" "Feedly/1.0 (+http://www.feedly.com/fetcher.html; like FeedFetcher-Google)"
46.229.164.114 - - [25/May/2015:23:39:58 +0000] "GET /2009/10 HTTP/1.1" 404 3288 "-" "Mozilla/5.0 (compatible; SemrushBot/0.98~bl; +http://www.semrush.com/bot.html)"
209.133.111.211 - - [25/May/2015:23:47:23 +0000] "GET /robots.txt HTTP/1.1" 200 35 "-" "python-requests/2.2.1 CPython/2.7.3 Linux/3.2.0-56-generic"
209.133.111.211 - - [25/May/2015:23:47:24 +0000] "GET /feed/ HTTP/1.1" 200 778 "-" "rogerbot/1.0 (http://www.moz.com/dp/rogerbot, rogerbot-crawler@moz.com)"
209.133.111.211 - - [25/May/2015:23:47:26 +0000] "GET /comments/feed/ HTTP/1.1" 200 714 "-" "rogerbot/1.0 (http://www.moz.com/dp/rogerbot, rogerbot-crawler@moz.com)"
58.62.139.143 - - [25/May/2015:23:49:11 +0000] "GET /2010/06/a-chaque-fois-que-je-parle-dapple-je-triple-mon-audience/ HTTP/1.1" 404 3288 "-" "Mozilla/4.0 (compatible; MSIE 6.0; Windows NT 5.1; SV1; Mozilla/4.0 (compatible; MSIE 6.0; Windows NT 5.1; SV1) ; .NET CLR 1.0.3705)"
46.229.164.113 - - [25/May/2015:23:49:21 +0000] "GET /tag/france HTTP/1.1" 404 3288 "-" "Mozilla/5.0 (compatible; SemrushBot/0.98~bl; +http://www.semrush.com/bot.html)"
178.255.215.90 - - [25/May/2015:23:55:07 +0000] "GET /?p=167 HTTP/1.1" 404 3288 "-" "Mozilla/5.0 (compatible; Exabot/3.0; +http://www.exabot.com/go/robot)"
46.229.164.111 - - [25/May/2015:23:59:30 +0000] "GET /tag/experimental HTTP/1.1" 404 3288 "-" "Mozilla/5.0 (compatible; SemrushBot/0.98~bl; +http://www.semrush.com/bot.html)"
46.229.164.114 - - [26/May/2015:00:09:59 +0000] "GET /2010/05 HTTP/1.1" 404 3288 "-" "Mozilla/5.0 (compatible; SemrushBot/0.98~bl; +http://www.semrush.com/bot.html)"
46.229.164.111 - - [26/May/2015:00:18:52 +0000] "GET /tag/ann HTTP/1.1" 404 3288 "-" "Mozilla/5.0 (compatible; SemrushBot/0.98~bl; +http://www.semrush.com/bot.html)"
66.249.78.60 - - [26/May/2015:00:22:53 +0000] "GET /2009/01/explosion-des-stats/ HTTP/1.1" 404 3288 "-" "Mozilla/5.0 (compatible; Googlebot/2.1; +http://www.google.com/bot.html)"
195.154.58.67 - - [26/May/2015:00:24:54 +0000] "GET /2009/02/ps3-slideshow-on-flickr-with-html5-canvas/ HTTP/1.1" 404 3288 "http://weblog.lo2k.net/" "Mozilla/5.0 (iPhone; CPU iPhone OS 8_0_2 like Mac OS X) AppleWebKit/600.1.4 (KHTML, like Gecko) Version/8.0 Mobile/12A405 Safari/600.1.4"
195.154.58.67 - - [26/May/2015:00:24:54 +0000] "GET / HTTP/1.1" 200 3156 "http://weblog.lo2k.net" "Mozilla/5.0 (iPhone; CPU iPhone OS 8_0_2 like Mac OS X) AppleWebKit/600.1.4 (KHTML, like Gecko) Version/8.0 Mobile/12A405 Safari/600.1.4"
223.86.219.106 - - [26/May/2015:00:25:02 +0000] "GET /wp-login.php HTTP/1.1" 200 1181 "http://weblog.lo2k.net" "Opera/9.80 (Windows NT 6.2; Win64; x64) Presto/2.12.388 Version/12.17"
223.86.219.106 - - [26/May/2015:00:25:06 +0000] "GET /wp-login.php?action=register HTTP/1.1" 302 0 "http://weblog.lo2k.net/wp-login.php" "Opera/9.80 (Windows NT 6.2; Win64; x64) Presto/2.12.388 Version/12.17"
223.86.219.106 - - [26/May/2015:00:25:07 +0000] "GET /wp-login.php?registration=disabled HTTP/1.1" 200 1248 "http://weblog.lo2k.net/wp-login.php" "Opera/9.80 (Windows NT 6.2; Win64; x64) Presto/2.12.388 Version/12.17"
223.86.219.106 - - [26/May/2015:00:25:08 +0000] "GET / HTTP/1.1" 200 3156 "http://weblog.lo2k.net" "PHP/5.{3|2}.{1|2|3|4|5|6|7|8|9|0}{1|2|3|4|5|6|7|8|9|0}"
223.86.219.106 - - [26/May/2015:00:25:11 +0000] "POST /xmlrpc.php HTTP/1.1" 200 183 "http://weblog.lo2k.net" "PHP/5.3.93"
46.229.164.114 - - [26/May/2015:00:28:47 +0000] "GET /tag/neural HTTP/1.1" 404 3288 "-" "Mozilla/5.0 (compatible; SemrushBot/0.98~bl; +http://www.semrush.com/bot.html)"
123.125.71.92 - - [26/May/2015:00:34:18 +0000] "GET / HTTP/1.1" 200 5 "-" "Mozilla/5.0 (Windows NT 5.1; rv:6.0.2) Gecko/20100101 Firefox/6.0.2"
58.62.139.143 - - [26/May/2015:00:41:22 +0000] "GET /2010/06/a-chaque-fois-que-je-parle-dapple-je-triple-mon-audience/ HTTP/1.1" 404 3288 "-" "Mozilla/4.0 (compatible; MSIE 6.0; Windows NT 5.1; SV1; Mozilla/4.0 (compatible; MSIE 6.0; Windows NT 5.1; SV1) )"
46.229.164.102 - - [26/May/2015:00:52:00 +0000] "GET /2008/11/pourquoi-utiliser-git-plutot-que-svn?replytocom=3800 HTTP/1.1" 404 3313 "-" "Mozilla/5.0 (compatible; SemrushBot/0.98~bl; +http://www.semrush.com/bot.html)"
183.161.165.112 - - [26/May/2015:01:03:52 +0000] "GET /2013/04/node-tetrinet-released/ HTTP/1.1" 404 3288 "-" "Mozilla/4.0 (compatible; MSIE 6.0; Windows NT 5.1; SV1; Mozilla/4.0 (compatible; MSIE 6.0; Windows NT 5.1; SV1) ; .NET CLR 1.0.3705)"
68.180.228.157 - - [26/May/2015:01:04:37 +0000] "GET /tag/project/feed/ HTTP/1.1" 200 413 "-" "Mozilla/5.0 (compatible; Yahoo! Slurp; http://help.yahoo.com/help/us/ysearch/slurp)"
46.229.164.102 - - [26/May/2015:01:23:36 +0000] "GET /2011/02/faire-un-cluster-de-calcul-avec-javascript HTTP/1.1" 404 3288 "-" "Mozilla/5.0 (compatible; SemrushBot/0.98~bl; +http://www.semrush.com/bot.html)"
46.151.52.38 - - [26/May/2015:01:30:49 +0000] "GET /2010/04/4-raisons-davoir-choisi-un-telephone-sous-android-plutot-quun-iphone/ HTTP/1.0" 404 8921 "http://weblog.lo2k.net/2010/04/4-raisons-davoir-choisi-un-telephone-sous-android-plutot-quun-iphone/" "Mozilla/5.0 (Windows NT 6.3) AppleWebKit/537.36 (KHTML, like Gecko) Chrome/39.0.2171.71 Safari/537.36"
46.151.52.38 - - [26/May/2015:01:30:50 +0000] "GET / HTTP/1.0" 200 9151 "http://weblog.lo2k.net/" "Mozilla/5.0 (Windows NT 6.3) AppleWebKit/537.36 (KHTML, like Gecko) Chrome/39.0.2171.71 Safari/537.36"
172.17.42.1 - - [26/May/2015:01:42:32 +0000] "POST /wp-cron.php?doing_wp_cron=1432604551.9232399463653564453125 HTTP/1.0" 499 0 "-" "WordPress/4.2.2; http://weblog.lo2k.net"
68.180.228.157 - - [26/May/2015:01:42:33 +0000] "GET /2010/06/a-chaque-fois-que-je-parle-dapple-je-triple-mon-audience/ HTTP/1.1" 404 3288 "-" "Mozilla/5.0 (compatible; Yahoo! Slurp; http://help.yahoo.com/help/us/ysearch/slurp)"
68.180.228.157 - - [26/May/2015:01:44:17 +0000] "GET /2009/02/faire-des-tests-unitaires-fun-avec-cucumber-et-watir/feed/ HTTP/1.1" 200 443 "-" "Mozilla/5.0 (compatible; Yahoo! Slurp; http://help.yahoo.com/help/us/ysearch/slurp)"
72.74.17.122 - - [26/May/2015:01:53:22 +0000] "GET / HTTP/1.1" 200 5 "-" "Mozilla/5.0 (Macintosh; Intel Mac OS X 10.10; rv:37.0) Gecko/20100101 Firefox/37.0"
72.74.17.122 - - [26/May/2015:01:53:22 +0000] "GET /favicon.ico HTTP/1.1" 404 151 "-" "Mozilla/5.0 (Macintosh; Intel Mac OS X 10.10; rv:37.0) Gecko/20100101 Firefox/37.0"
72.74.17.122 - - [26/May/2015:01:53:22 +0000] "GET /favicon.ico HTTP/1.1" 404 151 "-" "Mozilla/5.0 (Macintosh; Intel Mac OS X 10.10; rv:37.0) Gecko/20100101 Firefox/37.0"
104.143.21.223 - - [26/May/2015:02:18:45 +0000] "GET /2010/04/4-raisons-davoir-choisi-un-telephone-sous-android-plutot-quun-iphone/ HTTP/1.0" 404 8921 "http://weblog.lo2k.net/" "Mozilla/5.0 (iPhone; CPU iPhone OS 8_0_2 like Mac OS X) AppleWebKit/600.1.4 (KHTML, like Gecko) Version/8.0 Mobile/12A405 Safari/600.1.4"
104.143.21.223 - - [26/May/2015:02:18:47 +0000] "GET / HTTP/1.1" 200 3156 "http://weblog.lo2k.net" "Mozilla/5.0 (iPhone; CPU iPhone OS 8_0_2 like Mac OS X) AppleWebKit/600.1.4 (KHTML, like Gecko) Version/8.0 Mobile/12A405 Safari/600.1.4"
104.143.21.223 - - [26/May/2015:02:18:48 +0000] "GET /wp-login.php HTTP/1.1" 200 1181 "http://weblog.lo2k.net" "Opera/9.80 (Windows NT 6.2; Win64; x64) Presto/2.12.388 Version/12.17"
104.143.21.223 - - [26/May/2015:02:18:50 +0000] "GET /wp-login.php?action=register HTTP/1.1" 302 0 "http://weblog.lo2k.net/wp-login.php" "Opera/9.80 (Windows NT 6.2; Win64; x64) Presto/2.12.388 Version/12.17"
104.143.21.223 - - [26/May/2015:02:18:51 +0000] "GET /wp-login.php?registration=disabled HTTP/1.1" 200 1248 "http://weblog.lo2k.net/wp-login.php" "Opera/9.80 (Windows NT 6.2; Win64; x64) Presto/2.12.388 Version/12.17"
104.143.21.223 - - [26/May/2015:02:18:52 +0000] "GET / HTTP/1.1" 200 3156 "http://weblog.lo2k.net" "PHP/5.{3|2}.{1|2|3|4|5|6|7|8|9|0}{1|2|3|4|5|6|7|8|9|0}"
104.143.21.223 - - [26/May/2015:02:18:53 +0000] "POST /xmlrpc.php HTTP/1.1" 200 183 "http://weblog.lo2k.net" "PHP/5.3.41"
46.229.164.114 - - [26/May/2015:02:20:20 +0000] "GET /2009/01/classement-des-appareils-nikon-sur-flickr HTTP/1.1" 404 3288 "-" "Mozilla/5.0 (compatible; SemrushBot/0.98~bl; +http://www.semrush.com/bot.html)"
46.229.164.113 - - [26/May/2015:02:33:45 +0000] "GET /tag/canvas HTTP/1.1" 404 3288 "-" "Mozilla/5.0 (compatible; SemrushBot/0.98~bl; +http://www.semrush.com/bot.html)"
123.125.71.94 - - [26/May/2015:02:35:48 +0000] "GET / HTTP/1.1" 200 3156 "-" "Mozilla/5.0 (Windows NT 5.1; rv:6.0.2) Gecko/20100101 Firefox/6.0.2"
123.125.71.94 - - [26/May/2015:02:36:58 +0000] "GET / HTTP/1.1" 200 9171 "-" "Mozilla/5.0 (Windows NT 5.1; rv:6.0.2) Gecko/20100101 Firefox/6.0.2"
65.19.138.34 - - [26/May/2015:02:37:51 +0000] "GET /feed/ HTTP/1.1" 200 778 "-" "Feedly/1.0 (+http://www.feedly.com/fetcher.html; like FeedFetcher-Google)"
46.151.52.64 - - [26/May/2015:02:38:40 +0000] "GET /2010/04/4-raisons-davoir-choisi-un-telephone-sous-android-plutot-quun-iphone/ HTTP/1.0" 404 8921 "http://weblog.lo2k.net/2010/04/4-raisons-davoir-choisi-un-telephone-sous-android-plutot-quun-iphone/" "Mozilla/5.0 (Windows NT 6.1) AppleWebKit/537.36 (KHTML, like Gecko) Chrome/39.0.2171.71 Safari/537.36"
46.151.52.64 - - [26/May/2015:02:38:40 +0000] "GET / HTTP/1.0" 200 9151 "http://weblog.lo2k.net/" "Mozilla/5.0 (Windows NT 6.1) AppleWebKit/537.36 (KHTML, like Gecko) Chrome/39.0.2171.71 Safari/537.36"
66.85.159.195 - - [26/May/2015:02:41:43 +0000] "GET /2010/04/4-raisons-davoir-choisi-un-telephone-sous-android-plutot-quun-iphone/ HTTP/1.0" 404 8921 "-" "Mozilla/5.0 (Windows NT 6.1) AppleWebKit/537.36 (KHTML, like Gecko) Chrome/41.0.2228.0 Safari/537.36"
46.229.164.114 - - [26/May/2015:02:45:48 +0000] "GET /tag/management HTTP/1.1" 404 3288 "-" "Mozilla/5.0 (compatible; SemrushBot/0.98~bl; +http://www.semrush.com/bot.html)"
96.44.151.211 - - [26/May/2015:02:53:35 +0000] "GET /2010/04/4-raisons-davoir-choisi-un-telephone-sous-android-plutot-quun-iphone/ HTTP/1.0" 404 8921 "http://weblog.lo2k.net/" "Mozilla/5.0 (iPhone; CPU iPhone OS 8_0_2 like Mac OS X) AppleWebKit/600.1.4 (KHTML, like Gecko) Version/8.0 Mobile/12A405 Safari/600.1.4"
96.44.151.211 - - [26/May/2015:02:53:37 +0000] "GET / HTTP/1.1" 200 3156 "http://weblog.lo2k.net" "Mozilla/5.0 (iPhone; CPU iPhone OS 8_0_2 like Mac OS X) AppleWebKit/600.1.4 (KHTML, like Gecko) Version/8.0 Mobile/12A405 Safari/600.1.4"
96.44.151.211 - - [26/May/2015:02:53:38 +0000] "GET /wp-login.php HTTP/1.1" 200 1181 "http://weblog.lo2k.net" "Opera/9.80 (Windows NT 6.2; Win64; x64) Presto/2.12.388 Version/12.17"
96.44.151.211 - - [26/May/2015:02:53:41 +0000] "GET /wp-login.php?action=register HTTP/1.1" 302 0 "http://weblog.lo2k.net/wp-login.php" "Opera/9.80 (Windows NT 6.2; Win64; x64) Presto/2.12.388 Version/12.17"
96.44.151.211 - - [26/May/2015:02:53:44 +0000] "GET /wp-login.php?registration=disabled HTTP/1.1" 200 1248 "http://weblog.lo2k.net/wp-login.php" "Opera/9.80 (Windows NT 6.2; Win64; x64) Presto/2.12.388 Version/12.17"
96.44.151.211 - - [26/May/2015:02:53:45 +0000] "GET / HTTP/1.1" 200 3156 "http://weblog.lo2k.net" "PHP/5.{3|2}.{1|2|3|4|5|6|7|8|9|0}{1|2|3|4|5|6|7|8|9|0}"
96.44.151.211 - - [26/May/2015:02:53:48 +0000] "POST /xmlrpc.php HTTP/1.1" 200 183 "http://weblog.lo2k.net" "PHP/5.3.68"
46.229.164.113 - - [26/May/2015:02:54:32 +0000] "GET /2008/09/rodemack-journee-du-patrimoine HTTP/1.1" 404 3288 "-" "Mozilla/5.0 (compatible; SemrushBot/0.98~bl; +http://www.semrush.com/bot.html)"
91.121.103.198 - - [26/May/2015:02:57:00 +0000] "GET /feed/ HTTP/1.1" 200 1756 "-" "Fever/1.39 (Feed Parser; http://feedafever.com; Allow like Gecko)"
157.55.39.185 - - [26/May/2015:02:58:25 +0000] "GET / HTTP/1.1" 200 3156 "-" "Mozilla/5.0 (compatible; bingbot/2.0; +http://www.bing.com/bingbot.htm)"
46.229.164.113 - - [26/May/2015:03:03:10 +0000] "GET /tag/project HTTP/1.1" 404 3288 "-" "Mozilla/5.0 (compatible; SemrushBot/0.98~bl; +http://www.semrush.com/bot.html)"
46.229.164.113 - - [26/May/2015:03:11:44 +0000] "GET /page/2 HTTP/1.1" 404 3288 "-" "Mozilla/5.0 (compatible; SemrushBot/0.98~bl; +http://www.semrush.com/bot.html)"
46.151.52.38 - - [26/May/2015:03:14:56 +0000] "GET /2010/04/4-raisons-davoir-choisi-un-telephone-sous-android-plutot-quun-iphone/ HTTP/1.0" 404 8921 "http://weblog.lo2k.net/2010/04/4-raisons-davoir-choisi-un-telephone-sous-android-plutot-quun-iphone/" "Mozilla/5.0 (Windows NT 6.1) AppleWebKit/537.36 (KHTML, like Gecko) Chrome/37.0.2062.124 Safari/537.36"
46.151.52.38 - - [26/May/2015:03:14:56 +0000] "GET / HTTP/1.0" 200 9151 "http://weblog.lo2k.net/" "Mozilla/5.0 (Windows NT 6.1) AppleWebKit/537.36 (KHTML, like Gecko) Chrome/37.0.2062.124 Safari/537.36"
46.151.52.77 - - [26/May/2015:03:16:58 +0000] "GET /2010/04/4-raisons-davoir-choisi-un-telephone-sous-android-plutot-quun-iphone/ HTTP/1.0" 404 8921 "http://weblog.lo2k.net/2010/04/4-raisons-davoir-choisi-un-telephone-sous-android-plutot-quun-iphone/" "Mozilla/5.0 (Windows NT 6.1; WOW64; rv:33.0) Gecko/20100101 Firefox/33.0"
46.151.52.77 - - [26/May/2015:03:16:58 +0000] "GET / HTTP/1.0" 200 9151 "http://weblog.lo2k.net/" "Mozilla/5.0 (Windows NT 6.1; WOW64; rv:33.0) Gecko/20100101 Firefox/33.0"
68.180.228.157 - - [26/May/2015:03:18:59 +0000] "GET /tag/guillaume-canet/ HTTP/1.1" 404 3288 "-" "Mozilla/5.0 (compatible; Yahoo! Slurp; http://help.yahoo.com/help/us/ysearch/slurp)"
46.229.164.111 - - [26/May/2015:03:21:14 +0000] "GET /tag/iphone HTTP/1.1" 404 3288 "-" "Mozilla/5.0 (compatible; SemrushBot/0.98~bl; +http://www.semrush.com/bot.html)"
46.151.52.62 - - [26/May/2015:03:23:03 +0000] "GET /2010/04/4-raisons-davoir-choisi-un-telephone-sous-android-plutot-quun-iphone/ HTTP/1.0" 404 8921 "http://weblog.lo2k.net/2010/04/4-raisons-davoir-choisi-un-telephone-sous-android-plutot-quun-iphone/" "Mozilla/5.0 (Windows NT 6.1) AppleWebKit/537.36 (KHTML, like Gecko) Chrome/37.0.2062.124 YaBrowser/14.10.2062.12061 Safari/537.36"
46.151.52.62 - - [26/May/2015:03:23:03 +0000] "GET / HTTP/1.0" 200 9151 "http://weblog.lo2k.net/" "Mozilla/5.0 (Windows NT 6.1) AppleWebKit/537.36 (KHTML, like Gecko) Chrome/37.0.2062.124 YaBrowser/14.10.2062.12061 Safari/537.36"
46.151.52.64 - - [26/May/2015:03:26:32 +0000] "GET /2010/04/4-raisons-davoir-choisi-un-telephone-sous-android-plutot-quun-iphone/ HTTP/1.0" 404 8921 "http://weblog.lo2k.net/2010/04/4-raisons-davoir-choisi-un-telephone-sous-android-plutot-quun-iphone/" "Opera/9.80 (Windows NT 6.1; WOW64) Presto/2.12.388 Version/12.17"
46.151.52.64 - - [26/May/2015:03:26:33 +0000] "GET / HTTP/1.0" 200 9151 "http://weblog.lo2k.net/" "Opera/9.80 (Windows NT 6.1; WOW64) Presto/2.12.388 Version/12.17"
46.229.164.111 - - [26/May/2015:03:32:24 +0000] "GET /tag/ajax HTTP/1.1" 404 3288 "-" "Mozilla/5.0 (compatible; SemrushBot/0.98~bl; +http://www.semrush.com/bot.html)"
91.200.12.41 - - [26/May/2015:03:40:58 +0000] "GET / HTTP/1.1" 200 3156 "-" "Mozilla/4.0 (compatible; MSIE 6.0; Windows NT 5.1; SV1; Mozilla/4.0 (compatible; MSIE 6.0; Windows NT 5.1; SV1) )"
91.200.12.41 - - [26/May/2015:03:40:59 +0000] "POST /trackback/ HTTP/1.1" 404 3288 "http://weblog.lo2k.net" "Mozilla/4.0 (compatible; MSIE 6.0; Windows NT 5.1; SV1; Mozilla/4.0 (compatible; MSIE 6.0; Windows NT 5.1; SV1) ; .NET CLR 1.0.3705)"
46.229.164.111 - - [26/May/2015:03:42:40 +0000] "GET /2010/05/et-demain-jaimerais-quoi HTTP/1.1" 404 3288 "-" "Mozilla/5.0 (compatible; SemrushBot/0.98~bl; +http://www.semrush.com/bot.html)"
209.133.111.211 - - [26/May/2015:03:49:28 +0000] "GET /robots.txt HTTP/1.1" 200 35 "-" "python-requests/2.2.1 CPython/2.7.3 Linux/3.2.0-56-generic"
209.133.111.211 - - [26/May/2015:03:49:29 +0000] "GET /feed/ HTTP/1.1" 200 778 "-" "rogerbot/1.0 (http://www.moz.com/dp/rogerbot, rogerbot-crawler@moz.com)"
209.133.111.211 - - [26/May/2015:03:49:32 +0000] "GET /comments/feed/ HTTP/1.1" 200 714 "-" "rogerbot/1.0 (http://www.moz.com/dp/rogerbot, rogerbot-crawler@moz.com)"
46.229.164.99 - - [26/May/2015:03:51:51 +0000] "GET /2010/06/photos-de-bretagne HTTP/1.1" 404 3288 "-" "Mozilla/5.0 (compatible; SemrushBot/0.98~bl; +http://www.semrush.com/bot.html)"
65.55.213.244 - - [26/May/2015:03:54:08 +0000] "GET /robots.txt HTTP/1.1" 200 35 "-" "msnbot/2.0b (+http://search.msn.com/msnbot.htm)"
65.55.213.244 - - [26/May/2015:03:54:10 +0000] "GET /sitemap.xml.gz HTTP/1.1" 404 3288 "-" "msnbot/2.0b (+http://search.msn.com/msnbot.htm)"
93.186.202.241 - - [26/May/2015:03:56:40 +0000] "GET /2009/02/ps3-slideshow-on-flickr-with-html5-canvas/ HTTP/1.1" 404 8941 "-" "Mozilla/5.0 (compatible; MSIE 10.0; Windows NT 6.1; Trident/5.0)"
66.249.78.67 - - [26/May/2015:03:57:55 +0000] "GET / HTTP/1.1" 200 3156 "-" "Mozilla/5.0 (compatible; Googlebot/2.1; +http://www.google.com/bot.html)"
46.229.164.99 - - [26/May/2015:04:04:21 +0000] "GET /tag/ps3 HTTP/1.1" 404 3288 "-" "Mozilla/5.0 (compatible; SemrushBot/0.98~bl; +http://www.semrush.com/bot.html)"
123.125.71.30 - - [26/May/2015:04:21:54 +0000] "GET / HTTP/1.1" 200 5 "-" "Mozilla/5.0 (Windows NT 5.1; rv:6.0.2) Gecko/20100101 Firefox/6.0.2"
66.249.78.74 - - [26/May/2015:04:22:01 +0000] "GET /2010/06/pourquoi-liphone-rend-mechant/ HTTP/1.1" 404 3288 "-" "Mozilla/5.0 (compatible; Googlebot/2.1; +http://www.google.com/bot.html)"
46.229.164.99 - - [26/May/2015:04:22:37 +0000] "GET /tag/android HTTP/1.1" 404 3288 "-" "Mozilla/5.0 (compatible; SemrushBot/0.98~bl; +http://www.semrush.com/bot.html)"
66.249.78.67 - - [26/May/2015:04:34:09 +0000] "GET /sitemap.xml.gz HTTP/1.1" 404 3288 "-" "Mozilla/5.0 (compatible; Googlebot/2.1; +http://www.google.com/bot.html)"
157.55.39.178 - - [26/May/2015:04:40:15 +0000] "GET /2010/06/pourquoi-liphone-rend-mechant/ HTTP/1.1" 404 3288 "-" "Mozilla/5.0 (compatible; bingbot/2.0; +http://www.bing.com/bingbot.htm)"
46.229.164.102 - - [26/May/2015:04:44:10 +0000] "GET /tag/code HTTP/1.1" 404 3288 "-" "Mozilla/5.0 (compatible; SemrushBot/0.98~bl; +http://www.semrush.com/bot.html)"
90.50.90.85 - - [26/May/2015:04:53:48 +0000] "GET /2008/11/pourquoi-utiliser-git-plutot-que-svn/ HTTP/1.1" 404 3288 "-" "Mozilla/5.0 (iPad; CPU OS 8_1_3 like Mac OS X) AppleWebKit/600.1.4 (KHTML, like Gecko) Version/8.0 Mobile/12B466 Safari/600.1.4"
90.50.90.85 - - [26/May/2015:04:53:48 +0000] "GET /wp-includes/js/wp-emoji-release.min.js?ver=4.2.2 HTTP/1.1" 200 4284 "http://weblog.lo2k.net/2008/11/pourquoi-utiliser-git-plutot-que-svn/" "Mozilla/5.0 (iPad; CPU OS 8_1_3 like Mac OS X) AppleWebKit/600.1.4 (KHTML, like Gecko) Version/8.0 Mobile/12B466 Safari/600.1.4"
90.50.90.85 - - [26/May/2015:04:53:48 +0000] "GET /wp-includes/js/jquery/jquery-migrate.min.js?ver=1.2.1 HTTP/1.1" 200 3068 "http://weblog.lo2k.net/2008/11/pourquoi-utiliser-git-plutot-que-svn/" "Mozilla/5.0 (iPad; CPU OS 8_1_3 like Mac OS X) AppleWebKit/600.1.4 (KHTML, like Gecko) Version/8.0 Mobile/12B466 Safari/600.1.4"
90.50.90.85 - - [26/May/2015:04:53:48 +0000] "GET /wp-content/themes/twentyfifteen/genericons/genericons.css?ver=3.2 HTTP/1.1" 200 16580 "http://weblog.lo2k.net/2008/11/pourquoi-utiliser-git-plutot-que-svn/" "Mozilla/5.0 (iPad; CPU OS 8_1_3 like Mac OS X) AppleWebKit/600.1.4 (KHTML, like Gecko) Version/8.0 Mobile/12B466 Safari/600.1.4"
90.50.90.85 - - [26/May/2015:04:53:48 +0000] "GET /wp-content/themes/twentyfifteen/style.css?ver=4.2.2 HTTP/1.1" 200 13963 "http://weblog.lo2k.net/2008/11/pourquoi-utiliser-git-plutot-que-svn/" "Mozilla/5.0 (iPad; CPU OS 8_1_3 like Mac OS X) AppleWebKit/600.1.4 (KHTML, like Gecko) Version/8.0 Mobile/12B466 Safari/600.1.4"
90.50.90.85 - - [26/May/2015:04:53:48 +0000] "GET /wp-content/themes/twentyfifteen/js/skip-link-focus-fix.js?ver=20141010 HTTP/1.1" 200 445 "http://weblog.lo2k.net/2008/11/pourquoi-utiliser-git-plutot-que-svn/" "Mozilla/5.0 (iPad; CPU OS 8_1_3 like Mac OS X) AppleWebKit/600.1.4 (KHTML, like Gecko) Version/8.0 Mobile/12B466 Safari/600.1.4"
90.50.90.85 - - [26/May/2015:04:53:48 +0000] "GET /wp-includes/js/jquery/jquery.js?ver=1.11.2 HTTP/1.1" 200 33287 "http://weblog.lo2k.net/2008/11/pourquoi-utiliser-git-plutot-que-svn/" "Mozilla/5.0 (iPad; CPU OS 8_1_3 like Mac OS X) AppleWebKit/600.1.4 (KHTML, like Gecko) Version/8.0 Mobile/12B466 Safari/600.1.4"
90.50.90.85 - - [26/May/2015:04:53:48 +0000] "GET /wp-content/themes/twentyfifteen/js/functions.js?ver=20150330 HTTP/1.1" 200 1597 "http://weblog.lo2k.net/2008/11/pourquoi-utiliser-git-plutot-que-svn/" "Mozilla/5.0 (iPad; CPU OS 8_1_3 like Mac OS X) AppleWebKit/600.1.4 (KHTML, like Gecko) Version/8.0 Mobile/12B466 Safari/600.1.4"
90.50.90.85 - - [26/May/2015:04:53:49 +0000] "GET /wp-content/themes/twentyfifteen/genericons/Genericons.svg HTTP/1.1" 200 78913 "http://weblog.lo2k.net/2008/11/pourquoi-utiliser-git-plutot-que-svn/" "Mozilla/5.0 (iPad; CPU OS 8_1_3 like Mac OS X) AppleWebKit/600.1.4 (KHTML, like Gecko) Version/8.0 Mobile/12B466 Safari/600.1.4"
90.50.90.85 - - [26/May/2015:04:53:56 +0000] "GET /2008/11/pourquoi-utiliser-git-plutot-que-svn/ HTTP/1.1" 404 3288 "-" "Mozilla/5.0 (iPad; CPU OS 8_1_3 like Mac OS X) AppleWebKit/600.1.4 (KHTML, like Gecko) Version/8.0 Mobile/12B466 Safari/600.1.4"
90.50.90.85 - - [26/May/2015:04:53:59 +0000] "GET /2008/11/pourquoi-utiliser-git-plutot-que-svn/ HTTP/1.1" 404 3288 "-" "Mozilla/5.0 (iPad; CPU OS 8_1_3 like Mac OS X) AppleWebKit/600.1.4 (KHTML, like Gecko) Version/8.0 Mobile/12B466 Safari/600.1.4"
